{"type":"suite","event":"started","test_count":41}
{"type":"test","event":"started","name":"Feature: Parsing /Users/work/Work/cucumber/tests/features/wait/invalid.feature"}
{"type":"test","event":"failed","name":"Feature: Parsing /Users/work/Work/cucumber/tests/features/wait/invalid.feature","stdout":"Failed to parse feature: Could not parse feature file: /Users/work/Work/cucumber/tests/features/wait/invalid.feature"}
{"type":"test","event":"started","name":"Feature: Basic /Users/work/Work/cucumber/tests/features/wait/rule.feature::6: Scenario: 1 sec::3: Background Given 1 sec"}
{"type":"test","event":"ok","name":"Feature: Basic /Users/work/Work/cucumber/tests/features/wait/rule.feature::6: Scenario: 1 sec::3: Background Given 1 sec"}
{"type":"test","event":"started","name":"Feature: Basic /Users/work/Work/cucumber/tests/features/wait/rule.feature::6: Scenario: 1 sec::7:  Given 1 sec"}
{"type":"test","event":"ok","name":"Feature: Basic /Users/work/Work/cucumber/tests/features/wait/rule.feature::6: Scenario: 1 sec::7:  Given 1 sec"}
{"type":"test","event":"started","name":"Feature: Basic /Users/work/Work/cucumber/tests/features/wait/rule.feature::6: Scenario: 1 sec::8:  When 1 sec"}
{"type":"test","event":"ok","name":"Feature: Basic /Users/work/Work/cucumber/tests/features/wait/rule.feature::6: Scenario: 1 sec::8:  When 1 sec"}
{"type":"test","event":"started","name":"Feature: Basic /Users/work/Work/cucumber/tests/features/wait/rule.feature::6: Scenario: 1 sec::9:  Then unknown"}
{"type":"test","event":"ignored","name":"Feature: Basic /Users/work/Work/cucumber/tests/features/wait/rule.feature::6: Scenario: 1 sec::9:  Then unknown"}
{"type":"test","event":"started","name":"Feature: Basic /Users/work/Work/cucumber/tests/features/wait/rule.feature::12: Rule: rule::14: Scenario: 2 secs::3: Background Given 1 sec"}
{"type":"test","event":"ok","name":"Feature: Basic /Users/work/Work/cucumber/tests/features/wait/rule.feature::12: Rule: rule::14: Scenario: 2 secs::3: Background Given 1 sec"}
{"type":"test","event":"started","name":"Feature: Basic /Users/work/Work/cucumber/tests/features/wait/rule.feature::12: Rule: rule::14: Scenario: 2 secs::15:  Given 2 secs"}
{"type":"test","event":"ok","name":"Feature: Basic /Users/work/Work/cucumber/tests/features/wait/rule.feature::12: Rule: rule::14: Scenario: 2 secs::15:  Given 2 secs"}
{"type":"test","event":"started","name":"Feature: Basic /Users/work/Work/cucumber/tests/features/wait/rule.feature::12: Rule: rule::14: Scenario: 2 secs::16:  When 2 secs"}
{"type":"test","event":"ok","name":"Feature: Basic /Users/work/Work/cucumber/tests/features/wait/rule.feature::12: Rule: rule::14: Scenario: 2 secs::16:  When 2 secs"}
{"type":"test","event":"started","name":"Feature: Basic /Users/work/Work/cucumber/tests/features/wait/rule.feature::12: Rule: rule::14: Scenario: 2 secs::17:  Then 2 secs"}
{"type":"test","event":"failed","name":"Feature: Basic /Users/work/Work/cucumber/tests/features/wait/rule.feature::12: Rule: rule::14: Scenario: 2 secs::17:  Then 2 secs","stdout":"Step panicked. Captured output: Too much!\nWorld(\n    4,\n)"}
{"type":"test","event":"started","name":"Feature: Basic /Users/work/Work/cucumber/tests/features/wait/nested/rule.feature::6: Scenario: 1 sec::3: Background Given 1 sec"}
{"type":"test","event":"ok","name":"Feature: Basic /Users/work/Work/cucumber/tests/features/wait/nested/rule.feature::6: Scenario: 1 sec::3: Background Given 1 sec"}
{"type":"test","event":"started","name":"Feature: Basic /Users/work/Work/cucumber/tests/features/wait/nested/rule.feature::6: Scenario: 1 sec::7:  Given 1 sec"}
{"type":"test","event":"ok","name":"Feature: Basic /Users/work/Work/cucumber/tests/features/wait/nested/rule.feature::6: Scenario: 1 sec::7:  Given 1 sec"}
{"type":"test","event":"started","name":"Feature: Basic /Users/work/Work/cucumber/tests/features/wait/nested/rule.feature::6: Scenario: 1 sec::8:  When 1 sec"}
{"type":"test","event":"ok","name":"Feature: Basic /Users/work/Work/cucumber/tests/features/wait/nested/rule.feature::6: Scenario: 1 sec::8:  When 1 sec"}
{"type":"test","event":"started","name":"Feature: Basic /Users/work/Work/cucumber/tests/features/wait/nested/rule.feature::6: Scenario: 1 sec::9:  Then unknown"}
{"type":"test","event":"ignored","name":"Feature: Basic /Users/work/Work/cucumber/tests/features/wait/nested/rule.feature::6: Scenario: 1 sec::9:  Then unknown"}
{"type":"test","event":"started","name":"Feature: Basic /Users/work/Work/cucumber/tests/features/wait/nested/rule.feature::12: Rule: rule::14: Scenario: 2 secs::3: Background Given 1 sec"}
{"type":"test","event":"ok","name":"Feature: Basic /Users/work/Work/cucumber/tests/features/wait/nested/rule.feature::12: Rule: rule::14: Scenario: 2 secs::3: Background Given 1 sec"}
{"type":"test","event":"started","name":"Feature: Basic /Users/work/Work/cucumber/tests/features/wait/nested/rule.feature::12: Rule: rule::14: Scenario: 2 secs::15:  Given 2 secs"}
{"type":"test","event":"ok","name":"Feature: Basic /Users/work/Work/cucumber/tests/features/wait/nested/rule.feature::12: Rule: rule::14: Scenario: 2 secs::15:  Given 2 secs"}
{"type":"test","event":"started","name":"Feature: Basic /Users/work/Work/cucumber/tests/features/wait/nested/rule.feature::12: Rule: rule::14: Scenario: 2 secs::16:  When 2 secs"}
{"type":"test","event":"ok","name":"Feature: Basic /Users/work/Work/cucumber/tests/features/wait/nested/rule.feature::12: Rule: rule::14: Scenario: 2 secs::16:  When 2 secs"}
{"type":"test","event":"started","name":"Feature: Basic /Users/work/Work/cucumber/tests/features/wait/nested/rule.feature::12: Rule: rule::14: Scenario: 2 secs::17:  Then 2 secs"}
{"type":"test","event":"failed","name":"Feature: Basic /Users/work/Work/cucumber/tests/features/wait/nested/rule.feature::12: Rule: rule::14: Scenario: 2 secs::17:  Then 2 secs","stdout":"Step panicked. Captured output: Too much!\nWorld(\n    4,\n)"}
{"type":"test","event":"started","name":"Feature: Outline /Users/work/Work/cucumber/tests/features/wait/outline.feature::14: Scenario Outline: wait::5:  Given 2 secs"}
{"type":"test","event":"ok","name":"Feature: Outline /Users/work/Work/cucumber/tests/features/wait/outline.feature::14: Scenario Outline: wait::5:  Given 2 secs"}
{"type":"test","event":"started","name":"Feature: Outline /Users/work/Work/cucumber/tests/features/wait/outline.feature::14: Scenario Outline: wait::6:  When 2 secs"}
{"type":"test","event":"ok","name":"Feature: Outline /Users/work/Work/cucumber/tests/features/wait/outline.feature::14: Scenario Outline: wait::6:  When 2 secs"}
{"type":"test","event":"started","name":"Feature: Outline /Users/work/Work/cucumber/tests/features/wait/outline.feature::14: Scenario Outline: wait::7:  Then 2 secs"}
{"type":"test","event":"ok","name":"Feature: Outline /Users/work/Work/cucumber/tests/features/wait/outline.feature::14: Scenario Outline: wait::7:  Then 2 secs"}
{"type":"test","event":"started","name":"Feature: Outline /Users/work/Work/cucumber/tests/features/wait/outline.feature::15: Scenario Outline: wait::5:  Given 1 secs"}
{"type":"test","event":"ok","name":"Feature: Outline /Users/work/Work/cucumber/tests/features/wait/outline.feature::15: Scenario Outline: wait::5:  Given 1 secs"}
{"type":"test","event":"started","name":"Feature: Outline /Users/work/Work/cucumber/tests/features/wait/outline.feature::15: Scenario Outline: wait::6:  When 1 secs"}
{"type":"test","event":"ok","name":"Feature: Outline /Users/work/Work/cucumber/tests/features/wait/outline.feature::15: Scenario Outline: wait::6:  When 1 secs"}
{"type":"test","event":"started","name":"Feature: Outline /Users/work/Work/cucumber/tests/features/wait/outline.feature::15: Scenario Outline: wait::7:  Then 1 secs"}
{"type":"test","event":"ok","name":"Feature: Outline /Users/work/Work/cucumber/tests/features/wait/outline.feature::15: Scenario Outline: wait::7:  Then 1 secs"}
{"type":"test","event":"started","name":"Feature: Outline /Users/work/Work/cucumber/tests/features/wait/outline.feature::16: Scenario Outline: wait::5:  Given 1 secs"}
{"type":"test","event":"ok","name":"Feature: Outline /Users/work/Work/cucumber/tests/features/wait/outline.feature::16: Scenario Outline: wait::5:  Given 1 secs"}
{"type":"test","event":"started","name":"Feature: Outline /Users/work/Work/cucumber/tests/features/wait/outline.feature::16: Scenario Outline: wait::6:  When 1 secs"}
{"type":"test","event":"ok","name":"Feature: Outline /Users/work/Work/cucumber/tests/features/wait/outline.feature::16: Scenario Outline: wait::6:  When 1 secs"}
{"type":"test","event":"started","name":"Feature: Outline /Users/work/Work/cucumber/tests/features/wait/outline.feature::16: Scenario Outline: wait::7:  Then 1 secs"}
{"type":"test","event":"ok","name":"Feature: Outline /Users/work/Work/cucumber/tests/features/wait/outline.feature::16: Scenario Outline: wait::7:  Then 1 secs"}
{"type":"test","event":"started","name":"Feature: Outline /Users/work/Work/cucumber/tests/features/wait/outline.feature::21: Scenario Outline: wait::5:  Given 5 secs"}
{"type":"test","event":"ok","name":"Feature: Outline /Users/work/Work/cucumber/tests/features/wait/outline.feature::21: Scenario Outline: wait::5:  Given 5 secs"}
{"type":"test","event":"started","name":"Feature: Outline /Users/work/Work/cucumber/tests/features/wait/outline.feature::21: Scenario Outline: wait::6:  When 5 secs"}
{"type":"test","event":"ok","name":"Feature: Outline /Users/work/Work/cucumber/tests/features/wait/outline.feature::21: Scenario Outline: wait::6:  When 5 secs"}
{"type":"test","event":"started","name":"Feature: Outline /Users/work/Work/cucumber/tests/features/wait/outline.feature::21: Scenario Outline: wait::7:  Then 5 secs"}
{"type":"test","event":"ok","name":"Feature: Outline /Users/work/Work/cucumber/tests/features/wait/outline.feature::21: Scenario Outline: wait::7:  Then 5 secs"}
{"type":"test","event":"started","name":"Feature: Rule Outline /Users/work/Work/cucumber/tests/features/wait/rule_outline.feature::3: Rule: To them all::11: Scenario Outline: wait::5:  Given 2 secs"}
{"type":"test","event":"ok","name":"Feature: Rule Outline /Users/work/Work/cucumber/tests/features/wait/rule_outline.feature::3: Rule: To them all::11: Scenario Outline: wait::5:  Given 2 secs"}
{"type":"test","event":"started","name":"Feature: Rule Outline /Users/work/Work/cucumber/tests/features/wait/rule_outline.feature::3: Rule: To them all::11: Scenario Outline: wait::6:  When 2 secs"}
{"type":"test","event":"ok","name":"Feature: Rule Outline /Users/work/Work/cucumber/tests/features/wait/rule_outline.feature::3: Rule: To them all::11: Scenario Outline: wait::6:  When 2 secs"}
{"type":"test","event":"started","name":"Feature: Rule Outline /Users/work/Work/cucumber/tests/features/wait/rule_outline.feature::3: Rule: To them all::11: Scenario Outline: wait::7:  Then 2 secs"}
{"type":"test","event":"ok","name":"Feature: Rule Outline /Users/work/Work/cucumber/tests/features/wait/rule_outline.feature::3: Rule: To them all::11: Scenario Outline: wait::7:  Then 2 secs"}
{"type":"test","event":"started","name":"Feature: Rule Outline /Users/work/Work/cucumber/tests/features/wait/rule_outline.feature::3: Rule: To them all::12: Scenario Outline: wait::5:  Given 1 secs"}
{"type":"test","event":"ok","name":"Feature: Rule Outline /Users/work/Work/cucumber/tests/features/wait/rule_outline.feature::3: Rule: To them all::12: Scenario Outline: wait::5:  Given 1 secs"}
{"type":"test","event":"started","name":"Feature: Rule Outline /Users/work/Work/cucumber/tests/features/wait/rule_outline.feature::3: Rule: To them all::12: Scenario Outline: wait::6:  When 1 secs"}
{"type":"test","event":"ok","name":"Feature: Rule Outline /Users/work/Work/cucumber/tests/features/wait/rule_outline.feature::3: Rule: To them all::12: Scenario Outline: wait::6:  When 1 secs"}
{"type":"test","event":"started","name":"Feature: Rule Outline /Users/work/Work/cucumber/tests/features/wait/rule_outline.feature::3: Rule: To them all::12: Scenario Outline: wait::7:  Then 1 secs"}
{"type":"test","event":"ok","name":"Feature: Rule Outline /Users/work/Work/cucumber/tests/features/wait/rule_outline.feature::3: Rule: To them all::12: Scenario Outline: wait::7:  Then 1 secs"}
{"type":"test","event":"started","name":"Feature: Rule Outline /Users/work/Work/cucumber/tests/features/wait/rule_outline.feature::3: Rule: To them all::13: Scenario Outline: wait::5:  Given 1 secs"}
{"type":"test","event":"ok","name":"Feature: Rule Outline /Users/work/Work/cucumber/tests/features/wait/rule_outline.feature::3: Rule: To them all::13: Scenario Outline: wait::5:  Given 1 secs"}
{"type":"test","event":"started","name":"Feature: Rule Outline /Users/work/Work/cucumber/tests/features/wait/rule_outline.feature::3: Rule: To them all::13: Scenario Outline: wait::6:  When 1 secs"}
{"type":"test","event":"ok","name":"Feature: Rule Outline /Users/work/Work/cucumber/tests/features/wait/rule_outline.feature::3: Rule: To them all::13: Scenario Outline: wait::6:  When 1 secs"}
{"type":"test","event":"started","name":"Feature: Rule Outline /Users/work/Work/cucumber/tests/features/wait/rule_outline.feature::3: Rule: To them all::13: Scenario Outline: wait::7:  Then 1 secs"}
{"type":"test","event":"ok","name":"Feature: Rule Outline /Users/work/Work/cucumber/tests/features/wait/rule_outline.feature::3: Rule: To them all::13: Scenario Outline: wait::7:  Then 1 secs"}
{"type":"test","event":"started","name":"Feature: Rule Outline /Users/work/Work/cucumber/tests/features/wait/rule_outline.feature::3: Rule: To them all::14: Scenario Outline: wait::5:  Given 5 secs"}
{"type":"test","event":"ok","name":"Feature: Rule Outline /Users/work/Work/cucumber/tests/features/wait/rule_outline.feature::3: Rule: To them all::14: Scenario Outline: wait::5:  Given 5 secs"}
{"type":"test","event":"started","name":"Feature: Rule Outline /Users/work/Work/cucumber/tests/features/wait/rule_outline.feature::3: Rule: To them all::14: Scenario Outline: wait::6:  When 5 secs"}
{"type":"test","event":"ok","name":"Feature: Rule Outline /Users/work/Work/cucumber/tests/features/wait/rule_outline.feature::3: Rule: To them all::14: Scenario Outline: wait::6:  When 5 secs"}
{"type":"test","event":"started","name":"Feature: Rule Outline /Users/work/Work/cucumber/tests/features/wait/rule_outline.feature::3: Rule: To them all::14: Scenario Outline: wait::7:  Then 5 secs"}
{"type":"test","event":"ok","name":"Feature: Rule Outline /Users/work/Work/cucumber/tests/features/wait/rule_outline.feature::3: Rule: To them all::14: Scenario Outline: wait::7:  Then 5 secs"}
{"type":"suite","event":"failed","passed":36,"failed":3,"ignored":2,"measured":0,"filtered_out":0,"exec_time":0.029614}
