Started
Feature(Feature { keyword: "Feature", name: "ambiguous", description: None, background: None, scenarios: [Scenario { keyword: "Scenario", name: "ambiguous", steps: [Step { keyword: "Given", ty: Given, value: "foo is 0 ambiguous", docstring: None, table: None, position: LineCol { line: 3, col: 5 } }], examples: [], tags: [], position: LineCol { line: 2, col: 3 } }], rules: [], tags: [], position: LineCol { line: 1, col: 1 }, }, Started)
Feature(Feature { keyword: "Feature", name: "ambiguous", description: None, background: None, scenarios: [Scenario { keyword: "Scenario", name: "ambiguous", steps: [Step { keyword: "Given", ty: Given, value: "foo is 0 ambiguous", docstring: None, table: None, position: LineCol { line: 3, col: 5 } }], examples: [], tags: [], position: LineCol { line: 2, col: 3 } }], rules: [], tags: [], position: LineCol { line: 1, col: 1 }, }, Scenario(Scenario { keyword: "Scenario", name: "ambiguous", steps: [Step { keyword: "Given", ty: Given, value: "foo is 0 ambiguous", docstring: None, table: None, position: LineCol { line: 3, col: 5 } }], examples: [], tags: [], position: LineCol { line: 2, col: 3 } }, Started))
Feature(Feature { keyword: "Feature", name: "ambiguous", description: None, background: None, scenarios: [Scenario { keyword: "Scenario", name: "ambiguous", steps: [Step { keyword: "Given", ty: Given, value: "foo is 0 ambiguous", docstring: None, table: None, position: LineCol { line: 3, col: 5 } }], examples: [], tags: [], position: LineCol { line: 2, col: 3 } }], rules: [], tags: [], position: LineCol { line: 1, col: 1 }, }, Scenario(Scenario { keyword: "Scenario", name: "ambiguous", steps: [Step { keyword: "Given", ty: Given, value: "foo is 0 ambiguous", docstring: None, table: None, position: LineCol { line: 3, col: 5 } }], examples: [], tags: [], position: LineCol { line: 2, col: 3 } }, Step(Step { keyword: "Given", ty: Given, value: "foo is 0 ambiguous", docstring: None, table: None, position: LineCol { line: 3, col: 5 } }, Started)))
Feature(Feature { keyword: "Feature", name: "ambiguous", description: None, background: None, scenarios: [Scenario { keyword: "Scenario", name: "ambiguous", steps: [Step { keyword: "Given", ty: Given, value: "foo is 0 ambiguous", docstring: None, table: None, position: LineCol { line: 3, col: 5 } }], examples: [], tags: [], position: LineCol { line: 2, col: 3 } }], rules: [], tags: [], position: LineCol { line: 1, col: 1 }, }, Scenario(Scenario { keyword: "Scenario", name: "ambiguous", steps: [Step { keyword: "Given", ty: Given, value: "foo is 0 ambiguous", docstring: None, table: None, position: LineCol { line: 3, col: 5 } }], examples: [], tags: [], position: LineCol { line: 2, col: 3 } }, Step(Step { keyword: "Given", ty: Given, value: "foo is 0 ambiguous", docstring: None, table: None, position: LineCol { line: 3, col: 5 } }, Failed(None, None, AmbiguousMatch(AmbiguousMatchError { possible_matches: [(HashableRegex(foo is (\d+)), Some(Location { line: 14, column: 1 })), (HashableRegex(foo is (\d+) ambiguous), Some(Location { line: 22, column: 1 }))] })))))
Feature(Feature { keyword: "Feature", name: "ambiguous", description: None, background: None, scenarios: [Scenario { keyword: "Scenario", name: "ambiguous", steps: [Step { keyword: "Given", ty: Given, value: "foo is 0 ambiguous", docstring: None, table: None, position: LineCol { line: 3, col: 5 } }], examples: [], tags: [], position: LineCol { line: 2, col: 3 } }], rules: [], tags: [], position: LineCol { line: 1, col: 1 }, }, Scenario(Scenario { keyword: "Scenario", name: "ambiguous", steps: [Step { keyword: "Given", ty: Given, value: "foo is 0 ambiguous", docstring: None, table: None, position: LineCol { line: 3, col: 5 } }], examples: [], tags: [], position: LineCol { line: 2, col: 3 } }, Finished))
Feature(Feature { keyword: "Feature", name: "ambiguous", description: None, background: None, scenarios: [Scenario { keyword: "Scenario", name: "ambiguous", steps: [Step { keyword: "Given", ty: Given, value: "foo is 0 ambiguous", docstring: None, table: None, position: LineCol { line: 3, col: 5 } }], examples: [], tags: [], position: LineCol { line: 2, col: 3 } }], rules: [], tags: [], position: LineCol { line: 1, col: 1 }, }, Finished)
Finished
