[32mFeature: ambiguous[0m
[32m  Scenario: ambiguous[0m
      Given foo is 0 ambiguous
[1A[2K[31m   âœ˜  Given [0m[31mfoo is 0 ambiguous[0m[31m
      Step failed:
      Defined: tests/features/output/ambiguous_step.feature:3:5
      Step match is ambiguous: Possible matches:
      foo is (\d+) --> tests/output.rs:11:1
      foo is (\d+) ambiguous --> tests/output.rs:19:1[0m
