Started
Feature(Feature { keyword: "Feature", name: "output", description: None, background: Some(Background { keyword: "Background", name: "", description: None, steps: [Step { keyword: "Given ", ty: Given, value: "foo is 0", docstring: None, table: None, position: LineCol { line: 4 } }], position: LineCol { line: 3 } }), scenarios: [], rules: [Rule { keyword: "Rule", name: "output", description: None, background: Some(Background { keyword: "Background", name: "", description: None, steps: [Step { keyword: "Given ", ty: Given, value: "foo is 1", docstring: None, table: None, position: LineCol { line: 9 } }], position: LineCol { line: 8 } }), scenarios: [Scenario { keyword: "Scenario", name: "output", description: None, steps: [Step { keyword: "Given ", ty: Given, value: "foo is 2", docstring: None, table: None, position: LineCol { line: 12 } }, Step { keyword: "When ", ty: When, value: "foo is 3", docstring: None, table: None, position: LineCol { line: 13 } }, Step { keyword: "Then ", ty: Then, value: "foo is 4", docstring: None, table: None, position: LineCol { line: 14 } }], examples: [], tags: [], position: LineCol { line: 11 } }], tags: [], position: LineCol { line: 6 } }], tags: [], position: LineCol { line: 1 }, }, Started)
Feature(Feature { keyword: "Feature", name: "output", description: None, background: Some(Background { keyword: "Background", name: "", description: None, steps: [Step { keyword: "Given ", ty: Given, value: "foo is 0", docstring: None, table: None, position: LineCol { line: 4 } }], position: LineCol { line: 3 } }), scenarios: [], rules: [Rule { keyword: "Rule", name: "output", description: None, background: Some(Background { keyword: "Background", name: "", description: None, steps: [Step { keyword: "Given ", ty: Given, value: "foo is 1", docstring: None, table: None, position: LineCol { line: 9 } }], position: LineCol { line: 8 } }), scenarios: [Scenario { keyword: "Scenario", name: "output", description: None, steps: [Step { keyword: "Given ", ty: Given, value: "foo is 2", docstring: None, table: None, position: LineCol { line: 12 } }, Step { keyword: "When ", ty: When, value: "foo is 3", docstring: None, table: None, position: LineCol { line: 13 } }, Step { keyword: "Then ", ty: Then, value: "foo is 4", docstring: None, table: None, position: LineCol { line: 14 } }], examples: [], tags: [], position: LineCol { line: 11 } }], tags: [], position: LineCol { line: 6 } }], tags: [], position: LineCol { line: 1 }, }, Rule(Rule { keyword: "Rule", name: "output", description: None, background: Some(Background { keyword: "Background", name: "", description: None, steps: [Step { keyword: "Given ", ty: Given, value: "foo is 1", docstring: None, table: None, position: LineCol { line: 9 } }], position: LineCol { line: 8 } }), scenarios: [Scenario { keyword: "Scenario", name: "output", description: None, steps: [Step { keyword: "Given ", ty: Given, value: "foo is 2", docstring: None, table: None, position: LineCol { line: 12 } }, Step { keyword: "When ", ty: When, value: "foo is 3", docstring: None, table: None, position: LineCol { line: 13 } }, Step { keyword: "Then ", ty: Then, value: "foo is 4", docstring: None, table: None, position: LineCol { line: 14 } }], examples: [], tags: [], position: LineCol { line: 11 } }], tags: [], position: LineCol { line: 6 } }, Started))
Feature(Feature { keyword: "Feature", name: "output", description: None, background: Some(Background { keyword: "Background", name: "", description: None, steps: [Step { keyword: "Given ", ty: Given, value: "foo is 0", docstring: None, table: None, position: LineCol { line: 4 } }], position: LineCol { line: 3 } }), scenarios: [], rules: [Rule { keyword: "Rule", name: "output", description: None, background: Some(Background { keyword: "Background", name: "", description: None, steps: [Step { keyword: "Given ", ty: Given, value: "foo is 1", docstring: None, table: None, position: LineCol { line: 9 } }], position: LineCol { line: 8 } }), scenarios: [Scenario { keyword: "Scenario", name: "output", description: None, steps: [Step { keyword: "Given ", ty: Given, value: "foo is 2", docstring: None, table: None, position: LineCol { line: 12 } }, Step { keyword: "When ", ty: When, value: "foo is 3", docstring: None, table: None, position: LineCol { line: 13 } }, Step { keyword: "Then ", ty: Then, value: "foo is 4", docstring: None, table: None, position: LineCol { line: 14 } }], examples: [], tags: [], position: LineCol { line: 11 } }], tags: [], position: LineCol { line: 6 } }], tags: [], position: LineCol { line: 1 }, }, Rule(Rule { keyword: "Rule", name: "output", description: None, background: Some(Background { keyword: "Background", name: "", description: None, steps: [Step { keyword: "Given ", ty: Given, value: "foo is 1", docstring: None, table: None, position: LineCol { line: 9 } }], position: LineCol { line: 8 } }), scenarios: [Scenario { keyword: "Scenario", name: "output", description: None, steps: [Step { keyword: "Given ", ty: Given, value: "foo is 2", docstring: None, table: None, position: LineCol { line: 12 } }, Step { keyword: "When ", ty: When, value: "foo is 3", docstring: None, table: None, position: LineCol { line: 13 } }, Step { keyword: "Then ", ty: Then, value: "foo is 4", docstring: None, table: None, position: LineCol { line: 14 } }], examples: [], tags: [], position: LineCol { line: 11 } }], tags: [], position: LineCol { line: 6 } }, Scenario(Scenario { keyword: "Scenario", name: "output", description: None, steps: [Step { keyword: "Given ", ty: Given, value: "foo is 2", docstring: None, table: None, position: LineCol { line: 12 } }, Step { keyword: "When ", ty: When, value: "foo is 3", docstring: None, table: None, position: LineCol { line: 13 } }, Step { keyword: "Then ", ty: Then, value: "foo is 4", docstring: None, table: None, position: LineCol { line: 14 } }], examples: [], tags: [], position: LineCol { line: 11 } }, Started)))
Feature(Feature { keyword: "Feature", name: "output", description: None, background: Some(Background { keyword: "Background", name: "", description: None, steps: [Step { keyword: "Given ", ty: Given, value: "foo is 0", docstring: None, table: None, position: LineCol { line: 4 } }], position: LineCol { line: 3 } }), scenarios: [], rules: [Rule { keyword: "Rule", name: "output", description: None, background: Some(Background { keyword: "Background", name: "", description: None, steps: [Step { keyword: "Given ", ty: Given, value: "foo is 1", docstring: None, table: None, position: LineCol { line: 9 } }], position: LineCol { line: 8 } }), scenarios: [Scenario { keyword: "Scenario", name: "output", description: None, steps: [Step { keyword: "Given ", ty: Given, value: "foo is 2", docstring: None, table: None, position: LineCol { line: 12 } }, Step { keyword: "When ", ty: When, value: "foo is 3", docstring: None, table: None, position: LineCol { line: 13 } }, Step { keyword: "Then ", ty: Then, value: "foo is 4", docstring: None, table: None, position: LineCol { line: 14 } }], examples: [], tags: [], position: LineCol { line: 11 } }], tags: [], position: LineCol { line: 6 } }], tags: [], position: LineCol { line: 1 }, }, Rule(Rule { keyword: "Rule", name: "output", description: None, background: Some(Background { keyword: "Background", name: "", description: None, steps: [Step { keyword: "Given ", ty: Given, value: "foo is 1", docstring: None, table: None, position: LineCol { line: 9 } }], position: LineCol { line: 8 } }), scenarios: [Scenario { keyword: "Scenario", name: "output", description: None, steps: [Step { keyword: "Given ", ty: Given, value: "foo is 2", docstring: None, table: None, position: LineCol { line: 12 } }, Step { keyword: "When ", ty: When, value: "foo is 3", docstring: None, table: None, position: LineCol { line: 13 } }, Step { keyword: "Then ", ty: Then, value: "foo is 4", docstring: None, table: None, position: LineCol { line: 14 } }], examples: [], tags: [], position: LineCol { line: 11 } }], tags: [], position: LineCol { line: 6 } }, Scenario(Scenario { keyword: "Scenario", name: "output", description: None, steps: [Step { keyword: "Given ", ty: Given, value: "foo is 2", docstring: None, table: None, position: LineCol { line: 12 } }, Step { keyword: "When ", ty: When, value: "foo is 3", docstring: None, table: None, position: LineCol { line: 13 } }, Step { keyword: "Then ", ty: Then, value: "foo is 4", docstring: None, table: None, position: LineCol { line: 14 } }], examples: [], tags: [], position: LineCol { line: 11 } }, Background(Step { keyword: "Given ", ty: Given, value: "foo is 0", docstring: None, table: None, position: LineCol { line: 4 } }, Started))))
Feature(Feature { keyword: "Feature", name: "output", description: None, background: Some(Background { keyword: "Background", name: "", description: None, steps: [Step { keyword: "Given ", ty: Given, value: "foo is 0", docstring: None, table: None, position: LineCol { line: 4 } }], position: LineCol { line: 3 } }), scenarios: [], rules: [Rule { keyword: "Rule", name: "output", description: None, background: Some(Background { keyword: "Background", name: "", description: None, steps: [Step { keyword: "Given ", ty: Given, value: "foo is 1", docstring: None, table: None, position: LineCol { line: 9 } }], position: LineCol { line: 8 } }), scenarios: [Scenario { keyword: "Scenario", name: "output", description: None, steps: [Step { keyword: "Given ", ty: Given, value: "foo is 2", docstring: None, table: None, position: LineCol { line: 12 } }, Step { keyword: "When ", ty: When, value: "foo is 3", docstring: None, table: None, position: LineCol { line: 13 } }, Step { keyword: "Then ", ty: Then, value: "foo is 4", docstring: None, table: None, position: LineCol { line: 14 } }], examples: [], tags: [], position: LineCol { line: 11 } }], tags: [], position: LineCol { line: 6 } }], tags: [], position: LineCol { line: 1 }, }, Rule(Rule { keyword: "Rule", name: "output", description: None, background: Some(Background { keyword: "Background", name: "", description: None, steps: [Step { keyword: "Given ", ty: Given, value: "foo is 1", docstring: None, table: None, position: LineCol { line: 9 } }], position: LineCol { line: 8 } }), scenarios: [Scenario { keyword: "Scenario", name: "output", description: None, steps: [Step { keyword: "Given ", ty: Given, value: "foo is 2", docstring: None, table: None, position: LineCol { line: 12 } }, Step { keyword: "When ", ty: When, value: "foo is 3", docstring: None, table: None, position: LineCol { line: 13 } }, Step { keyword: "Then ", ty: Then, value: "foo is 4", docstring: None, table: None, position: LineCol { line: 14 } }], examples: [], tags: [], position: LineCol { line: 11 } }], tags: [], position: LineCol { line: 6 } }, Scenario(Scenario { keyword: "Scenario", name: "output", description: None, steps: [Step { keyword: "Given ", ty: Given, value: "foo is 2", docstring: None, table: None, position: LineCol { line: 12 } }, Step { keyword: "When ", ty: When, value: "foo is 3", docstring: None, table: None, position: LineCol { line: 13 } }, Step { keyword: "Then ", ty: Then, value: "foo is 4", docstring: None, table: None, position: LineCol { line: 14 } }], examples: [], tags: [], position: LineCol { line: 11 } }, Background(Step { keyword: "Given ", ty: Given, value: "foo is 0", docstring: None, table: None, position: LineCol { line: 4 } }, Passed(CaptureLocations(Locations([Some(0), Some(8), Some(7), Some(8)])))))))
Feature(Feature { keyword: "Feature", name: "output", description: None, background: Some(Background { keyword: "Background", name: "", description: None, steps: [Step { keyword: "Given ", ty: Given, value: "foo is 0", docstring: None, table: None, position: LineCol { line: 4 } }], position: LineCol { line: 3 } }), scenarios: [], rules: [Rule { keyword: "Rule", name: "output", description: None, background: Some(Background { keyword: "Background", name: "", description: None, steps: [Step { keyword: "Given ", ty: Given, value: "foo is 1", docstring: None, table: None, position: LineCol { line: 9 } }], position: LineCol { line: 8 } }), scenarios: [Scenario { keyword: "Scenario", name: "output", description: None, steps: [Step { keyword: "Given ", ty: Given, value: "foo is 2", docstring: None, table: None, position: LineCol { line: 12 } }, Step { keyword: "When ", ty: When, value: "foo is 3", docstring: None, table: None, position: LineCol { line: 13 } }, Step { keyword: "Then ", ty: Then, value: "foo is 4", docstring: None, table: None, position: LineCol { line: 14 } }], examples: [], tags: [], position: LineCol { line: 11 } }], tags: [], position: LineCol { line: 6 } }], tags: [], position: LineCol { line: 1 }, }, Rule(Rule { keyword: "Rule", name: "output", description: None, background: Some(Background { keyword: "Background", name: "", description: None, steps: [Step { keyword: "Given ", ty: Given, value: "foo is 1", docstring: None, table: None, position: LineCol { line: 9 } }], position: LineCol { line: 8 } }), scenarios: [Scenario { keyword: "Scenario", name: "output", description: None, steps: [Step { keyword: "Given ", ty: Given, value: "foo is 2", docstring: None, table: None, position: LineCol { line: 12 } }, Step { keyword: "When ", ty: When, value: "foo is 3", docstring: None, table: None, position: LineCol { line: 13 } }, Step { keyword: "Then ", ty: Then, value: "foo is 4", docstring: None, table: None, position: LineCol { line: 14 } }], examples: [], tags: [], position: LineCol { line: 11 } }], tags: [], position: LineCol { line: 6 } }, Scenario(Scenario { keyword: "Scenario", name: "output", description: None, steps: [Step { keyword: "Given ", ty: Given, value: "foo is 2", docstring: None, table: None, position: LineCol { line: 12 } }, Step { keyword: "When ", ty: When, value: "foo is 3", docstring: None, table: None, position: LineCol { line: 13 } }, Step { keyword: "Then ", ty: Then, value: "foo is 4", docstring: None, table: None, position: LineCol { line: 14 } }], examples: [], tags: [], position: LineCol { line: 11 } }, Background(Step { keyword: "Given ", ty: Given, value: "foo is 1", docstring: None, table: None, position: LineCol { line: 9 } }, Started))))
Feature(Feature { keyword: "Feature", name: "output", description: None, background: Some(Background { keyword: "Background", name: "", description: None, steps: [Step { keyword: "Given ", ty: Given, value: "foo is 0", docstring: None, table: None, position: LineCol { line: 4 } }], position: LineCol { line: 3 } }), scenarios: [], rules: [Rule { keyword: "Rule", name: "output", description: None, background: Some(Background { keyword: "Background", name: "", description: None, steps: [Step { keyword: "Given ", ty: Given, value: "foo is 1", docstring: None, table: None, position: LineCol { line: 9 } }], position: LineCol { line: 8 } }), scenarios: [Scenario { keyword: "Scenario", name: "output", description: None, steps: [Step { keyword: "Given ", ty: Given, value: "foo is 2", docstring: None, table: None, position: LineCol { line: 12 } }, Step { keyword: "When ", ty: When, value: "foo is 3", docstring: None, table: None, position: LineCol { line: 13 } }, Step { keyword: "Then ", ty: Then, value: "foo is 4", docstring: None, table: None, position: LineCol { line: 14 } }], examples: [], tags: [], position: LineCol { line: 11 } }], tags: [], position: LineCol { line: 6 } }], tags: [], position: LineCol { line: 1 }, }, Rule(Rule { keyword: "Rule", name: "output", description: None, background: Some(Background { keyword: "Background", name: "", description: None, steps: [Step { keyword: "Given ", ty: Given, value: "foo is 1", docstring: None, table: None, position: LineCol { line: 9 } }], position: LineCol { line: 8 } }), scenarios: [Scenario { keyword: "Scenario", name: "output", description: None, steps: [Step { keyword: "Given ", ty: Given, value: "foo is 2", docstring: None, table: None, position: LineCol { line: 12 } }, Step { keyword: "When ", ty: When, value: "foo is 3", docstring: None, table: None, position: LineCol { line: 13 } }, Step { keyword: "Then ", ty: Then, value: "foo is 4", docstring: None, table: None, position: LineCol { line: 14 } }], examples: [], tags: [], position: LineCol { line: 11 } }], tags: [], position: LineCol { line: 6 } }, Scenario(Scenario { keyword: "Scenario", name: "output", description: None, steps: [Step { keyword: "Given ", ty: Given, value: "foo is 2", docstring: None, table: None, position: LineCol { line: 12 } }, Step { keyword: "When ", ty: When, value: "foo is 3", docstring: None, table: None, position: LineCol { line: 13 } }, Step { keyword: "Then ", ty: Then, value: "foo is 4", docstring: None, table: None, position: LineCol { line: 14 } }], examples: [], tags: [], position: LineCol { line: 11 } }, Background(Step { keyword: "Given ", ty: Given, value: "foo is 1", docstring: None, table: None, position: LineCol { line: 9 } }, Passed(CaptureLocations(Locations([Some(0), Some(8), Some(7), Some(8)])))))))
Feature(Feature { keyword: "Feature", name: "output", description: None, background: Some(Background { keyword: "Background", name: "", description: None, steps: [Step { keyword: "Given ", ty: Given, value: "foo is 0", docstring: None, table: None, position: LineCol { line: 4 } }], position: LineCol { line: 3 } }), scenarios: [], rules: [Rule { keyword: "Rule", name: "output", description: None, background: Some(Background { keyword: "Background", name: "", description: None, steps: [Step { keyword: "Given ", ty: Given, value: "foo is 1", docstring: None, table: None, position: LineCol { line: 9 } }], position: LineCol { line: 8 } }), scenarios: [Scenario { keyword: "Scenario", name: "output", description: None, steps: [Step { keyword: "Given ", ty: Given, value: "foo is 2", docstring: None, table: None, position: LineCol { line: 12 } }, Step { keyword: "When ", ty: When, value: "foo is 3", docstring: None, table: None, position: LineCol { line: 13 } }, Step { keyword: "Then ", ty: Then, value: "foo is 4", docstring: None, table: None, position: LineCol { line: 14 } }], examples: [], tags: [], position: LineCol { line: 11 } }], tags: [], position: LineCol { line: 6 } }], tags: [], position: LineCol { line: 1 }, }, Rule(Rule { keyword: "Rule", name: "output", description: None, background: Some(Background { keyword: "Background", name: "", description: None, steps: [Step { keyword: "Given ", ty: Given, value: "foo is 1", docstring: None, table: None, position: LineCol { line: 9 } }], position: LineCol { line: 8 } }), scenarios: [Scenario { keyword: "Scenario", name: "output", description: None, steps: [Step { keyword: "Given ", ty: Given, value: "foo is 2", docstring: None, table: None, position: LineCol { line: 12 } }, Step { keyword: "When ", ty: When, value: "foo is 3", docstring: None, table: None, position: LineCol { line: 13 } }, Step { keyword: "Then ", ty: Then, value: "foo is 4", docstring: None, table: None, position: LineCol { line: 14 } }], examples: [], tags: [], position: LineCol { line: 11 } }], tags: [], position: LineCol { line: 6 } }, Scenario(Scenario { keyword: "Scenario", name: "output", description: None, steps: [Step { keyword: "Given ", ty: Given, value: "foo is 2", docstring: None, table: None, position: LineCol { line: 12 } }, Step { keyword: "When ", ty: When, value: "foo is 3", docstring: None, table: None, position: LineCol { line: 13 } }, Step { keyword: "Then ", ty: Then, value: "foo is 4", docstring: None, table: None, position: LineCol { line: 14 } }], examples: [], tags: [], position: LineCol { line: 11 } }, Step(Step { keyword: "Given ", ty: Given, value: "foo is 2", docstring: None, table: None, position: LineCol { line: 12 } }, Started))))
Feature(Feature { keyword: "Feature", name: "output", description: None, background: Some(Background { keyword: "Background", name: "", description: None, steps: [Step { keyword: "Given ", ty: Given, value: "foo is 0", docstring: None, table: None, position: LineCol { line: 4 } }], position: LineCol { line: 3 } }), scenarios: [], rules: [Rule { keyword: "Rule", name: "output", description: None, background: Some(Background { keyword: "Background", name: "", description: None, steps: [Step { keyword: "Given ", ty: Given, value: "foo is 1", docstring: None, table: None, position: LineCol { line: 9 } }], position: LineCol { line: 8 } }), scenarios: [Scenario { keyword: "Scenario", name: "output", description: None, steps: [Step { keyword: "Given ", ty: Given, value: "foo is 2", docstring: None, table: None, position: LineCol { line: 12 } }, Step { keyword: "When ", ty: When, value: "foo is 3", docstring: None, table: None, position: LineCol { line: 13 } }, Step { keyword: "Then ", ty: Then, value: "foo is 4", docstring: None, table: None, position: LineCol { line: 14 } }], examples: [], tags: [], position: LineCol { line: 11 } }], tags: [], position: LineCol { line: 6 } }], tags: [], position: LineCol { line: 1 }, }, Rule(Rule { keyword: "Rule", name: "output", description: None, background: Some(Background { keyword: "Background", name: "", description: None, steps: [Step { keyword: "Given ", ty: Given, value: "foo is 1", docstring: None, table: None, position: LineCol { line: 9 } }], position: LineCol { line: 8 } }), scenarios: [Scenario { keyword: "Scenario", name: "output", description: None, steps: [Step { keyword: "Given ", ty: Given, value: "foo is 2", docstring: None, table: None, position: LineCol { line: 12 } }, Step { keyword: "When ", ty: When, value: "foo is 3", docstring: None, table: None, position: LineCol { line: 13 } }, Step { keyword: "Then ", ty: Then, value: "foo is 4", docstring: None, table: None, position: LineCol { line: 14 } }], examples: [], tags: [], position: LineCol { line: 11 } }], tags: [], position: LineCol { line: 6 } }, Scenario(Scenario { keyword: "Scenario", name: "output", description: None, steps: [Step { keyword: "Given ", ty: Given, value: "foo is 2", docstring: None, table: None, position: LineCol { line: 12 } }, Step { keyword: "When ", ty: When, value: "foo is 3", docstring: None, table: None, position: LineCol { line: 13 } }, Step { keyword: "Then ", ty: Then, value: "foo is 4", docstring: None, table: None, position: LineCol { line: 14 } }], examples: [], tags: [], position: LineCol { line: 11 } }, Step(Step { keyword: "Given ", ty: Given, value: "foo is 2", docstring: None, table: None, position: LineCol { line: 12 } }, Passed(CaptureLocations(Locations([Some(0), Some(8), Some(7), Some(8)])))))))
Feature(Feature { keyword: "Feature", name: "output", description: None, background: Some(Background { keyword: "Background", name: "", description: None, steps: [Step { keyword: "Given ", ty: Given, value: "foo is 0", docstring: None, table: None, position: LineCol { line: 4 } }], position: LineCol { line: 3 } }), scenarios: [], rules: [Rule { keyword: "Rule", name: "output", description: None, background: Some(Background { keyword: "Background", name: "", description: None, steps: [Step { keyword: "Given ", ty: Given, value: "foo is 1", docstring: None, table: None, position: LineCol { line: 9 } }], position: LineCol { line: 8 } }), scenarios: [Scenario { keyword: "Scenario", name: "output", description: None, steps: [Step { keyword: "Given ", ty: Given, value: "foo is 2", docstring: None, table: None, position: LineCol { line: 12 } }, Step { keyword: "When ", ty: When, value: "foo is 3", docstring: None, table: None, position: LineCol { line: 13 } }, Step { keyword: "Then ", ty: Then, value: "foo is 4", docstring: None, table: None, position: LineCol { line: 14 } }], examples: [], tags: [], position: LineCol { line: 11 } }], tags: [], position: LineCol { line: 6 } }], tags: [], position: LineCol { line: 1 }, }, Rule(Rule { keyword: "Rule", name: "output", description: None, background: Some(Background { keyword: "Background", name: "", description: None, steps: [Step { keyword: "Given ", ty: Given, value: "foo is 1", docstring: None, table: None, position: LineCol { line: 9 } }], position: LineCol { line: 8 } }), scenarios: [Scenario { keyword: "Scenario", name: "output", description: None, steps: [Step { keyword: "Given ", ty: Given, value: "foo is 2", docstring: None, table: None, position: LineCol { line: 12 } }, Step { keyword: "When ", ty: When, value: "foo is 3", docstring: None, table: None, position: LineCol { line: 13 } }, Step { keyword: "Then ", ty: Then, value: "foo is 4", docstring: None, table: None, position: LineCol { line: 14 } }], examples: [], tags: [], position: LineCol { line: 11 } }], tags: [], position: LineCol { line: 6 } }, Scenario(Scenario { keyword: "Scenario", name: "output", description: None, steps: [Step { keyword: "Given ", ty: Given, value: "foo is 2", docstring: None, table: None, position: LineCol { line: 12 } }, Step { keyword: "When ", ty: When, value: "foo is 3", docstring: None, table: None, position: LineCol { line: 13 } }, Step { keyword: "Then ", ty: Then, value: "foo is 4", docstring: None, table: None, position: LineCol { line: 14 } }], examples: [], tags: [], position: LineCol { line: 11 } }, Step(Step { keyword: "When ", ty: When, value: "foo is 3", docstring: None, table: None, position: LineCol { line: 13 } }, Started))))
Feature(Feature { keyword: "Feature", name: "output", description: None, background: Some(Background { keyword: "Background", name: "", description: None, steps: [Step { keyword: "Given ", ty: Given, value: "foo is 0", docstring: None, table: None, position: LineCol { line: 4 } }], position: LineCol { line: 3 } }), scenarios: [], rules: [Rule { keyword: "Rule", name: "output", description: None, background: Some(Background { keyword: "Background", name: "", description: None, steps: [Step { keyword: "Given ", ty: Given, value: "foo is 1", docstring: None, table: None, position: LineCol { line: 9 } }], position: LineCol { line: 8 } }), scenarios: [Scenario { keyword: "Scenario", name: "output", description: None, steps: [Step { keyword: "Given ", ty: Given, value: "foo is 2", docstring: None, table: None, position: LineCol { line: 12 } }, Step { keyword: "When ", ty: When, value: "foo is 3", docstring: None, table: None, position: LineCol { line: 13 } }, Step { keyword: "Then ", ty: Then, value: "foo is 4", docstring: None, table: None, position: LineCol { line: 14 } }], examples: [], tags: [], position: LineCol { line: 11 } }], tags: [], position: LineCol { line: 6 } }], tags: [], position: LineCol { line: 1 }, }, Rule(Rule { keyword: "Rule", name: "output", description: None, background: Some(Background { keyword: "Background", name: "", description: None, steps: [Step { keyword: "Given ", ty: Given, value: "foo is 1", docstring: None, table: None, position: LineCol { line: 9 } }], position: LineCol { line: 8 } }), scenarios: [Scenario { keyword: "Scenario", name: "output", description: None, steps: [Step { keyword: "Given ", ty: Given, value: "foo is 2", docstring: None, table: None, position: LineCol { line: 12 } }, Step { keyword: "When ", ty: When, value: "foo is 3", docstring: None, table: None, position: LineCol { line: 13 } }, Step { keyword: "Then ", ty: Then, value: "foo is 4", docstring: None, table: None, position: LineCol { line: 14 } }], examples: [], tags: [], position: LineCol { line: 11 } }], tags: [], position: LineCol { line: 6 } }, Scenario(Scenario { keyword: "Scenario", name: "output", description: None, steps: [Step { keyword: "Given ", ty: Given, value: "foo is 2", docstring: None, table: None, position: LineCol { line: 12 } }, Step { keyword: "When ", ty: When, value: "foo is 3", docstring: None, table: None, position: LineCol { line: 13 } }, Step { keyword: "Then ", ty: Then, value: "foo is 4", docstring: None, table: None, position: LineCol { line: 14 } }], examples: [], tags: [], position: LineCol { line: 11 } }, Step(Step { keyword: "When ", ty: When, value: "foo is 3", docstring: None, table: None, position: LineCol { line: 13 } }, Passed(CaptureLocations(Locations([Some(0), Some(8), Some(7), Some(8)])))))))
Feature(Feature { keyword: "Feature", name: "output", description: None, background: Some(Background { keyword: "Background", name: "", description: None, steps: [Step { keyword: "Given ", ty: Given, value: "foo is 0", docstring: None, table: None, position: LineCol { line: 4 } }], position: LineCol { line: 3 } }), scenarios: [], rules: [Rule { keyword: "Rule", name: "output", description: None, background: Some(Background { keyword: "Background", name: "", description: None, steps: [Step { keyword: "Given ", ty: Given, value: "foo is 1", docstring: None, table: None, position: LineCol { line: 9 } }], position: LineCol { line: 8 } }), scenarios: [Scenario { keyword: "Scenario", name: "output", description: None, steps: [Step { keyword: "Given ", ty: Given, value: "foo is 2", docstring: None, table: None, position: LineCol { line: 12 } }, Step { keyword: "When ", ty: When, value: "foo is 3", docstring: None, table: None, position: LineCol { line: 13 } }, Step { keyword: "Then ", ty: Then, value: "foo is 4", docstring: None, table: None, position: LineCol { line: 14 } }], examples: [], tags: [], position: LineCol { line: 11 } }], tags: [], position: LineCol { line: 6 } }], tags: [], position: LineCol { line: 1 }, }, Rule(Rule { keyword: "Rule", name: "output", description: None, background: Some(Background { keyword: "Background", name: "", description: None, steps: [Step { keyword: "Given ", ty: Given, value: "foo is 1", docstring: None, table: None, position: LineCol { line: 9 } }], position: LineCol { line: 8 } }), scenarios: [Scenario { keyword: "Scenario", name: "output", description: None, steps: [Step { keyword: "Given ", ty: Given, value: "foo is 2", docstring: None, table: None, position: LineCol { line: 12 } }, Step { keyword: "When ", ty: When, value: "foo is 3", docstring: None, table: None, position: LineCol { line: 13 } }, Step { keyword: "Then ", ty: Then, value: "foo is 4", docstring: None, table: None, position: LineCol { line: 14 } }], examples: [], tags: [], position: LineCol { line: 11 } }], tags: [], position: LineCol { line: 6 } }, Scenario(Scenario { keyword: "Scenario", name: "output", description: None, steps: [Step { keyword: "Given ", ty: Given, value: "foo is 2", docstring: None, table: None, position: LineCol { line: 12 } }, Step { keyword: "When ", ty: When, value: "foo is 3", docstring: None, table: None, position: LineCol { line: 13 } }, Step { keyword: "Then ", ty: Then, value: "foo is 4", docstring: None, table: None, position: LineCol { line: 14 } }], examples: [], tags: [], position: LineCol { line: 11 } }, Step(Step { keyword: "Then ", ty: Then, value: "foo is 4", docstring: None, table: None, position: LineCol { line: 14 } }, Started))))
Feature(Feature { keyword: "Feature", name: "output", description: None, background: Some(Background { keyword: "Background", name: "", description: None, steps: [Step { keyword: "Given ", ty: Given, value: "foo is 0", docstring: None, table: None, position: LineCol { line: 4 } }], position: LineCol { line: 3 } }), scenarios: [], rules: [Rule { keyword: "Rule", name: "output", description: None, background: Some(Background { keyword: "Background", name: "", description: None, steps: [Step { keyword: "Given ", ty: Given, value: "foo is 1", docstring: None, table: None, position: LineCol { line: 9 } }], position: LineCol { line: 8 } }), scenarios: [Scenario { keyword: "Scenario", name: "output", description: None, steps: [Step { keyword: "Given ", ty: Given, value: "foo is 2", docstring: None, table: None, position: LineCol { line: 12 } }, Step { keyword: "When ", ty: When, value: "foo is 3", docstring: None, table: None, position: LineCol { line: 13 } }, Step { keyword: "Then ", ty: Then, value: "foo is 4", docstring: None, table: None, position: LineCol { line: 14 } }], examples: [], tags: [], position: LineCol { line: 11 } }], tags: [], position: LineCol { line: 6 } }], tags: [], position: LineCol { line: 1 }, }, Rule(Rule { keyword: "Rule", name: "output", description: None, background: Some(Background { keyword: "Background", name: "", description: None, steps: [Step { keyword: "Given ", ty: Given, value: "foo is 1", docstring: None, table: None, position: LineCol { line: 9 } }], position: LineCol { line: 8 } }), scenarios: [Scenario { keyword: "Scenario", name: "output", description: None, steps: [Step { keyword: "Given ", ty: Given, value: "foo is 2", docstring: None, table: None, position: LineCol { line: 12 } }, Step { keyword: "When ", ty: When, value: "foo is 3", docstring: None, table: None, position: LineCol { line: 13 } }, Step { keyword: "Then ", ty: Then, value: "foo is 4", docstring: None, table: None, position: LineCol { line: 14 } }], examples: [], tags: [], position: LineCol { line: 11 } }], tags: [], position: LineCol { line: 6 } }, Scenario(Scenario { keyword: "Scenario", name: "output", description: None, steps: [Step { keyword: "Given ", ty: Given, value: "foo is 2", docstring: None, table: None, position: LineCol { line: 12 } }, Step { keyword: "When ", ty: When, value: "foo is 3", docstring: None, table: None, position: LineCol { line: 13 } }, Step { keyword: "Then ", ty: Then, value: "foo is 4", docstring: None, table: None, position: LineCol { line: 14 } }], examples: [], tags: [], position: LineCol { line: 11 } }, Step(Step { keyword: "Then ", ty: Then, value: "foo is 4", docstring: None, table: None, position: LineCol { line: 14 } }, Passed(CaptureLocations(Locations([Some(0), Some(8), Some(7), Some(8)])))))))
Feature(Feature { keyword: "Feature", name: "output", description: None, background: Some(Background { keyword: "Background", name: "", description: None, steps: [Step { keyword: "Given ", ty: Given, value: "foo is 0", docstring: None, table: None, position: LineCol { line: 4 } }], position: LineCol { line: 3 } }), scenarios: [], rules: [Rule { keyword: "Rule", name: "output", description: None, background: Some(Background { keyword: "Background", name: "", description: None, steps: [Step { keyword: "Given ", ty: Given, value: "foo is 1", docstring: None, table: None, position: LineCol { line: 9 } }], position: LineCol { line: 8 } }), scenarios: [Scenario { keyword: "Scenario", name: "output", description: None, steps: [Step { keyword: "Given ", ty: Given, value: "foo is 2", docstring: None, table: None, position: LineCol { line: 12 } }, Step { keyword: "When ", ty: When, value: "foo is 3", docstring: None, table: None, position: LineCol { line: 13 } }, Step { keyword: "Then ", ty: Then, value: "foo is 4", docstring: None, table: None, position: LineCol { line: 14 } }], examples: [], tags: [], position: LineCol { line: 11 } }], tags: [], position: LineCol { line: 6 } }], tags: [], position: LineCol { line: 1 }, }, Rule(Rule { keyword: "Rule", name: "output", description: None, background: Some(Background { keyword: "Background", name: "", description: None, steps: [Step { keyword: "Given ", ty: Given, value: "foo is 1", docstring: None, table: None, position: LineCol { line: 9 } }], position: LineCol { line: 8 } }), scenarios: [Scenario { keyword: "Scenario", name: "output", description: None, steps: [Step { keyword: "Given ", ty: Given, value: "foo is 2", docstring: None, table: None, position: LineCol { line: 12 } }, Step { keyword: "When ", ty: When, value: "foo is 3", docstring: None, table: None, position: LineCol { line: 13 } }, Step { keyword: "Then ", ty: Then, value: "foo is 4", docstring: None, table: None, position: LineCol { line: 14 } }], examples: [], tags: [], position: LineCol { line: 11 } }], tags: [], position: LineCol { line: 6 } }, Scenario(Scenario { keyword: "Scenario", name: "output", description: None, steps: [Step { keyword: "Given ", ty: Given, value: "foo is 2", docstring: None, table: None, position: LineCol { line: 12 } }, Step { keyword: "When ", ty: When, value: "foo is 3", docstring: None, table: None, position: LineCol { line: 13 } }, Step { keyword: "Then ", ty: Then, value: "foo is 4", docstring: None, table: None, position: LineCol { line: 14 } }], examples: [], tags: [], position: LineCol { line: 11 } }, Finished)))
Feature(Feature { keyword: "Feature", name: "output", description: None, background: Some(Background { keyword: "Background", name: "", description: None, steps: [Step { keyword: "Given ", ty: Given, value: "foo is 0", docstring: None, table: None, position: LineCol { line: 4 } }], position: LineCol { line: 3 } }), scenarios: [], rules: [Rule { keyword: "Rule", name: "output", description: None, background: Some(Background { keyword: "Background", name: "", description: None, steps: [Step { keyword: "Given ", ty: Given, value: "foo is 1", docstring: None, table: None, position: LineCol { line: 9 } }], position: LineCol { line: 8 } }), scenarios: [Scenario { keyword: "Scenario", name: "output", description: None, steps: [Step { keyword: "Given ", ty: Given, value: "foo is 2", docstring: None, table: None, position: LineCol { line: 12 } }, Step { keyword: "When ", ty: When, value: "foo is 3", docstring: None, table: None, position: LineCol { line: 13 } }, Step { keyword: "Then ", ty: Then, value: "foo is 4", docstring: None, table: None, position: LineCol { line: 14 } }], examples: [], tags: [], position: LineCol { line: 11 } }], tags: [], position: LineCol { line: 6 } }], tags: [], position: LineCol { line: 1 }, }, Rule(Rule { keyword: "Rule", name: "output", description: None, background: Some(Background { keyword: "Background", name: "", description: None, steps: [Step { keyword: "Given ", ty: Given, value: "foo is 1", docstring: None, table: None, position: LineCol { line: 9 } }], position: LineCol { line: 8 } }), scenarios: [Scenario { keyword: "Scenario", name: "output", description: None, steps: [Step { keyword: "Given ", ty: Given, value: "foo is 2", docstring: None, table: None, position: LineCol { line: 12 } }, Step { keyword: "When ", ty: When, value: "foo is 3", docstring: None, table: None, position: LineCol { line: 13 } }, Step { keyword: "Then ", ty: Then, value: "foo is 4", docstring: None, table: None, position: LineCol { line: 14 } }], examples: [], tags: [], position: LineCol { line: 11 } }], tags: [], position: LineCol { line: 6 } }, Finished))
Feature(Feature { keyword: "Feature", name: "output", description: None, background: Some(Background { keyword: "Background", name: "", description: None, steps: [Step { keyword: "Given ", ty: Given, value: "foo is 0", docstring: None, table: None, position: LineCol { line: 4 } }], position: LineCol { line: 3 } }), scenarios: [], rules: [Rule { keyword: "Rule", name: "output", description: None, background: Some(Background { keyword: "Background", name: "", description: None, steps: [Step { keyword: "Given ", ty: Given, value: "foo is 1", docstring: None, table: None, position: LineCol { line: 9 } }], position: LineCol { line: 8 } }), scenarios: [Scenario { keyword: "Scenario", name: "output", description: None, steps: [Step { keyword: "Given ", ty: Given, value: "foo is 2", docstring: None, table: None, position: LineCol { line: 12 } }, Step { keyword: "When ", ty: When, value: "foo is 3", docstring: None, table: None, position: LineCol { line: 13 } }, Step { keyword: "Then ", ty: Then, value: "foo is 4", docstring: None, table: None, position: LineCol { line: 14 } }], examples: [], tags: [], position: LineCol { line: 11 } }], tags: [], position: LineCol { line: 6 } }], tags: [], position: LineCol { line: 1 }, }, Finished)
Finished
