ParsingFinished { features: 1, rules: 1, scenarios: 1, steps: 3, parser_errors: 0 }
Started
Feature(Feature { keyword: "Feature", name: "Outline", description: None, background: Some(Background { keyword: "Background", name: "", description: None, steps: [Step { keyword: "Given ", ty: Given, value: "foo is 0", docstring: None, table: None, position: LineCol { line: 4 } }], position: LineCol { line: 3 } }), scenarios: [], rules: [Rule { keyword: "Rule", name: "outline", description: None, background: None, scenarios: [Scenario { keyword: "Scenario Outline", name: "foo", description: None, steps: [Step { keyword: "Given ", ty: Given, value: "foo is 1", docstring: None, table: None, position: LineCol { line: 9 } }, Step { keyword: "When ", ty: When, value: "foo is 2", docstring: None, table: None, position: LineCol { line: 10 } }, Step { keyword: "Then ", ty: Then, value: "foo is 3", docstring: None, table: None, position: LineCol { line: 11 } }], examples: [Examples { keyword: "Examples", name: None, description: None, table: Some(Table { rows: [["bar1", "bar2", "bar3"], ["1", "2", "3"]], position: LineCol { line: 14 } }), tags: [], position: LineCol { line: 13 } }], tags: [], position: LineCol { line: 15 } }], tags: [], position: LineCol { line: 6 } }], tags: [], position: LineCol { line: 1 }, }, Started)
Feature(Feature { keyword: "Feature", name: "Outline", description: None, background: Some(Background { keyword: "Background", name: "", description: None, steps: [Step { keyword: "Given ", ty: Given, value: "foo is 0", docstring: None, table: None, position: LineCol { line: 4 } }], position: LineCol { line: 3 } }), scenarios: [], rules: [Rule { keyword: "Rule", name: "outline", description: None, background: None, scenarios: [Scenario { keyword: "Scenario Outline", name: "foo", description: None, steps: [Step { keyword: "Given ", ty: Given, value: "foo is 1", docstring: None, table: None, position: LineCol { line: 9 } }, Step { keyword: "When ", ty: When, value: "foo is 2", docstring: None, table: None, position: LineCol { line: 10 } }, Step { keyword: "Then ", ty: Then, value: "foo is 3", docstring: None, table: None, position: LineCol { line: 11 } }], examples: [Examples { keyword: "Examples", name: None, description: None, table: Some(Table { rows: [["bar1", "bar2", "bar3"], ["1", "2", "3"]], position: LineCol { line: 14 } }), tags: [], position: LineCol { line: 13 } }], tags: [], position: LineCol { line: 15 } }], tags: [], position: LineCol { line: 6 } }], tags: [], position: LineCol { line: 1 }, }, Rule(Rule { keyword: "Rule", name: "outline", description: None, background: None, scenarios: [Scenario { keyword: "Scenario Outline", name: "foo", description: None, steps: [Step { keyword: "Given ", ty: Given, value: "foo is 1", docstring: None, table: None, position: LineCol { line: 9 } }, Step { keyword: "When ", ty: When, value: "foo is 2", docstring: None, table: None, position: LineCol { line: 10 } }, Step { keyword: "Then ", ty: Then, value: "foo is 3", docstring: None, table: None, position: LineCol { line: 11 } }], examples: [Examples { keyword: "Examples", name: None, description: None, table: Some(Table { rows: [["bar1", "bar2", "bar3"], ["1", "2", "3"]], position: LineCol { line: 14 } }), tags: [], position: LineCol { line: 13 } }], tags: [], position: LineCol { line: 15 } }], tags: [], position: LineCol { line: 6 } }, Started))
Feature(Feature { keyword: "Feature", name: "Outline", description: None, background: Some(Background { keyword: "Background", name: "", description: None, steps: [Step { keyword: "Given ", ty: Given, value: "foo is 0", docstring: None, table: None, position: LineCol { line: 4 } }], position: LineCol { line: 3 } }), scenarios: [], rules: [Rule { keyword: "Rule", name: "outline", description: None, background: None, scenarios: [Scenario { keyword: "Scenario Outline", name: "foo", description: None, steps: [Step { keyword: "Given ", ty: Given, value: "foo is 1", docstring: None, table: None, position: LineCol { line: 9 } }, Step { keyword: "When ", ty: When, value: "foo is 2", docstring: None, table: None, position: LineCol { line: 10 } }, Step { keyword: "Then ", ty: Then, value: "foo is 3", docstring: None, table: None, position: LineCol { line: 11 } }], examples: [Examples { keyword: "Examples", name: None, description: None, table: Some(Table { rows: [["bar1", "bar2", "bar3"], ["1", "2", "3"]], position: LineCol { line: 14 } }), tags: [], position: LineCol { line: 13 } }], tags: [], position: LineCol { line: 15 } }], tags: [], position: LineCol { line: 6 } }], tags: [], position: LineCol { line: 1 }, }, Rule(Rule { keyword: "Rule", name: "outline", description: None, background: None, scenarios: [Scenario { keyword: "Scenario Outline", name: "foo", description: None, steps: [Step { keyword: "Given ", ty: Given, value: "foo is 1", docstring: None, table: None, position: LineCol { line: 9 } }, Step { keyword: "When ", ty: When, value: "foo is 2", docstring: None, table: None, position: LineCol { line: 10 } }, Step { keyword: "Then ", ty: Then, value: "foo is 3", docstring: None, table: None, position: LineCol { line: 11 } }], examples: [Examples { keyword: "Examples", name: None, description: None, table: Some(Table { rows: [["bar1", "bar2", "bar3"], ["1", "2", "3"]], position: LineCol { line: 14 } }), tags: [], position: LineCol { line: 13 } }], tags: [], position: LineCol { line: 15 } }], tags: [], position: LineCol { line: 6 } }, Scenario(Scenario { keyword: "Scenario Outline", name: "foo", description: None, steps: [Step { keyword: "Given ", ty: Given, value: "foo is 1", docstring: None, table: None, position: LineCol { line: 9 } }, Step { keyword: "When ", ty: When, value: "foo is 2", docstring: None, table: None, position: LineCol { line: 10 } }, Step { keyword: "Then ", ty: Then, value: "foo is 3", docstring: None, table: None, position: LineCol { line: 11 } }], examples: [Examples { keyword: "Examples", name: None, description: None, table: Some(Table { rows: [["bar1", "bar2", "bar3"], ["1", "2", "3"]], position: LineCol { line: 14 } }), tags: [], position: LineCol { line: 13 } }], tags: [], position: LineCol { line: 15 } }, RetryableScenario { event: Started, retries: None })))
Feature(Feature { keyword: "Feature", name: "Outline", description: None, background: Some(Background { keyword: "Background", name: "", description: None, steps: [Step { keyword: "Given ", ty: Given, value: "foo is 0", docstring: None, table: None, position: LineCol { line: 4 } }], position: LineCol { line: 3 } }), scenarios: [], rules: [Rule { keyword: "Rule", name: "outline", description: None, background: None, scenarios: [Scenario { keyword: "Scenario Outline", name: "foo", description: None, steps: [Step { keyword: "Given ", ty: Given, value: "foo is 1", docstring: None, table: None, position: LineCol { line: 9 } }, Step { keyword: "When ", ty: When, value: "foo is 2", docstring: None, table: None, position: LineCol { line: 10 } }, Step { keyword: "Then ", ty: Then, value: "foo is 3", docstring: None, table: None, position: LineCol { line: 11 } }], examples: [Examples { keyword: "Examples", name: None, description: None, table: Some(Table { rows: [["bar1", "bar2", "bar3"], ["1", "2", "3"]], position: LineCol { line: 14 } }), tags: [], position: LineCol { line: 13 } }], tags: [], position: LineCol { line: 15 } }], tags: [], position: LineCol { line: 6 } }], tags: [], position: LineCol { line: 1 }, }, Rule(Rule { keyword: "Rule", name: "outline", description: None, background: None, scenarios: [Scenario { keyword: "Scenario Outline", name: "foo", description: None, steps: [Step { keyword: "Given ", ty: Given, value: "foo is 1", docstring: None, table: None, position: LineCol { line: 9 } }, Step { keyword: "When ", ty: When, value: "foo is 2", docstring: None, table: None, position: LineCol { line: 10 } }, Step { keyword: "Then ", ty: Then, value: "foo is 3", docstring: None, table: None, position: LineCol { line: 11 } }], examples: [Examples { keyword: "Examples", name: None, description: None, table: Some(Table { rows: [["bar1", "bar2", "bar3"], ["1", "2", "3"]], position: LineCol { line: 14 } }), tags: [], position: LineCol { line: 13 } }], tags: [], position: LineCol { line: 15 } }], tags: [], position: LineCol { line: 6 } }, Scenario(Scenario { keyword: "Scenario Outline", name: "foo", description: None, steps: [Step { keyword: "Given ", ty: Given, value: "foo is 1", docstring: None, table: None, position: LineCol { line: 9 } }, Step { keyword: "When ", ty: When, value: "foo is 2", docstring: None, table: None, position: LineCol { line: 10 } }, Step { keyword: "Then ", ty: Then, value: "foo is 3", docstring: None, table: None, position: LineCol { line: 11 } }], examples: [Examples { keyword: "Examples", name: None, description: None, table: Some(Table { rows: [["bar1", "bar2", "bar3"], ["1", "2", "3"]], position: LineCol { line: 14 } }), tags: [], position: LineCol { line: 13 } }], tags: [], position: LineCol { line: 15 } }, RetryableScenario { event: Background(Step { keyword: "Given ", ty: Given, value: "foo is 0", docstring: None, table: None, position: LineCol { line: 4 } }, Started), retries: None })))
Feature(Feature { keyword: "Feature", name: "Outline", description: None, background: Some(Background { keyword: "Background", name: "", description: None, steps: [Step { keyword: "Given ", ty: Given, value: "foo is 0", docstring: None, table: None, position: LineCol { line: 4 } }], position: LineCol { line: 3 } }), scenarios: [], rules: [Rule { keyword: "Rule", name: "outline", description: None, background: None, scenarios: [Scenario { keyword: "Scenario Outline", name: "foo", description: None, steps: [Step { keyword: "Given ", ty: Given, value: "foo is 1", docstring: None, table: None, position: LineCol { line: 9 } }, Step { keyword: "When ", ty: When, value: "foo is 2", docstring: None, table: None, position: LineCol { line: 10 } }, Step { keyword: "Then ", ty: Then, value: "foo is 3", docstring: None, table: None, position: LineCol { line: 11 } }], examples: [Examples { keyword: "Examples", name: None, description: None, table: Some(Table { rows: [["bar1", "bar2", "bar3"], ["1", "2", "3"]], position: LineCol { line: 14 } }), tags: [], position: LineCol { line: 13 } }], tags: [], position: LineCol { line: 15 } }], tags: [], position: LineCol { line: 6 } }], tags: [], position: LineCol { line: 1 }, }, Rule(Rule { keyword: "Rule", name: "outline", description: None, background: None, scenarios: [Scenario { keyword: "Scenario Outline", name: "foo", description: None, steps: [Step { keyword: "Given ", ty: Given, value: "foo is 1", docstring: None, table: None, position: LineCol { line: 9 } }, Step { keyword: "When ", ty: When, value: "foo is 2", docstring: None, table: None, position: LineCol { line: 10 } }, Step { keyword: "Then ", ty: Then, value: "foo is 3", docstring: None, table: None, position: LineCol { line: 11 } }], examples: [Examples { keyword: "Examples", name: None, description: None, table: Some(Table { rows: [["bar1", "bar2", "bar3"], ["1", "2", "3"]], position: LineCol { line: 14 } }), tags: [], position: LineCol { line: 13 } }], tags: [], position: LineCol { line: 15 } }], tags: [], position: LineCol { line: 6 } }, Scenario(Scenario { keyword: "Scenario Outline", name: "foo", description: None, steps: [Step { keyword: "Given ", ty: Given, value: "foo is 1", docstring: None, table: None, position: LineCol { line: 9 } }, Step { keyword: "When ", ty: When, value: "foo is 2", docstring: None, table: None, position: LineCol { line: 10 } }, Step { keyword: "Then ", ty: Then, value: "foo is 3", docstring: None, table: None, position: LineCol { line: 11 } }], examples: [Examples { keyword: "Examples", name: None, description: None, table: Some(Table { rows: [["bar1", "bar2", "bar3"], ["1", "2", "3"]], position: LineCol { line: 14 } }), tags: [], position: LineCol { line: 13 } }], tags: [], position: LineCol { line: 15 } }, RetryableScenario { event: Background(Step { keyword: "Given ", ty: Given, value: "foo is 0", docstring: None, table: None, position: LineCol { line: 4 } }, Passed(CaptureLocations(Captures { pid: Some(PatternID(0)), spans: {0: 0..8, 1: 7..8} }), Some(Location { line: 11, column: 1 }))), retries: None })))
Feature(Feature { keyword: "Feature", name: "Outline", description: None, background: Some(Background { keyword: "Background", name: "", description: None, steps: [Step { keyword: "Given ", ty: Given, value: "foo is 0", docstring: None, table: None, position: LineCol { line: 4 } }], position: LineCol { line: 3 } }), scenarios: [], rules: [Rule { keyword: "Rule", name: "outline", description: None, background: None, scenarios: [Scenario { keyword: "Scenario Outline", name: "foo", description: None, steps: [Step { keyword: "Given ", ty: Given, value: "foo is 1", docstring: None, table: None, position: LineCol { line: 9 } }, Step { keyword: "When ", ty: When, value: "foo is 2", docstring: None, table: None, position: LineCol { line: 10 } }, Step { keyword: "Then ", ty: Then, value: "foo is 3", docstring: None, table: None, position: LineCol { line: 11 } }], examples: [Examples { keyword: "Examples", name: None, description: None, table: Some(Table { rows: [["bar1", "bar2", "bar3"], ["1", "2", "3"]], position: LineCol { line: 14 } }), tags: [], position: LineCol { line: 13 } }], tags: [], position: LineCol { line: 15 } }], tags: [], position: LineCol { line: 6 } }], tags: [], position: LineCol { line: 1 }, }, Rule(Rule { keyword: "Rule", name: "outline", description: None, background: None, scenarios: [Scenario { keyword: "Scenario Outline", name: "foo", description: None, steps: [Step { keyword: "Given ", ty: Given, value: "foo is 1", docstring: None, table: None, position: LineCol { line: 9 } }, Step { keyword: "When ", ty: When, value: "foo is 2", docstring: None, table: None, position: LineCol { line: 10 } }, Step { keyword: "Then ", ty: Then, value: "foo is 3", docstring: None, table: None, position: LineCol { line: 11 } }], examples: [Examples { keyword: "Examples", name: None, description: None, table: Some(Table { rows: [["bar1", "bar2", "bar3"], ["1", "2", "3"]], position: LineCol { line: 14 } }), tags: [], position: LineCol { line: 13 } }], tags: [], position: LineCol { line: 15 } }], tags: [], position: LineCol { line: 6 } }, Scenario(Scenario { keyword: "Scenario Outline", name: "foo", description: None, steps: [Step { keyword: "Given ", ty: Given, value: "foo is 1", docstring: None, table: None, position: LineCol { line: 9 } }, Step { keyword: "When ", ty: When, value: "foo is 2", docstring: None, table: None, position: LineCol { line: 10 } }, Step { keyword: "Then ", ty: Then, value: "foo is 3", docstring: None, table: None, position: LineCol { line: 11 } }], examples: [Examples { keyword: "Examples", name: None, description: None, table: Some(Table { rows: [["bar1", "bar2", "bar3"], ["1", "2", "3"]], position: LineCol { line: 14 } }), tags: [], position: LineCol { line: 13 } }], tags: [], position: LineCol { line: 15 } }, RetryableScenario { event: Step(Step { keyword: "Given ", ty: Given, value: "foo is 1", docstring: None, table: None, position: LineCol { line: 9 } }, Started), retries: None })))
Feature(Feature { keyword: "Feature", name: "Outline", description: None, background: Some(Background { keyword: "Background", name: "", description: None, steps: [Step { keyword: "Given ", ty: Given, value: "foo is 0", docstring: None, table: None, position: LineCol { line: 4 } }], position: LineCol { line: 3 } }), scenarios: [], rules: [Rule { keyword: "Rule", name: "outline", description: None, background: None, scenarios: [Scenario { keyword: "Scenario Outline", name: "foo", description: None, steps: [Step { keyword: "Given ", ty: Given, value: "foo is 1", docstring: None, table: None, position: LineCol { line: 9 } }, Step { keyword: "When ", ty: When, value: "foo is 2", docstring: None, table: None, position: LineCol { line: 10 } }, Step { keyword: "Then ", ty: Then, value: "foo is 3", docstring: None, table: None, position: LineCol { line: 11 } }], examples: [Examples { keyword: "Examples", name: None, description: None, table: Some(Table { rows: [["bar1", "bar2", "bar3"], ["1", "2", "3"]], position: LineCol { line: 14 } }), tags: [], position: LineCol { line: 13 } }], tags: [], position: LineCol { line: 15 } }], tags: [], position: LineCol { line: 6 } }], tags: [], position: LineCol { line: 1 }, }, Rule(Rule { keyword: "Rule", name: "outline", description: None, background: None, scenarios: [Scenario { keyword: "Scenario Outline", name: "foo", description: None, steps: [Step { keyword: "Given ", ty: Given, value: "foo is 1", docstring: None, table: None, position: LineCol { line: 9 } }, Step { keyword: "When ", ty: When, value: "foo is 2", docstring: None, table: None, position: LineCol { line: 10 } }, Step { keyword: "Then ", ty: Then, value: "foo is 3", docstring: None, table: None, position: LineCol { line: 11 } }], examples: [Examples { keyword: "Examples", name: None, description: None, table: Some(Table { rows: [["bar1", "bar2", "bar3"], ["1", "2", "3"]], position: LineCol { line: 14 } }), tags: [], position: LineCol { line: 13 } }], tags: [], position: LineCol { line: 15 } }], tags: [], position: LineCol { line: 6 } }, Scenario(Scenario { keyword: "Scenario Outline", name: "foo", description: None, steps: [Step { keyword: "Given ", ty: Given, value: "foo is 1", docstring: None, table: None, position: LineCol { line: 9 } }, Step { keyword: "When ", ty: When, value: "foo is 2", docstring: None, table: None, position: LineCol { line: 10 } }, Step { keyword: "Then ", ty: Then, value: "foo is 3", docstring: None, table: None, position: LineCol { line: 11 } }], examples: [Examples { keyword: "Examples", name: None, description: None, table: Some(Table { rows: [["bar1", "bar2", "bar3"], ["1", "2", "3"]], position: LineCol { line: 14 } }), tags: [], position: LineCol { line: 13 } }], tags: [], position: LineCol { line: 15 } }, RetryableScenario { event: Step(Step { keyword: "Given ", ty: Given, value: "foo is 1", docstring: None, table: None, position: LineCol { line: 9 } }, Passed(CaptureLocations(Captures { pid: Some(PatternID(0)), spans: {0: 0..8, 1: 7..8} }), Some(Location { line: 11, column: 1 }))), retries: None })))
Feature(Feature { keyword: "Feature", name: "Outline", description: None, background: Some(Background { keyword: "Background", name: "", description: None, steps: [Step { keyword: "Given ", ty: Given, value: "foo is 0", docstring: None, table: None, position: LineCol { line: 4 } }], position: LineCol { line: 3 } }), scenarios: [], rules: [Rule { keyword: "Rule", name: "outline", description: None, background: None, scenarios: [Scenario { keyword: "Scenario Outline", name: "foo", description: None, steps: [Step { keyword: "Given ", ty: Given, value: "foo is 1", docstring: None, table: None, position: LineCol { line: 9 } }, Step { keyword: "When ", ty: When, value: "foo is 2", docstring: None, table: None, position: LineCol { line: 10 } }, Step { keyword: "Then ", ty: Then, value: "foo is 3", docstring: None, table: None, position: LineCol { line: 11 } }], examples: [Examples { keyword: "Examples", name: None, description: None, table: Some(Table { rows: [["bar1", "bar2", "bar3"], ["1", "2", "3"]], position: LineCol { line: 14 } }), tags: [], position: LineCol { line: 13 } }], tags: [], position: LineCol { line: 15 } }], tags: [], position: LineCol { line: 6 } }], tags: [], position: LineCol { line: 1 }, }, Rule(Rule { keyword: "Rule", name: "outline", description: None, background: None, scenarios: [Scenario { keyword: "Scenario Outline", name: "foo", description: None, steps: [Step { keyword: "Given ", ty: Given, value: "foo is 1", docstring: None, table: None, position: LineCol { line: 9 } }, Step { keyword: "When ", ty: When, value: "foo is 2", docstring: None, table: None, position: LineCol { line: 10 } }, Step { keyword: "Then ", ty: Then, value: "foo is 3", docstring: None, table: None, position: LineCol { line: 11 } }], examples: [Examples { keyword: "Examples", name: None, description: None, table: Some(Table { rows: [["bar1", "bar2", "bar3"], ["1", "2", "3"]], position: LineCol { line: 14 } }), tags: [], position: LineCol { line: 13 } }], tags: [], position: LineCol { line: 15 } }], tags: [], position: LineCol { line: 6 } }, Scenario(Scenario { keyword: "Scenario Outline", name: "foo", description: None, steps: [Step { keyword: "Given ", ty: Given, value: "foo is 1", docstring: None, table: None, position: LineCol { line: 9 } }, Step { keyword: "When ", ty: When, value: "foo is 2", docstring: None, table: None, position: LineCol { line: 10 } }, Step { keyword: "Then ", ty: Then, value: "foo is 3", docstring: None, table: None, position: LineCol { line: 11 } }], examples: [Examples { keyword: "Examples", name: None, description: None, table: Some(Table { rows: [["bar1", "bar2", "bar3"], ["1", "2", "3"]], position: LineCol { line: 14 } }), tags: [], position: LineCol { line: 13 } }], tags: [], position: LineCol { line: 15 } }, RetryableScenario { event: Step(Step { keyword: "When ", ty: When, value: "foo is 2", docstring: None, table: None, position: LineCol { line: 10 } }, Started), retries: None })))
Feature(Feature { keyword: "Feature", name: "Outline", description: None, background: Some(Background { keyword: "Background", name: "", description: None, steps: [Step { keyword: "Given ", ty: Given, value: "foo is 0", docstring: None, table: None, position: LineCol { line: 4 } }], position: LineCol { line: 3 } }), scenarios: [], rules: [Rule { keyword: "Rule", name: "outline", description: None, background: None, scenarios: [Scenario { keyword: "Scenario Outline", name: "foo", description: None, steps: [Step { keyword: "Given ", ty: Given, value: "foo is 1", docstring: None, table: None, position: LineCol { line: 9 } }, Step { keyword: "When ", ty: When, value: "foo is 2", docstring: None, table: None, position: LineCol { line: 10 } }, Step { keyword: "Then ", ty: Then, value: "foo is 3", docstring: None, table: None, position: LineCol { line: 11 } }], examples: [Examples { keyword: "Examples", name: None, description: None, table: Some(Table { rows: [["bar1", "bar2", "bar3"], ["1", "2", "3"]], position: LineCol { line: 14 } }), tags: [], position: LineCol { line: 13 } }], tags: [], position: LineCol { line: 15 } }], tags: [], position: LineCol { line: 6 } }], tags: [], position: LineCol { line: 1 }, }, Rule(Rule { keyword: "Rule", name: "outline", description: None, background: None, scenarios: [Scenario { keyword: "Scenario Outline", name: "foo", description: None, steps: [Step { keyword: "Given ", ty: Given, value: "foo is 1", docstring: None, table: None, position: LineCol { line: 9 } }, Step { keyword: "When ", ty: When, value: "foo is 2", docstring: None, table: None, position: LineCol { line: 10 } }, Step { keyword: "Then ", ty: Then, value: "foo is 3", docstring: None, table: None, position: LineCol { line: 11 } }], examples: [Examples { keyword: "Examples", name: None, description: None, table: Some(Table { rows: [["bar1", "bar2", "bar3"], ["1", "2", "3"]], position: LineCol { line: 14 } }), tags: [], position: LineCol { line: 13 } }], tags: [], position: LineCol { line: 15 } }], tags: [], position: LineCol { line: 6 } }, Scenario(Scenario { keyword: "Scenario Outline", name: "foo", description: None, steps: [Step { keyword: "Given ", ty: Given, value: "foo is 1", docstring: None, table: None, position: LineCol { line: 9 } }, Step { keyword: "When ", ty: When, value: "foo is 2", docstring: None, table: None, position: LineCol { line: 10 } }, Step { keyword: "Then ", ty: Then, value: "foo is 3", docstring: None, table: None, position: LineCol { line: 11 } }], examples: [Examples { keyword: "Examples", name: None, description: None, table: Some(Table { rows: [["bar1", "bar2", "bar3"], ["1", "2", "3"]], position: LineCol { line: 14 } }), tags: [], position: LineCol { line: 13 } }], tags: [], position: LineCol { line: 15 } }, RetryableScenario { event: Step(Step { keyword: "When ", ty: When, value: "foo is 2", docstring: None, table: None, position: LineCol { line: 10 } }, Passed(CaptureLocations(Captures { pid: Some(PatternID(0)), spans: {0: 0..8, 1: 7..8} }), Some(Location { line: 12, column: 1 }))), retries: None })))
Feature(Feature { keyword: "Feature", name: "Outline", description: None, background: Some(Background { keyword: "Background", name: "", description: None, steps: [Step { keyword: "Given ", ty: Given, value: "foo is 0", docstring: None, table: None, position: LineCol { line: 4 } }], position: LineCol { line: 3 } }), scenarios: [], rules: [Rule { keyword: "Rule", name: "outline", description: None, background: None, scenarios: [Scenario { keyword: "Scenario Outline", name: "foo", description: None, steps: [Step { keyword: "Given ", ty: Given, value: "foo is 1", docstring: None, table: None, position: LineCol { line: 9 } }, Step { keyword: "When ", ty: When, value: "foo is 2", docstring: None, table: None, position: LineCol { line: 10 } }, Step { keyword: "Then ", ty: Then, value: "foo is 3", docstring: None, table: None, position: LineCol { line: 11 } }], examples: [Examples { keyword: "Examples", name: None, description: None, table: Some(Table { rows: [["bar1", "bar2", "bar3"], ["1", "2", "3"]], position: LineCol { line: 14 } }), tags: [], position: LineCol { line: 13 } }], tags: [], position: LineCol { line: 15 } }], tags: [], position: LineCol { line: 6 } }], tags: [], position: LineCol { line: 1 }, }, Rule(Rule { keyword: "Rule", name: "outline", description: None, background: None, scenarios: [Scenario { keyword: "Scenario Outline", name: "foo", description: None, steps: [Step { keyword: "Given ", ty: Given, value: "foo is 1", docstring: None, table: None, position: LineCol { line: 9 } }, Step { keyword: "When ", ty: When, value: "foo is 2", docstring: None, table: None, position: LineCol { line: 10 } }, Step { keyword: "Then ", ty: Then, value: "foo is 3", docstring: None, table: None, position: LineCol { line: 11 } }], examples: [Examples { keyword: "Examples", name: None, description: None, table: Some(Table { rows: [["bar1", "bar2", "bar3"], ["1", "2", "3"]], position: LineCol { line: 14 } }), tags: [], position: LineCol { line: 13 } }], tags: [], position: LineCol { line: 15 } }], tags: [], position: LineCol { line: 6 } }, Scenario(Scenario { keyword: "Scenario Outline", name: "foo", description: None, steps: [Step { keyword: "Given ", ty: Given, value: "foo is 1", docstring: None, table: None, position: LineCol { line: 9 } }, Step { keyword: "When ", ty: When, value: "foo is 2", docstring: None, table: None, position: LineCol { line: 10 } }, Step { keyword: "Then ", ty: Then, value: "foo is 3", docstring: None, table: None, position: LineCol { line: 11 } }], examples: [Examples { keyword: "Examples", name: None, description: None, table: Some(Table { rows: [["bar1", "bar2", "bar3"], ["1", "2", "3"]], position: LineCol { line: 14 } }), tags: [], position: LineCol { line: 13 } }], tags: [], position: LineCol { line: 15 } }, RetryableScenario { event: Step(Step { keyword: "Then ", ty: Then, value: "foo is 3", docstring: None, table: None, position: LineCol { line: 11 } }, Started), retries: None })))
Feature(Feature { keyword: "Feature", name: "Outline", description: None, background: Some(Background { keyword: "Background", name: "", description: None, steps: [Step { keyword: "Given ", ty: Given, value: "foo is 0", docstring: None, table: None, position: LineCol { line: 4 } }], position: LineCol { line: 3 } }), scenarios: [], rules: [Rule { keyword: "Rule", name: "outline", description: None, background: None, scenarios: [Scenario { keyword: "Scenario Outline", name: "foo", description: None, steps: [Step { keyword: "Given ", ty: Given, value: "foo is 1", docstring: None, table: None, position: LineCol { line: 9 } }, Step { keyword: "When ", ty: When, value: "foo is 2", docstring: None, table: None, position: LineCol { line: 10 } }, Step { keyword: "Then ", ty: Then, value: "foo is 3", docstring: None, table: None, position: LineCol { line: 11 } }], examples: [Examples { keyword: "Examples", name: None, description: None, table: Some(Table { rows: [["bar1", "bar2", "bar3"], ["1", "2", "3"]], position: LineCol { line: 14 } }), tags: [], position: LineCol { line: 13 } }], tags: [], position: LineCol { line: 15 } }], tags: [], position: LineCol { line: 6 } }], tags: [], position: LineCol { line: 1 }, }, Rule(Rule { keyword: "Rule", name: "outline", description: None, background: None, scenarios: [Scenario { keyword: "Scenario Outline", name: "foo", description: None, steps: [Step { keyword: "Given ", ty: Given, value: "foo is 1", docstring: None, table: None, position: LineCol { line: 9 } }, Step { keyword: "When ", ty: When, value: "foo is 2", docstring: None, table: None, position: LineCol { line: 10 } }, Step { keyword: "Then ", ty: Then, value: "foo is 3", docstring: None, table: None, position: LineCol { line: 11 } }], examples: [Examples { keyword: "Examples", name: None, description: None, table: Some(Table { rows: [["bar1", "bar2", "bar3"], ["1", "2", "3"]], position: LineCol { line: 14 } }), tags: [], position: LineCol { line: 13 } }], tags: [], position: LineCol { line: 15 } }], tags: [], position: LineCol { line: 6 } }, Scenario(Scenario { keyword: "Scenario Outline", name: "foo", description: None, steps: [Step { keyword: "Given ", ty: Given, value: "foo is 1", docstring: None, table: None, position: LineCol { line: 9 } }, Step { keyword: "When ", ty: When, value: "foo is 2", docstring: None, table: None, position: LineCol { line: 10 } }, Step { keyword: "Then ", ty: Then, value: "foo is 3", docstring: None, table: None, position: LineCol { line: 11 } }], examples: [Examples { keyword: "Examples", name: None, description: None, table: Some(Table { rows: [["bar1", "bar2", "bar3"], ["1", "2", "3"]], position: LineCol { line: 14 } }), tags: [], position: LineCol { line: 13 } }], tags: [], position: LineCol { line: 15 } }, RetryableScenario { event: Step(Step { keyword: "Then ", ty: Then, value: "foo is 3", docstring: None, table: None, position: LineCol { line: 11 } }, Passed(CaptureLocations(Captures { pid: Some(PatternID(0)), spans: {0: 0..8, 1: 7..8} }), Some(Location { line: 13, column: 1 }))), retries: None })))
Feature(Feature { keyword: "Feature", name: "Outline", description: None, background: Some(Background { keyword: "Background", name: "", description: None, steps: [Step { keyword: "Given ", ty: Given, value: "foo is 0", docstring: None, table: None, position: LineCol { line: 4 } }], position: LineCol { line: 3 } }), scenarios: [], rules: [Rule { keyword: "Rule", name: "outline", description: None, background: None, scenarios: [Scenario { keyword: "Scenario Outline", name: "foo", description: None, steps: [Step { keyword: "Given ", ty: Given, value: "foo is 1", docstring: None, table: None, position: LineCol { line: 9 } }, Step { keyword: "When ", ty: When, value: "foo is 2", docstring: None, table: None, position: LineCol { line: 10 } }, Step { keyword: "Then ", ty: Then, value: "foo is 3", docstring: None, table: None, position: LineCol { line: 11 } }], examples: [Examples { keyword: "Examples", name: None, description: None, table: Some(Table { rows: [["bar1", "bar2", "bar3"], ["1", "2", "3"]], position: LineCol { line: 14 } }), tags: [], position: LineCol { line: 13 } }], tags: [], position: LineCol { line: 15 } }], tags: [], position: LineCol { line: 6 } }], tags: [], position: LineCol { line: 1 }, }, Rule(Rule { keyword: "Rule", name: "outline", description: None, background: None, scenarios: [Scenario { keyword: "Scenario Outline", name: "foo", description: None, steps: [Step { keyword: "Given ", ty: Given, value: "foo is 1", docstring: None, table: None, position: LineCol { line: 9 } }, Step { keyword: "When ", ty: When, value: "foo is 2", docstring: None, table: None, position: LineCol { line: 10 } }, Step { keyword: "Then ", ty: Then, value: "foo is 3", docstring: None, table: None, position: LineCol { line: 11 } }], examples: [Examples { keyword: "Examples", name: None, description: None, table: Some(Table { rows: [["bar1", "bar2", "bar3"], ["1", "2", "3"]], position: LineCol { line: 14 } }), tags: [], position: LineCol { line: 13 } }], tags: [], position: LineCol { line: 15 } }], tags: [], position: LineCol { line: 6 } }, Scenario(Scenario { keyword: "Scenario Outline", name: "foo", description: None, steps: [Step { keyword: "Given ", ty: Given, value: "foo is 1", docstring: None, table: None, position: LineCol { line: 9 } }, Step { keyword: "When ", ty: When, value: "foo is 2", docstring: None, table: None, position: LineCol { line: 10 } }, Step { keyword: "Then ", ty: Then, value: "foo is 3", docstring: None, table: None, position: LineCol { line: 11 } }], examples: [Examples { keyword: "Examples", name: None, description: None, table: Some(Table { rows: [["bar1", "bar2", "bar3"], ["1", "2", "3"]], position: LineCol { line: 14 } }), tags: [], position: LineCol { line: 13 } }], tags: [], position: LineCol { line: 15 } }, RetryableScenario { event: Finished, retries: None })))
Feature(Feature { keyword: "Feature", name: "Outline", description: None, background: Some(Background { keyword: "Background", name: "", description: None, steps: [Step { keyword: "Given ", ty: Given, value: "foo is 0", docstring: None, table: None, position: LineCol { line: 4 } }], position: LineCol { line: 3 } }), scenarios: [], rules: [Rule { keyword: "Rule", name: "outline", description: None, background: None, scenarios: [Scenario { keyword: "Scenario Outline", name: "foo", description: None, steps: [Step { keyword: "Given ", ty: Given, value: "foo is 1", docstring: None, table: None, position: LineCol { line: 9 } }, Step { keyword: "When ", ty: When, value: "foo is 2", docstring: None, table: None, position: LineCol { line: 10 } }, Step { keyword: "Then ", ty: Then, value: "foo is 3", docstring: None, table: None, position: LineCol { line: 11 } }], examples: [Examples { keyword: "Examples", name: None, description: None, table: Some(Table { rows: [["bar1", "bar2", "bar3"], ["1", "2", "3"]], position: LineCol { line: 14 } }), tags: [], position: LineCol { line: 13 } }], tags: [], position: LineCol { line: 15 } }], tags: [], position: LineCol { line: 6 } }], tags: [], position: LineCol { line: 1 }, }, Rule(Rule { keyword: "Rule", name: "outline", description: None, background: None, scenarios: [Scenario { keyword: "Scenario Outline", name: "foo", description: None, steps: [Step { keyword: "Given ", ty: Given, value: "foo is 1", docstring: None, table: None, position: LineCol { line: 9 } }, Step { keyword: "When ", ty: When, value: "foo is 2", docstring: None, table: None, position: LineCol { line: 10 } }, Step { keyword: "Then ", ty: Then, value: "foo is 3", docstring: None, table: None, position: LineCol { line: 11 } }], examples: [Examples { keyword: "Examples", name: None, description: None, table: Some(Table { rows: [["bar1", "bar2", "bar3"], ["1", "2", "3"]], position: LineCol { line: 14 } }), tags: [], position: LineCol { line: 13 } }], tags: [], position: LineCol { line: 15 } }], tags: [], position: LineCol { line: 6 } }, Finished))
Feature(Feature { keyword: "Feature", name: "Outline", description: None, background: Some(Background { keyword: "Background", name: "", description: None, steps: [Step { keyword: "Given ", ty: Given, value: "foo is 0", docstring: None, table: None, position: LineCol { line: 4 } }], position: LineCol { line: 3 } }), scenarios: [], rules: [Rule { keyword: "Rule", name: "outline", description: None, background: None, scenarios: [Scenario { keyword: "Scenario Outline", name: "foo", description: None, steps: [Step { keyword: "Given ", ty: Given, value: "foo is 1", docstring: None, table: None, position: LineCol { line: 9 } }, Step { keyword: "When ", ty: When, value: "foo is 2", docstring: None, table: None, position: LineCol { line: 10 } }, Step { keyword: "Then ", ty: Then, value: "foo is 3", docstring: None, table: None, position: LineCol { line: 11 } }], examples: [Examples { keyword: "Examples", name: None, description: None, table: Some(Table { rows: [["bar1", "bar2", "bar3"], ["1", "2", "3"]], position: LineCol { line: 14 } }), tags: [], position: LineCol { line: 13 } }], tags: [], position: LineCol { line: 15 } }], tags: [], position: LineCol { line: 6 } }], tags: [], position: LineCol { line: 1 }, }, Finished)
Finished
