Started
Feature(Feature { keyword: "Feature", name: "output", description: None, background: Some(Background { keyword: "Background", steps: [Step { keyword: "Given", ty: Given, value: "foo is 0", docstring: None, table: None, position: LineCol { line: 4, col: 5 } }], position: LineCol { line: 3, col: 3 } }), scenarios: [Scenario { keyword: "Scenario", name: "output", steps: [Step { keyword: "Given", ty: Given, value: "foo is 1", docstring: None, table: None, position: LineCol { line: 7, col: 7 } }, Step { keyword: "When", ty: When, value: "foo is 2", docstring: None, table: None, position: LineCol { line: 8, col: 7 } }, Step { keyword: "Then", ty: Then, value: "foo is 3", docstring: None, table: None, position: LineCol { line: 9, col: 7 } }], examples: None, tags: [], position: LineCol { line: 6, col: 5 } }], rules: [], tags: [], position: LineCol { line: 1, col: 1 }, }, Started)
Feature(Feature { keyword: "Feature", name: "output", description: None, background: Some(Background { keyword: "Background", steps: [Step { keyword: "Given", ty: Given, value: "foo is 0", docstring: None, table: None, position: LineCol { line: 4, col: 5 } }], position: LineCol { line: 3, col: 3 } }), scenarios: [Scenario { keyword: "Scenario", name: "output", steps: [Step { keyword: "Given", ty: Given, value: "foo is 1", docstring: None, table: None, position: LineCol { line: 7, col: 7 } }, Step { keyword: "When", ty: When, value: "foo is 2", docstring: None, table: None, position: LineCol { line: 8, col: 7 } }, Step { keyword: "Then", ty: Then, value: "foo is 3", docstring: None, table: None, position: LineCol { line: 9, col: 7 } }], examples: None, tags: [], position: LineCol { line: 6, col: 5 } }], rules: [], tags: [], position: LineCol { line: 1, col: 1 }, }, Scenario(Scenario { keyword: "Scenario", name: "output", steps: [Step { keyword: "Given", ty: Given, value: "foo is 1", docstring: None, table: None, position: LineCol { line: 7, col: 7 } }, Step { keyword: "When", ty: When, value: "foo is 2", docstring: None, table: None, position: LineCol { line: 8, col: 7 } }, Step { keyword: "Then", ty: Then, value: "foo is 3", docstring: None, table: None, position: LineCol { line: 9, col: 7 } }], examples: None, tags: [], position: LineCol { line: 6, col: 5 } }, Started))
Feature(Feature { keyword: "Feature", name: "output", description: None, background: Some(Background { keyword: "Background", steps: [Step { keyword: "Given", ty: Given, value: "foo is 0", docstring: None, table: None, position: LineCol { line: 4, col: 5 } }], position: LineCol { line: 3, col: 3 } }), scenarios: [Scenario { keyword: "Scenario", name: "output", steps: [Step { keyword: "Given", ty: Given, value: "foo is 1", docstring: None, table: None, position: LineCol { line: 7, col: 7 } }, Step { keyword: "When", ty: When, value: "foo is 2", docstring: None, table: None, position: LineCol { line: 8, col: 7 } }, Step { keyword: "Then", ty: Then, value: "foo is 3", docstring: None, table: None, position: LineCol { line: 9, col: 7 } }], examples: None, tags: [], position: LineCol { line: 6, col: 5 } }], rules: [], tags: [], position: LineCol { line: 1, col: 1 }, }, Scenario(Scenario { keyword: "Scenario", name: "output", steps: [Step { keyword: "Given", ty: Given, value: "foo is 1", docstring: None, table: None, position: LineCol { line: 7, col: 7 } }, Step { keyword: "When", ty: When, value: "foo is 2", docstring: None, table: None, position: LineCol { line: 8, col: 7 } }, Step { keyword: "Then", ty: Then, value: "foo is 3", docstring: None, table: None, position: LineCol { line: 9, col: 7 } }], examples: None, tags: [], position: LineCol { line: 6, col: 5 } }, Background(Step { keyword: "Given", ty: Given, value: "foo is 0", docstring: None, table: None, position: LineCol { line: 4, col: 5 } }, Started)))
Feature(Feature { keyword: "Feature", name: "output", description: None, background: Some(Background { keyword: "Background", steps: [Step { keyword: "Given", ty: Given, value: "foo is 0", docstring: None, table: None, position: LineCol { line: 4, col: 5 } }], position: LineCol { line: 3, col: 3 } }), scenarios: [Scenario { keyword: "Scenario", name: "output", steps: [Step { keyword: "Given", ty: Given, value: "foo is 1", docstring: None, table: None, position: LineCol { line: 7, col: 7 } }, Step { keyword: "When", ty: When, value: "foo is 2", docstring: None, table: None, position: LineCol { line: 8, col: 7 } }, Step { keyword: "Then", ty: Then, value: "foo is 3", docstring: None, table: None, position: LineCol { line: 9, col: 7 } }], examples: None, tags: [], position: LineCol { line: 6, col: 5 } }], rules: [], tags: [], position: LineCol { line: 1, col: 1 }, }, Scenario(Scenario { keyword: "Scenario", name: "output", steps: [Step { keyword: "Given", ty: Given, value: "foo is 1", docstring: None, table: None, position: LineCol { line: 7, col: 7 } }, Step { keyword: "When", ty: When, value: "foo is 2", docstring: None, table: None, position: LineCol { line: 8, col: 7 } }, Step { keyword: "Then", ty: Then, value: "foo is 3", docstring: None, table: None, position: LineCol { line: 9, col: 7 } }], examples: None, tags: [], position: LineCol { line: 6, col: 5 } }, Background(Step { keyword: "Given", ty: Given, value: "foo is 0", docstring: None, table: None, position: LineCol { line: 4, col: 5 } }, Passed(CaptureLocations(Locations([Some(0), Some(8), Some(7), Some(8)]))))))
Feature(Feature { keyword: "Feature", name: "output", description: None, background: Some(Background { keyword: "Background", steps: [Step { keyword: "Given", ty: Given, value: "foo is 0", docstring: None, table: None, position: LineCol { line: 4, col: 5 } }], position: LineCol { line: 3, col: 3 } }), scenarios: [Scenario { keyword: "Scenario", name: "output", steps: [Step { keyword: "Given", ty: Given, value: "foo is 1", docstring: None, table: None, position: LineCol { line: 7, col: 7 } }, Step { keyword: "When", ty: When, value: "foo is 2", docstring: None, table: None, position: LineCol { line: 8, col: 7 } }, Step { keyword: "Then", ty: Then, value: "foo is 3", docstring: None, table: None, position: LineCol { line: 9, col: 7 } }], examples: None, tags: [], position: LineCol { line: 6, col: 5 } }], rules: [], tags: [], position: LineCol { line: 1, col: 1 }, }, Scenario(Scenario { keyword: "Scenario", name: "output", steps: [Step { keyword: "Given", ty: Given, value: "foo is 1", docstring: None, table: None, position: LineCol { line: 7, col: 7 } }, Step { keyword: "When", ty: When, value: "foo is 2", docstring: None, table: None, position: LineCol { line: 8, col: 7 } }, Step { keyword: "Then", ty: Then, value: "foo is 3", docstring: None, table: None, position: LineCol { line: 9, col: 7 } }], examples: None, tags: [], position: LineCol { line: 6, col: 5 } }, Step(Step { keyword: "Given", ty: Given, value: "foo is 1", docstring: None, table: None, position: LineCol { line: 7, col: 7 } }, Started)))
Feature(Feature { keyword: "Feature", name: "output", description: None, background: Some(Background { keyword: "Background", steps: [Step { keyword: "Given", ty: Given, value: "foo is 0", docstring: None, table: None, position: LineCol { line: 4, col: 5 } }], position: LineCol { line: 3, col: 3 } }), scenarios: [Scenario { keyword: "Scenario", name: "output", steps: [Step { keyword: "Given", ty: Given, value: "foo is 1", docstring: None, table: None, position: LineCol { line: 7, col: 7 } }, Step { keyword: "When", ty: When, value: "foo is 2", docstring: None, table: None, position: LineCol { line: 8, col: 7 } }, Step { keyword: "Then", ty: Then, value: "foo is 3", docstring: None, table: None, position: LineCol { line: 9, col: 7 } }], examples: None, tags: [], position: LineCol { line: 6, col: 5 } }], rules: [], tags: [], position: LineCol { line: 1, col: 1 }, }, Scenario(Scenario { keyword: "Scenario", name: "output", steps: [Step { keyword: "Given", ty: Given, value: "foo is 1", docstring: None, table: None, position: LineCol { line: 7, col: 7 } }, Step { keyword: "When", ty: When, value: "foo is 2", docstring: None, table: None, position: LineCol { line: 8, col: 7 } }, Step { keyword: "Then", ty: Then, value: "foo is 3", docstring: None, table: None, position: LineCol { line: 9, col: 7 } }], examples: None, tags: [], position: LineCol { line: 6, col: 5 } }, Step(Step { keyword: "Given", ty: Given, value: "foo is 1", docstring: None, table: None, position: LineCol { line: 7, col: 7 } }, Passed(CaptureLocations(Locations([Some(0), Some(8), Some(7), Some(8)]))))))
Feature(Feature { keyword: "Feature", name: "output", description: None, background: Some(Background { keyword: "Background", steps: [Step { keyword: "Given", ty: Given, value: "foo is 0", docstring: None, table: None, position: LineCol { line: 4, col: 5 } }], position: LineCol { line: 3, col: 3 } }), scenarios: [Scenario { keyword: "Scenario", name: "output", steps: [Step { keyword: "Given", ty: Given, value: "foo is 1", docstring: None, table: None, position: LineCol { line: 7, col: 7 } }, Step { keyword: "When", ty: When, value: "foo is 2", docstring: None, table: None, position: LineCol { line: 8, col: 7 } }, Step { keyword: "Then", ty: Then, value: "foo is 3", docstring: None, table: None, position: LineCol { line: 9, col: 7 } }], examples: None, tags: [], position: LineCol { line: 6, col: 5 } }], rules: [], tags: [], position: LineCol { line: 1, col: 1 }, }, Scenario(Scenario { keyword: "Scenario", name: "output", steps: [Step { keyword: "Given", ty: Given, value: "foo is 1", docstring: None, table: None, position: LineCol { line: 7, col: 7 } }, Step { keyword: "When", ty: When, value: "foo is 2", docstring: None, table: None, position: LineCol { line: 8, col: 7 } }, Step { keyword: "Then", ty: Then, value: "foo is 3", docstring: None, table: None, position: LineCol { line: 9, col: 7 } }], examples: None, tags: [], position: LineCol { line: 6, col: 5 } }, Step(Step { keyword: "When", ty: When, value: "foo is 2", docstring: None, table: None, position: LineCol { line: 8, col: 7 } }, Started)))
Feature(Feature { keyword: "Feature", name: "output", description: None, background: Some(Background { keyword: "Background", steps: [Step { keyword: "Given", ty: Given, value: "foo is 0", docstring: None, table: None, position: LineCol { line: 4, col: 5 } }], position: LineCol { line: 3, col: 3 } }), scenarios: [Scenario { keyword: "Scenario", name: "output", steps: [Step { keyword: "Given", ty: Given, value: "foo is 1", docstring: None, table: None, position: LineCol { line: 7, col: 7 } }, Step { keyword: "When", ty: When, value: "foo is 2", docstring: None, table: None, position: LineCol { line: 8, col: 7 } }, Step { keyword: "Then", ty: Then, value: "foo is 3", docstring: None, table: None, position: LineCol { line: 9, col: 7 } }], examples: None, tags: [], position: LineCol { line: 6, col: 5 } }], rules: [], tags: [], position: LineCol { line: 1, col: 1 }, }, Scenario(Scenario { keyword: "Scenario", name: "output", steps: [Step { keyword: "Given", ty: Given, value: "foo is 1", docstring: None, table: None, position: LineCol { line: 7, col: 7 } }, Step { keyword: "When", ty: When, value: "foo is 2", docstring: None, table: None, position: LineCol { line: 8, col: 7 } }, Step { keyword: "Then", ty: Then, value: "foo is 3", docstring: None, table: None, position: LineCol { line: 9, col: 7 } }], examples: None, tags: [], position: LineCol { line: 6, col: 5 } }, Step(Step { keyword: "When", ty: When, value: "foo is 2", docstring: None, table: None, position: LineCol { line: 8, col: 7 } }, Passed(CaptureLocations(Locations([Some(0), Some(8), Some(7), Some(8)]))))))
Feature(Feature { keyword: "Feature", name: "output", description: None, background: Some(Background { keyword: "Background", steps: [Step { keyword: "Given", ty: Given, value: "foo is 0", docstring: None, table: None, position: LineCol { line: 4, col: 5 } }], position: LineCol { line: 3, col: 3 } }), scenarios: [Scenario { keyword: "Scenario", name: "output", steps: [Step { keyword: "Given", ty: Given, value: "foo is 1", docstring: None, table: None, position: LineCol { line: 7, col: 7 } }, Step { keyword: "When", ty: When, value: "foo is 2", docstring: None, table: None, position: LineCol { line: 8, col: 7 } }, Step { keyword: "Then", ty: Then, value: "foo is 3", docstring: None, table: None, position: LineCol { line: 9, col: 7 } }], examples: None, tags: [], position: LineCol { line: 6, col: 5 } }], rules: [], tags: [], position: LineCol { line: 1, col: 1 }, }, Scenario(Scenario { keyword: "Scenario", name: "output", steps: [Step { keyword: "Given", ty: Given, value: "foo is 1", docstring: None, table: None, position: LineCol { line: 7, col: 7 } }, Step { keyword: "When", ty: When, value: "foo is 2", docstring: None, table: None, position: LineCol { line: 8, col: 7 } }, Step { keyword: "Then", ty: Then, value: "foo is 3", docstring: None, table: None, position: LineCol { line: 9, col: 7 } }], examples: None, tags: [], position: LineCol { line: 6, col: 5 } }, Step(Step { keyword: "Then", ty: Then, value: "foo is 3", docstring: None, table: None, position: LineCol { line: 9, col: 7 } }, Started)))
Feature(Feature { keyword: "Feature", name: "output", description: None, background: Some(Background { keyword: "Background", steps: [Step { keyword: "Given", ty: Given, value: "foo is 0", docstring: None, table: None, position: LineCol { line: 4, col: 5 } }], position: LineCol { line: 3, col: 3 } }), scenarios: [Scenario { keyword: "Scenario", name: "output", steps: [Step { keyword: "Given", ty: Given, value: "foo is 1", docstring: None, table: None, position: LineCol { line: 7, col: 7 } }, Step { keyword: "When", ty: When, value: "foo is 2", docstring: None, table: None, position: LineCol { line: 8, col: 7 } }, Step { keyword: "Then", ty: Then, value: "foo is 3", docstring: None, table: None, position: LineCol { line: 9, col: 7 } }], examples: None, tags: [], position: LineCol { line: 6, col: 5 } }], rules: [], tags: [], position: LineCol { line: 1, col: 1 }, }, Scenario(Scenario { keyword: "Scenario", name: "output", steps: [Step { keyword: "Given", ty: Given, value: "foo is 1", docstring: None, table: None, position: LineCol { line: 7, col: 7 } }, Step { keyword: "When", ty: When, value: "foo is 2", docstring: None, table: None, position: LineCol { line: 8, col: 7 } }, Step { keyword: "Then", ty: Then, value: "foo is 3", docstring: None, table: None, position: LineCol { line: 9, col: 7 } }], examples: None, tags: [], position: LineCol { line: 6, col: 5 } }, Step(Step { keyword: "Then", ty: Then, value: "foo is 3", docstring: None, table: None, position: LineCol { line: 9, col: 7 } }, Passed(CaptureLocations(Locations([Some(0), Some(8), Some(7), Some(8)]))))))
Feature(Feature { keyword: "Feature", name: "output", description: None, background: Some(Background { keyword: "Background", steps: [Step { keyword: "Given", ty: Given, value: "foo is 0", docstring: None, table: None, position: LineCol { line: 4, col: 5 } }], position: LineCol { line: 3, col: 3 } }), scenarios: [Scenario { keyword: "Scenario", name: "output", steps: [Step { keyword: "Given", ty: Given, value: "foo is 1", docstring: None, table: None, position: LineCol { line: 7, col: 7 } }, Step { keyword: "When", ty: When, value: "foo is 2", docstring: None, table: None, position: LineCol { line: 8, col: 7 } }, Step { keyword: "Then", ty: Then, value: "foo is 3", docstring: None, table: None, position: LineCol { line: 9, col: 7 } }], examples: None, tags: [], position: LineCol { line: 6, col: 5 } }], rules: [], tags: [], position: LineCol { line: 1, col: 1 }, }, Scenario(Scenario { keyword: "Scenario", name: "output", steps: [Step { keyword: "Given", ty: Given, value: "foo is 1", docstring: None, table: None, position: LineCol { line: 7, col: 7 } }, Step { keyword: "When", ty: When, value: "foo is 2", docstring: None, table: None, position: LineCol { line: 8, col: 7 } }, Step { keyword: "Then", ty: Then, value: "foo is 3", docstring: None, table: None, position: LineCol { line: 9, col: 7 } }], examples: None, tags: [], position: LineCol { line: 6, col: 5 } }, Finished))
Feature(Feature { keyword: "Feature", name: "output", description: None, background: Some(Background { keyword: "Background", steps: [Step { keyword: "Given", ty: Given, value: "foo is 0", docstring: None, table: None, position: LineCol { line: 4, col: 5 } }], position: LineCol { line: 3, col: 3 } }), scenarios: [Scenario { keyword: "Scenario", name: "output", steps: [Step { keyword: "Given", ty: Given, value: "foo is 1", docstring: None, table: None, position: LineCol { line: 7, col: 7 } }, Step { keyword: "When", ty: When, value: "foo is 2", docstring: None, table: None, position: LineCol { line: 8, col: 7 } }, Step { keyword: "Then", ty: Then, value: "foo is 3", docstring: None, table: None, position: LineCol { line: 9, col: 7 } }], examples: None, tags: [], position: LineCol { line: 6, col: 5 } }], rules: [], tags: [], position: LineCol { line: 1, col: 1 }, }, Finished)
Finished
