Started
Feature(Feature { keyword: "Feature", name: "output", description: Some("Markdown\n* item 1\n* item 2\nBut is also supported\nAnd even\nGiven is supported too"), background: None, scenarios: [Scenario { keyword: "Scenario", name: "output", description: None, steps: [Step { keyword: "Given ", ty: Given, value: "foo is 0", docstring: None, table: None, position: LineCol { line: 10 } }, Step { keyword: "When ", ty: When, value: "foo is 1", docstring: None, table: None, position: LineCol { line: 11 } }, Step { keyword: "Then ", ty: Then, value: "foo is 2", docstring: None, table: None, position: LineCol { line: 12 } }], examples: [], tags: [], position: LineCol { line: 9 } }], rules: [], tags: [], position: LineCol { line: 1 }, }, Started)
Feature(Feature { keyword: "Feature", name: "output", description: Some("Markdown\n* item 1\n* item 2\nBut is also supported\nAnd even\nGiven is supported too"), background: None, scenarios: [Scenario { keyword: "Scenario", name: "output", description: None, steps: [Step { keyword: "Given ", ty: Given, value: "foo is 0", docstring: None, table: None, position: LineCol { line: 10 } }, Step { keyword: "When ", ty: When, value: "foo is 1", docstring: None, table: None, position: LineCol { line: 11 } }, Step { keyword: "Then ", ty: Then, value: "foo is 2", docstring: None, table: None, position: LineCol { line: 12 } }], examples: [], tags: [], position: LineCol { line: 9 } }], rules: [], tags: [], position: LineCol { line: 1 }, }, Scenario(Scenario { keyword: "Scenario", name: "output", description: None, steps: [Step { keyword: "Given ", ty: Given, value: "foo is 0", docstring: None, table: None, position: LineCol { line: 10 } }, Step { keyword: "When ", ty: When, value: "foo is 1", docstring: None, table: None, position: LineCol { line: 11 } }, Step { keyword: "Then ", ty: Then, value: "foo is 2", docstring: None, table: None, position: LineCol { line: 12 } }], examples: [], tags: [], position: LineCol { line: 9 } }, Started))
Feature(Feature { keyword: "Feature", name: "output", description: Some("Markdown\n* item 1\n* item 2\nBut is also supported\nAnd even\nGiven is supported too"), background: None, scenarios: [Scenario { keyword: "Scenario", name: "output", description: None, steps: [Step { keyword: "Given ", ty: Given, value: "foo is 0", docstring: None, table: None, position: LineCol { line: 10 } }, Step { keyword: "When ", ty: When, value: "foo is 1", docstring: None, table: None, position: LineCol { line: 11 } }, Step { keyword: "Then ", ty: Then, value: "foo is 2", docstring: None, table: None, position: LineCol { line: 12 } }], examples: [], tags: [], position: LineCol { line: 9 } }], rules: [], tags: [], position: LineCol { line: 1 }, }, Scenario(Scenario { keyword: "Scenario", name: "output", description: None, steps: [Step { keyword: "Given ", ty: Given, value: "foo is 0", docstring: None, table: None, position: LineCol { line: 10 } }, Step { keyword: "When ", ty: When, value: "foo is 1", docstring: None, table: None, position: LineCol { line: 11 } }, Step { keyword: "Then ", ty: Then, value: "foo is 2", docstring: None, table: None, position: LineCol { line: 12 } }], examples: [], tags: [], position: LineCol { line: 9 } }, Step(Step { keyword: "Given ", ty: Given, value: "foo is 0", docstring: None, table: None, position: LineCol { line: 10 } }, Started)))
Feature(Feature { keyword: "Feature", name: "output", description: Some("Markdown\n* item 1\n* item 2\nBut is also supported\nAnd even\nGiven is supported too"), background: None, scenarios: [Scenario { keyword: "Scenario", name: "output", description: None, steps: [Step { keyword: "Given ", ty: Given, value: "foo is 0", docstring: None, table: None, position: LineCol { line: 10 } }, Step { keyword: "When ", ty: When, value: "foo is 1", docstring: None, table: None, position: LineCol { line: 11 } }, Step { keyword: "Then ", ty: Then, value: "foo is 2", docstring: None, table: None, position: LineCol { line: 12 } }], examples: [], tags: [], position: LineCol { line: 9 } }], rules: [], tags: [], position: LineCol { line: 1 }, }, Scenario(Scenario { keyword: "Scenario", name: "output", description: None, steps: [Step { keyword: "Given ", ty: Given, value: "foo is 0", docstring: None, table: None, position: LineCol { line: 10 } }, Step { keyword: "When ", ty: When, value: "foo is 1", docstring: None, table: None, position: LineCol { line: 11 } }, Step { keyword: "Then ", ty: Then, value: "foo is 2", docstring: None, table: None, position: LineCol { line: 12 } }], examples: [], tags: [], position: LineCol { line: 9 } }, Step(Step { keyword: "Given ", ty: Given, value: "foo is 0", docstring: None, table: None, position: LineCol { line: 10 } }, Passed(CaptureLocations(Locations([Some(0), Some(8), Some(7), Some(8)]))))))
Feature(Feature { keyword: "Feature", name: "output", description: Some("Markdown\n* item 1\n* item 2\nBut is also supported\nAnd even\nGiven is supported too"), background: None, scenarios: [Scenario { keyword: "Scenario", name: "output", description: None, steps: [Step { keyword: "Given ", ty: Given, value: "foo is 0", docstring: None, table: None, position: LineCol { line: 10 } }, Step { keyword: "When ", ty: When, value: "foo is 1", docstring: None, table: None, position: LineCol { line: 11 } }, Step { keyword: "Then ", ty: Then, value: "foo is 2", docstring: None, table: None, position: LineCol { line: 12 } }], examples: [], tags: [], position: LineCol { line: 9 } }], rules: [], tags: [], position: LineCol { line: 1 }, }, Scenario(Scenario { keyword: "Scenario", name: "output", description: None, steps: [Step { keyword: "Given ", ty: Given, value: "foo is 0", docstring: None, table: None, position: LineCol { line: 10 } }, Step { keyword: "When ", ty: When, value: "foo is 1", docstring: None, table: None, position: LineCol { line: 11 } }, Step { keyword: "Then ", ty: Then, value: "foo is 2", docstring: None, table: None, position: LineCol { line: 12 } }], examples: [], tags: [], position: LineCol { line: 9 } }, Step(Step { keyword: "When ", ty: When, value: "foo is 1", docstring: None, table: None, position: LineCol { line: 11 } }, Started)))
Feature(Feature { keyword: "Feature", name: "output", description: Some("Markdown\n* item 1\n* item 2\nBut is also supported\nAnd even\nGiven is supported too"), background: None, scenarios: [Scenario { keyword: "Scenario", name: "output", description: None, steps: [Step { keyword: "Given ", ty: Given, value: "foo is 0", docstring: None, table: None, position: LineCol { line: 10 } }, Step { keyword: "When ", ty: When, value: "foo is 1", docstring: None, table: None, position: LineCol { line: 11 } }, Step { keyword: "Then ", ty: Then, value: "foo is 2", docstring: None, table: None, position: LineCol { line: 12 } }], examples: [], tags: [], position: LineCol { line: 9 } }], rules: [], tags: [], position: LineCol { line: 1 }, }, Scenario(Scenario { keyword: "Scenario", name: "output", description: None, steps: [Step { keyword: "Given ", ty: Given, value: "foo is 0", docstring: None, table: None, position: LineCol { line: 10 } }, Step { keyword: "When ", ty: When, value: "foo is 1", docstring: None, table: None, position: LineCol { line: 11 } }, Step { keyword: "Then ", ty: Then, value: "foo is 2", docstring: None, table: None, position: LineCol { line: 12 } }], examples: [], tags: [], position: LineCol { line: 9 } }, Step(Step { keyword: "When ", ty: When, value: "foo is 1", docstring: None, table: None, position: LineCol { line: 11 } }, Passed(CaptureLocations(Locations([Some(0), Some(8), Some(7), Some(8)]))))))
Feature(Feature { keyword: "Feature", name: "output", description: Some("Markdown\n* item 1\n* item 2\nBut is also supported\nAnd even\nGiven is supported too"), background: None, scenarios: [Scenario { keyword: "Scenario", name: "output", description: None, steps: [Step { keyword: "Given ", ty: Given, value: "foo is 0", docstring: None, table: None, position: LineCol { line: 10 } }, Step { keyword: "When ", ty: When, value: "foo is 1", docstring: None, table: None, position: LineCol { line: 11 } }, Step { keyword: "Then ", ty: Then, value: "foo is 2", docstring: None, table: None, position: LineCol { line: 12 } }], examples: [], tags: [], position: LineCol { line: 9 } }], rules: [], tags: [], position: LineCol { line: 1 }, }, Scenario(Scenario { keyword: "Scenario", name: "output", description: None, steps: [Step { keyword: "Given ", ty: Given, value: "foo is 0", docstring: None, table: None, position: LineCol { line: 10 } }, Step { keyword: "When ", ty: When, value: "foo is 1", docstring: None, table: None, position: LineCol { line: 11 } }, Step { keyword: "Then ", ty: Then, value: "foo is 2", docstring: None, table: None, position: LineCol { line: 12 } }], examples: [], tags: [], position: LineCol { line: 9 } }, Step(Step { keyword: "Then ", ty: Then, value: "foo is 2", docstring: None, table: None, position: LineCol { line: 12 } }, Started)))
Feature(Feature { keyword: "Feature", name: "output", description: Some("Markdown\n* item 1\n* item 2\nBut is also supported\nAnd even\nGiven is supported too"), background: None, scenarios: [Scenario { keyword: "Scenario", name: "output", description: None, steps: [Step { keyword: "Given ", ty: Given, value: "foo is 0", docstring: None, table: None, position: LineCol { line: 10 } }, Step { keyword: "When ", ty: When, value: "foo is 1", docstring: None, table: None, position: LineCol { line: 11 } }, Step { keyword: "Then ", ty: Then, value: "foo is 2", docstring: None, table: None, position: LineCol { line: 12 } }], examples: [], tags: [], position: LineCol { line: 9 } }], rules: [], tags: [], position: LineCol { line: 1 }, }, Scenario(Scenario { keyword: "Scenario", name: "output", description: None, steps: [Step { keyword: "Given ", ty: Given, value: "foo is 0", docstring: None, table: None, position: LineCol { line: 10 } }, Step { keyword: "When ", ty: When, value: "foo is 1", docstring: None, table: None, position: LineCol { line: 11 } }, Step { keyword: "Then ", ty: Then, value: "foo is 2", docstring: None, table: None, position: LineCol { line: 12 } }], examples: [], tags: [], position: LineCol { line: 9 } }, Step(Step { keyword: "Then ", ty: Then, value: "foo is 2", docstring: None, table: None, position: LineCol { line: 12 } }, Passed(CaptureLocations(Locations([Some(0), Some(8), Some(7), Some(8)]))))))
Feature(Feature { keyword: "Feature", name: "output", description: Some("Markdown\n* item 1\n* item 2\nBut is also supported\nAnd even\nGiven is supported too"), background: None, scenarios: [Scenario { keyword: "Scenario", name: "output", description: None, steps: [Step { keyword: "Given ", ty: Given, value: "foo is 0", docstring: None, table: None, position: LineCol { line: 10 } }, Step { keyword: "When ", ty: When, value: "foo is 1", docstring: None, table: None, position: LineCol { line: 11 } }, Step { keyword: "Then ", ty: Then, value: "foo is 2", docstring: None, table: None, position: LineCol { line: 12 } }], examples: [], tags: [], position: LineCol { line: 9 } }], rules: [], tags: [], position: LineCol { line: 1 }, }, Scenario(Scenario { keyword: "Scenario", name: "output", description: None, steps: [Step { keyword: "Given ", ty: Given, value: "foo is 0", docstring: None, table: None, position: LineCol { line: 10 } }, Step { keyword: "When ", ty: When, value: "foo is 1", docstring: None, table: None, position: LineCol { line: 11 } }, Step { keyword: "Then ", ty: Then, value: "foo is 2", docstring: None, table: None, position: LineCol { line: 12 } }], examples: [], tags: [], position: LineCol { line: 9 } }, Finished))
Feature(Feature { keyword: "Feature", name: "output", description: Some("Markdown\n* item 1\n* item 2\nBut is also supported\nAnd even\nGiven is supported too"), background: None, scenarios: [Scenario { keyword: "Scenario", name: "output", description: None, steps: [Step { keyword: "Given ", ty: Given, value: "foo is 0", docstring: None, table: None, position: LineCol { line: 10 } }, Step { keyword: "When ", ty: When, value: "foo is 1", docstring: None, table: None, position: LineCol { line: 11 } }, Step { keyword: "Then ", ty: Then, value: "foo is 2", docstring: None, table: None, position: LineCol { line: 12 } }], examples: [], tags: [], position: LineCol { line: 9 } }], rules: [], tags: [], position: LineCol { line: 1 }, }, Finished)
Finished
