ParsingFinished { features: 1, rules: 0, scenarios: 1, steps: 3, parser_errors: 0 }
Started
Feature(Feature { keyword: "Feature", name: "output", description: Some("Markdown\n* item 1\n* item 2\nBut is also supported\nAnd even\nGiven is supported too"), background: None, scenarios: [Scenario { keyword: "Scenario", name: "output", description: None, steps: [Step { keyword: "Given ", ty: Given, value: "foo is 0", docstring: None, table: None, position: LineCol { line: 10 } }, Step { keyword: "When ", ty: When, value: "foo is 1", docstring: None, table: None, position: LineCol { line: 11 } }, Step { keyword: "Then ", ty: Then, value: "foo is 2", docstring: None, table: None, position: LineCol { line: 12 } }], examples: [], tags: [], position: LineCol { line: 9 } }], rules: [], tags: [], position: LineCol { line: 1 }, }, Started)
Feature(Feature { keyword: "Feature", name: "output", description: Some("Markdown\n* item 1\n* item 2\nBut is also supported\nAnd even\nGiven is supported too"), background: None, scenarios: [Scenario { keyword: "Scenario", name: "output", description: None, steps: [Step { keyword: "Given ", ty: Given, value: "foo is 0", docstring: None, table: None, position: LineCol { line: 10 } }, Step { keyword: "When ", ty: When, value: "foo is 1", docstring: None, table: None, position: LineCol { line: 11 } }, Step { keyword: "Then ", ty: Then, value: "foo is 2", docstring: None, table: None, position: LineCol { line: 12 } }], examples: [], tags: [], position: LineCol { line: 9 } }], rules: [], tags: [], position: LineCol { line: 1 }, }, Scenario(Scenario { keyword: "Scenario", name: "output", description: None, steps: [Step { keyword: "Given ", ty: Given, value: "foo is 0", docstring: None, table: None, position: LineCol { line: 10 } }, Step { keyword: "When ", ty: When, value: "foo is 1", docstring: None, table: None, position: LineCol { line: 11 } }, Step { keyword: "Then ", ty: Then, value: "foo is 2", docstring: None, table: None, position: LineCol { line: 12 } }], examples: [], tags: [], position: LineCol { line: 9 } }, RetryableScenario { event: Started, retries: None }))
Feature(Feature { keyword: "Feature", name: "output", description: Some("Markdown\n* item 1\n* item 2\nBut is also supported\nAnd even\nGiven is supported too"), background: None, scenarios: [Scenario { keyword: "Scenario", name: "output", description: None, steps: [Step { keyword: "Given ", ty: Given, value: "foo is 0", docstring: None, table: None, position: LineCol { line: 10 } }, Step { keyword: "When ", ty: When, value: "foo is 1", docstring: None, table: None, position: LineCol { line: 11 } }, Step { keyword: "Then ", ty: Then, value: "foo is 2", docstring: None, table: None, position: LineCol { line: 12 } }], examples: [], tags: [], position: LineCol { line: 9 } }], rules: [], tags: [], position: LineCol { line: 1 }, }, Scenario(Scenario { keyword: "Scenario", name: "output", description: None, steps: [Step { keyword: "Given ", ty: Given, value: "foo is 0", docstring: None, table: None, position: LineCol { line: 10 } }, Step { keyword: "When ", ty: When, value: "foo is 1", docstring: None, table: None, position: LineCol { line: 11 } }, Step { keyword: "Then ", ty: Then, value: "foo is 2", docstring: None, table: None, position: LineCol { line: 12 } }], examples: [], tags: [], position: LineCol { line: 9 } }, RetryableScenario { event: Step(Step { keyword: "Given ", ty: Given, value: "foo is 0", docstring: None, table: None, position: LineCol { line: 10 } }, Started), retries: None }))
Feature(Feature { keyword: "Feature", name: "output", description: Some("Markdown\n* item 1\n* item 2\nBut is also supported\nAnd even\nGiven is supported too"), background: None, scenarios: [Scenario { keyword: "Scenario", name: "output", description: None, steps: [Step { keyword: "Given ", ty: Given, value: "foo is 0", docstring: None, table: None, position: LineCol { line: 10 } }, Step { keyword: "When ", ty: When, value: "foo is 1", docstring: None, table: None, position: LineCol { line: 11 } }, Step { keyword: "Then ", ty: Then, value: "foo is 2", docstring: None, table: None, position: LineCol { line: 12 } }], examples: [], tags: [], position: LineCol { line: 9 } }], rules: [], tags: [], position: LineCol { line: 1 }, }, Scenario(Scenario { keyword: "Scenario", name: "output", description: None, steps: [Step { keyword: "Given ", ty: Given, value: "foo is 0", docstring: None, table: None, position: LineCol { line: 10 } }, Step { keyword: "When ", ty: When, value: "foo is 1", docstring: None, table: None, position: LineCol { line: 11 } }, Step { keyword: "Then ", ty: Then, value: "foo is 2", docstring: None, table: None, position: LineCol { line: 12 } }], examples: [], tags: [], position: LineCol { line: 9 } }, RetryableScenario { event: Step(Step { keyword: "Given ", ty: Given, value: "foo is 0", docstring: None, table: None, position: LineCol { line: 10 } }, Passed(CaptureLocations(Captures { pid: Some(PatternID(0)), spans: {0: 0..8, 1: 7..8} }), Some(Location { line: 11, column: 1 }))), retries: None }))
Feature(Feature { keyword: "Feature", name: "output", description: Some("Markdown\n* item 1\n* item 2\nBut is also supported\nAnd even\nGiven is supported too"), background: None, scenarios: [Scenario { keyword: "Scenario", name: "output", description: None, steps: [Step { keyword: "Given ", ty: Given, value: "foo is 0", docstring: None, table: None, position: LineCol { line: 10 } }, Step { keyword: "When ", ty: When, value: "foo is 1", docstring: None, table: None, position: LineCol { line: 11 } }, Step { keyword: "Then ", ty: Then, value: "foo is 2", docstring: None, table: None, position: LineCol { line: 12 } }], examples: [], tags: [], position: LineCol { line: 9 } }], rules: [], tags: [], position: LineCol { line: 1 }, }, Scenario(Scenario { keyword: "Scenario", name: "output", description: None, steps: [Step { keyword: "Given ", ty: Given, value: "foo is 0", docstring: None, table: None, position: LineCol { line: 10 } }, Step { keyword: "When ", ty: When, value: "foo is 1", docstring: None, table: None, position: LineCol { line: 11 } }, Step { keyword: "Then ", ty: Then, value: "foo is 2", docstring: None, table: None, position: LineCol { line: 12 } }], examples: [], tags: [], position: LineCol { line: 9 } }, RetryableScenario { event: Step(Step { keyword: "When ", ty: When, value: "foo is 1", docstring: None, table: None, position: LineCol { line: 11 } }, Started), retries: None }))
Feature(Feature { keyword: "Feature", name: "output", description: Some("Markdown\n* item 1\n* item 2\nBut is also supported\nAnd even\nGiven is supported too"), background: None, scenarios: [Scenario { keyword: "Scenario", name: "output", description: None, steps: [Step { keyword: "Given ", ty: Given, value: "foo is 0", docstring: None, table: None, position: LineCol { line: 10 } }, Step { keyword: "When ", ty: When, value: "foo is 1", docstring: None, table: None, position: LineCol { line: 11 } }, Step { keyword: "Then ", ty: Then, value: "foo is 2", docstring: None, table: None, position: LineCol { line: 12 } }], examples: [], tags: [], position: LineCol { line: 9 } }], rules: [], tags: [], position: LineCol { line: 1 }, }, Scenario(Scenario { keyword: "Scenario", name: "output", description: None, steps: [Step { keyword: "Given ", ty: Given, value: "foo is 0", docstring: None, table: None, position: LineCol { line: 10 } }, Step { keyword: "When ", ty: When, value: "foo is 1", docstring: None, table: None, position: LineCol { line: 11 } }, Step { keyword: "Then ", ty: Then, value: "foo is 2", docstring: None, table: None, position: LineCol { line: 12 } }], examples: [], tags: [], position: LineCol { line: 9 } }, RetryableScenario { event: Step(Step { keyword: "When ", ty: When, value: "foo is 1", docstring: None, table: None, position: LineCol { line: 11 } }, Passed(CaptureLocations(Captures { pid: Some(PatternID(0)), spans: {0: 0..8, 1: 7..8} }), Some(Location { line: 12, column: 1 }))), retries: None }))
Feature(Feature { keyword: "Feature", name: "output", description: Some("Markdown\n* item 1\n* item 2\nBut is also supported\nAnd even\nGiven is supported too"), background: None, scenarios: [Scenario { keyword: "Scenario", name: "output", description: None, steps: [Step { keyword: "Given ", ty: Given, value: "foo is 0", docstring: None, table: None, position: LineCol { line: 10 } }, Step { keyword: "When ", ty: When, value: "foo is 1", docstring: None, table: None, position: LineCol { line: 11 } }, Step { keyword: "Then ", ty: Then, value: "foo is 2", docstring: None, table: None, position: LineCol { line: 12 } }], examples: [], tags: [], position: LineCol { line: 9 } }], rules: [], tags: [], position: LineCol { line: 1 }, }, Scenario(Scenario { keyword: "Scenario", name: "output", description: None, steps: [Step { keyword: "Given ", ty: Given, value: "foo is 0", docstring: None, table: None, position: LineCol { line: 10 } }, Step { keyword: "When ", ty: When, value: "foo is 1", docstring: None, table: None, position: LineCol { line: 11 } }, Step { keyword: "Then ", ty: Then, value: "foo is 2", docstring: None, table: None, position: LineCol { line: 12 } }], examples: [], tags: [], position: LineCol { line: 9 } }, RetryableScenario { event: Step(Step { keyword: "Then ", ty: Then, value: "foo is 2", docstring: None, table: None, position: LineCol { line: 12 } }, Started), retries: None }))
Feature(Feature { keyword: "Feature", name: "output", description: Some("Markdown\n* item 1\n* item 2\nBut is also supported\nAnd even\nGiven is supported too"), background: None, scenarios: [Scenario { keyword: "Scenario", name: "output", description: None, steps: [Step { keyword: "Given ", ty: Given, value: "foo is 0", docstring: None, table: None, position: LineCol { line: 10 } }, Step { keyword: "When ", ty: When, value: "foo is 1", docstring: None, table: None, position: LineCol { line: 11 } }, Step { keyword: "Then ", ty: Then, value: "foo is 2", docstring: None, table: None, position: LineCol { line: 12 } }], examples: [], tags: [], position: LineCol { line: 9 } }], rules: [], tags: [], position: LineCol { line: 1 }, }, Scenario(Scenario { keyword: "Scenario", name: "output", description: None, steps: [Step { keyword: "Given ", ty: Given, value: "foo is 0", docstring: None, table: None, position: LineCol { line: 10 } }, Step { keyword: "When ", ty: When, value: "foo is 1", docstring: None, table: None, position: LineCol { line: 11 } }, Step { keyword: "Then ", ty: Then, value: "foo is 2", docstring: None, table: None, position: LineCol { line: 12 } }], examples: [], tags: [], position: LineCol { line: 9 } }, RetryableScenario { event: Step(Step { keyword: "Then ", ty: Then, value: "foo is 2", docstring: None, table: None, position: LineCol { line: 12 } }, Passed(CaptureLocations(Captures { pid: Some(PatternID(0)), spans: {0: 0..8, 1: 7..8} }), Some(Location { line: 13, column: 1 }))), retries: None }))
Feature(Feature { keyword: "Feature", name: "output", description: Some("Markdown\n* item 1\n* item 2\nBut is also supported\nAnd even\nGiven is supported too"), background: None, scenarios: [Scenario { keyword: "Scenario", name: "output", description: None, steps: [Step { keyword: "Given ", ty: Given, value: "foo is 0", docstring: None, table: None, position: LineCol { line: 10 } }, Step { keyword: "When ", ty: When, value: "foo is 1", docstring: None, table: None, position: LineCol { line: 11 } }, Step { keyword: "Then ", ty: Then, value: "foo is 2", docstring: None, table: None, position: LineCol { line: 12 } }], examples: [], tags: [], position: LineCol { line: 9 } }], rules: [], tags: [], position: LineCol { line: 1 }, }, Scenario(Scenario { keyword: "Scenario", name: "output", description: None, steps: [Step { keyword: "Given ", ty: Given, value: "foo is 0", docstring: None, table: None, position: LineCol { line: 10 } }, Step { keyword: "When ", ty: When, value: "foo is 1", docstring: None, table: None, position: LineCol { line: 11 } }, Step { keyword: "Then ", ty: Then, value: "foo is 2", docstring: None, table: None, position: LineCol { line: 12 } }], examples: [], tags: [], position: LineCol { line: 9 } }, RetryableScenario { event: Finished, retries: None }))
Feature(Feature { keyword: "Feature", name: "output", description: Some("Markdown\n* item 1\n* item 2\nBut is also supported\nAnd even\nGiven is supported too"), background: None, scenarios: [Scenario { keyword: "Scenario", name: "output", description: None, steps: [Step { keyword: "Given ", ty: Given, value: "foo is 0", docstring: None, table: None, position: LineCol { line: 10 } }, Step { keyword: "When ", ty: When, value: "foo is 1", docstring: None, table: None, position: LineCol { line: 11 } }, Step { keyword: "Then ", ty: Then, value: "foo is 2", docstring: None, table: None, position: LineCol { line: 12 } }], examples: [], tags: [], position: LineCol { line: 9 } }], rules: [], tags: [], position: LineCol { line: 1 }, }, Finished)
Finished
