Started
Feature(Feature { keyword: "Feature", name: "output", description: None, background: None, scenarios: [], rules: [Rule { keyword: "Rule", name: "output", background: None, scenarios: [Scenario { keyword: "Scenario", name: "output", steps: [Step { keyword: "Given", ty: Given, value: "foo is 0", docstring: None, table: None, position: LineCol { line: 4, col: 7 } }, Step { keyword: "When", ty: When, value: "foo is 1", docstring: None, table: None, position: LineCol { line: 5, col: 7 } }, Step { keyword: "Then", ty: Then, value: "foo is 2", docstring: None, table: None, position: LineCol { line: 6, col: 7 } }], examples: None, tags: [], position: LineCol { line: 3, col: 5 } }], tags: [], position: LineCol { line: 2, col: 3 } }], tags: [], position: LineCol { line: 1, col: 1 }, path: None }, Started)
Feature(Feature { keyword: "Feature", name: "output", description: None, background: None, scenarios: [], rules: [Rule { keyword: "Rule", name: "output", background: None, scenarios: [Scenario { keyword: "Scenario", name: "output", steps: [Step { keyword: "Given", ty: Given, value: "foo is 0", docstring: None, table: None, position: LineCol { line: 4, col: 7 } }, Step { keyword: "When", ty: When, value: "foo is 1", docstring: None, table: None, position: LineCol { line: 5, col: 7 } }, Step { keyword: "Then", ty: Then, value: "foo is 2", docstring: None, table: None, position: LineCol { line: 6, col: 7 } }], examples: None, tags: [], position: LineCol { line: 3, col: 5 } }], tags: [], position: LineCol { line: 2, col: 3 } }], tags: [], position: LineCol { line: 1, col: 1 }, path: None }, Rule(Rule { keyword: "Rule", name: "output", background: None, scenarios: [Scenario { keyword: "Scenario", name: "output", steps: [Step { keyword: "Given", ty: Given, value: "foo is 0", docstring: None, table: None, position: LineCol { line: 4, col: 7 } }, Step { keyword: "When", ty: When, value: "foo is 1", docstring: None, table: None, position: LineCol { line: 5, col: 7 } }, Step { keyword: "Then", ty: Then, value: "foo is 2", docstring: None, table: None, position: LineCol { line: 6, col: 7 } }], examples: None, tags: [], position: LineCol { line: 3, col: 5 } }], tags: [], position: LineCol { line: 2, col: 3 } }, Started))
Feature(Feature { keyword: "Feature", name: "output", description: None, background: None, scenarios: [], rules: [Rule { keyword: "Rule", name: "output", background: None, scenarios: [Scenario { keyword: "Scenario", name: "output", steps: [Step { keyword: "Given", ty: Given, value: "foo is 0", docstring: None, table: None, position: LineCol { line: 4, col: 7 } }, Step { keyword: "When", ty: When, value: "foo is 1", docstring: None, table: None, position: LineCol { line: 5, col: 7 } }, Step { keyword: "Then", ty: Then, value: "foo is 2", docstring: None, table: None, position: LineCol { line: 6, col: 7 } }], examples: None, tags: [], position: LineCol { line: 3, col: 5 } }], tags: [], position: LineCol { line: 2, col: 3 } }], tags: [], position: LineCol { line: 1, col: 1 }, path: None }, Rule(Rule { keyword: "Rule", name: "output", background: None, scenarios: [Scenario { keyword: "Scenario", name: "output", steps: [Step { keyword: "Given", ty: Given, value: "foo is 0", docstring: None, table: None, position: LineCol { line: 4, col: 7 } }, Step { keyword: "When", ty: When, value: "foo is 1", docstring: None, table: None, position: LineCol { line: 5, col: 7 } }, Step { keyword: "Then", ty: Then, value: "foo is 2", docstring: None, table: None, position: LineCol { line: 6, col: 7 } }], examples: None, tags: [], position: LineCol { line: 3, col: 5 } }], tags: [], position: LineCol { line: 2, col: 3 } }, Scenario(Scenario { keyword: "Scenario", name: "output", steps: [Step { keyword: "Given", ty: Given, value: "foo is 0", docstring: None, table: None, position: LineCol { line: 4, col: 7 } }, Step { keyword: "When", ty: When, value: "foo is 1", docstring: None, table: None, position: LineCol { line: 5, col: 7 } }, Step { keyword: "Then", ty: Then, value: "foo is 2", docstring: None, table: None, position: LineCol { line: 6, col: 7 } }], examples: None, tags: [], position: LineCol { line: 3, col: 5 } }, Started)))
Feature(Feature { keyword: "Feature", name: "output", description: None, background: None, scenarios: [], rules: [Rule { keyword: "Rule", name: "output", background: None, scenarios: [Scenario { keyword: "Scenario", name: "output", steps: [Step { keyword: "Given", ty: Given, value: "foo is 0", docstring: None, table: None, position: LineCol { line: 4, col: 7 } }, Step { keyword: "When", ty: When, value: "foo is 1", docstring: None, table: None, position: LineCol { line: 5, col: 7 } }, Step { keyword: "Then", ty: Then, value: "foo is 2", docstring: None, table: None, position: LineCol { line: 6, col: 7 } }], examples: None, tags: [], position: LineCol { line: 3, col: 5 } }], tags: [], position: LineCol { line: 2, col: 3 } }], tags: [], position: LineCol { line: 1, col: 1 }, path: None }, Rule(Rule { keyword: "Rule", name: "output", background: None, scenarios: [Scenario { keyword: "Scenario", name: "output", steps: [Step { keyword: "Given", ty: Given, value: "foo is 0", docstring: None, table: None, position: LineCol { line: 4, col: 7 } }, Step { keyword: "When", ty: When, value: "foo is 1", docstring: None, table: None, position: LineCol { line: 5, col: 7 } }, Step { keyword: "Then", ty: Then, value: "foo is 2", docstring: None, table: None, position: LineCol { line: 6, col: 7 } }], examples: None, tags: [], position: LineCol { line: 3, col: 5 } }], tags: [], position: LineCol { line: 2, col: 3 } }, Scenario(Scenario { keyword: "Scenario", name: "output", steps: [Step { keyword: "Given", ty: Given, value: "foo is 0", docstring: None, table: None, position: LineCol { line: 4, col: 7 } }, Step { keyword: "When", ty: When, value: "foo is 1", docstring: None, table: None, position: LineCol { line: 5, col: 7 } }, Step { keyword: "Then", ty: Then, value: "foo is 2", docstring: None, table: None, position: LineCol { line: 6, col: 7 } }], examples: None, tags: [], position: LineCol { line: 3, col: 5 } }, Step(Step { keyword: "Given", ty: Given, value: "foo is 0", docstring: None, table: None, position: LineCol { line: 4, col: 7 } }, Started))))
Feature(Feature { keyword: "Feature", name: "output", description: None, background: None, scenarios: [], rules: [Rule { keyword: "Rule", name: "output", background: None, scenarios: [Scenario { keyword: "Scenario", name: "output", steps: [Step { keyword: "Given", ty: Given, value: "foo is 0", docstring: None, table: None, position: LineCol { line: 4, col: 7 } }, Step { keyword: "When", ty: When, value: "foo is 1", docstring: None, table: None, position: LineCol { line: 5, col: 7 } }, Step { keyword: "Then", ty: Then, value: "foo is 2", docstring: None, table: None, position: LineCol { line: 6, col: 7 } }], examples: None, tags: [], position: LineCol { line: 3, col: 5 } }], tags: [], position: LineCol { line: 2, col: 3 } }], tags: [], position: LineCol { line: 1, col: 1 }, path: None }, Rule(Rule { keyword: "Rule", name: "output", background: None, scenarios: [Scenario { keyword: "Scenario", name: "output", steps: [Step { keyword: "Given", ty: Given, value: "foo is 0", docstring: None, table: None, position: LineCol { line: 4, col: 7 } }, Step { keyword: "When", ty: When, value: "foo is 1", docstring: None, table: None, position: LineCol { line: 5, col: 7 } }, Step { keyword: "Then", ty: Then, value: "foo is 2", docstring: None, table: None, position: LineCol { line: 6, col: 7 } }], examples: None, tags: [], position: LineCol { line: 3, col: 5 } }], tags: [], position: LineCol { line: 2, col: 3 } }, Scenario(Scenario { keyword: "Scenario", name: "output", steps: [Step { keyword: "Given", ty: Given, value: "foo is 0", docstring: None, table: None, position: LineCol { line: 4, col: 7 } }, Step { keyword: "When", ty: When, value: "foo is 1", docstring: None, table: None, position: LineCol { line: 5, col: 7 } }, Step { keyword: "Then", ty: Then, value: "foo is 2", docstring: None, table: None, position: LineCol { line: 6, col: 7 } }], examples: None, tags: [], position: LineCol { line: 3, col: 5 } }, Step(Step { keyword: "Given", ty: Given, value: "foo is 0", docstring: None, table: None, position: LineCol { line: 4, col: 7 } }, Passed(CaptureLocations(Locations([Some(0), Some(8), Some(7), Some(8)])))))))
Feature(Feature { keyword: "Feature", name: "output", description: None, background: None, scenarios: [], rules: [Rule { keyword: "Rule", name: "output", background: None, scenarios: [Scenario { keyword: "Scenario", name: "output", steps: [Step { keyword: "Given", ty: Given, value: "foo is 0", docstring: None, table: None, position: LineCol { line: 4, col: 7 } }, Step { keyword: "When", ty: When, value: "foo is 1", docstring: None, table: None, position: LineCol { line: 5, col: 7 } }, Step { keyword: "Then", ty: Then, value: "foo is 2", docstring: None, table: None, position: LineCol { line: 6, col: 7 } }], examples: None, tags: [], position: LineCol { line: 3, col: 5 } }], tags: [], position: LineCol { line: 2, col: 3 } }], tags: [], position: LineCol { line: 1, col: 1 }, path: None }, Rule(Rule { keyword: "Rule", name: "output", background: None, scenarios: [Scenario { keyword: "Scenario", name: "output", steps: [Step { keyword: "Given", ty: Given, value: "foo is 0", docstring: None, table: None, position: LineCol { line: 4, col: 7 } }, Step { keyword: "When", ty: When, value: "foo is 1", docstring: None, table: None, position: LineCol { line: 5, col: 7 } }, Step { keyword: "Then", ty: Then, value: "foo is 2", docstring: None, table: None, position: LineCol { line: 6, col: 7 } }], examples: None, tags: [], position: LineCol { line: 3, col: 5 } }], tags: [], position: LineCol { line: 2, col: 3 } }, Scenario(Scenario { keyword: "Scenario", name: "output", steps: [Step { keyword: "Given", ty: Given, value: "foo is 0", docstring: None, table: None, position: LineCol { line: 4, col: 7 } }, Step { keyword: "When", ty: When, value: "foo is 1", docstring: None, table: None, position: LineCol { line: 5, col: 7 } }, Step { keyword: "Then", ty: Then, value: "foo is 2", docstring: None, table: None, position: LineCol { line: 6, col: 7 } }], examples: None, tags: [], position: LineCol { line: 3, col: 5 } }, Step(Step { keyword: "When", ty: When, value: "foo is 1", docstring: None, table: None, position: LineCol { line: 5, col: 7 } }, Started))))
Feature(Feature { keyword: "Feature", name: "output", description: None, background: None, scenarios: [], rules: [Rule { keyword: "Rule", name: "output", background: None, scenarios: [Scenario { keyword: "Scenario", name: "output", steps: [Step { keyword: "Given", ty: Given, value: "foo is 0", docstring: None, table: None, position: LineCol { line: 4, col: 7 } }, Step { keyword: "When", ty: When, value: "foo is 1", docstring: None, table: None, position: LineCol { line: 5, col: 7 } }, Step { keyword: "Then", ty: Then, value: "foo is 2", docstring: None, table: None, position: LineCol { line: 6, col: 7 } }], examples: None, tags: [], position: LineCol { line: 3, col: 5 } }], tags: [], position: LineCol { line: 2, col: 3 } }], tags: [], position: LineCol { line: 1, col: 1 }, path: None }, Rule(Rule { keyword: "Rule", name: "output", background: None, scenarios: [Scenario { keyword: "Scenario", name: "output", steps: [Step { keyword: "Given", ty: Given, value: "foo is 0", docstring: None, table: None, position: LineCol { line: 4, col: 7 } }, Step { keyword: "When", ty: When, value: "foo is 1", docstring: None, table: None, position: LineCol { line: 5, col: 7 } }, Step { keyword: "Then", ty: Then, value: "foo is 2", docstring: None, table: None, position: LineCol { line: 6, col: 7 } }], examples: None, tags: [], position: LineCol { line: 3, col: 5 } }], tags: [], position: LineCol { line: 2, col: 3 } }, Scenario(Scenario { keyword: "Scenario", name: "output", steps: [Step { keyword: "Given", ty: Given, value: "foo is 0", docstring: None, table: None, position: LineCol { line: 4, col: 7 } }, Step { keyword: "When", ty: When, value: "foo is 1", docstring: None, table: None, position: LineCol { line: 5, col: 7 } }, Step { keyword: "Then", ty: Then, value: "foo is 2", docstring: None, table: None, position: LineCol { line: 6, col: 7 } }], examples: None, tags: [], position: LineCol { line: 3, col: 5 } }, Step(Step { keyword: "When", ty: When, value: "foo is 1", docstring: None, table: None, position: LineCol { line: 5, col: 7 } }, Passed(CaptureLocations(Locations([Some(0), Some(8), Some(7), Some(8)])))))))
Feature(Feature { keyword: "Feature", name: "output", description: None, background: None, scenarios: [], rules: [Rule { keyword: "Rule", name: "output", background: None, scenarios: [Scenario { keyword: "Scenario", name: "output", steps: [Step { keyword: "Given", ty: Given, value: "foo is 0", docstring: None, table: None, position: LineCol { line: 4, col: 7 } }, Step { keyword: "When", ty: When, value: "foo is 1", docstring: None, table: None, position: LineCol { line: 5, col: 7 } }, Step { keyword: "Then", ty: Then, value: "foo is 2", docstring: None, table: None, position: LineCol { line: 6, col: 7 } }], examples: None, tags: [], position: LineCol { line: 3, col: 5 } }], tags: [], position: LineCol { line: 2, col: 3 } }], tags: [], position: LineCol { line: 1, col: 1 }, path: None }, Rule(Rule { keyword: "Rule", name: "output", background: None, scenarios: [Scenario { keyword: "Scenario", name: "output", steps: [Step { keyword: "Given", ty: Given, value: "foo is 0", docstring: None, table: None, position: LineCol { line: 4, col: 7 } }, Step { keyword: "When", ty: When, value: "foo is 1", docstring: None, table: None, position: LineCol { line: 5, col: 7 } }, Step { keyword: "Then", ty: Then, value: "foo is 2", docstring: None, table: None, position: LineCol { line: 6, col: 7 } }], examples: None, tags: [], position: LineCol { line: 3, col: 5 } }], tags: [], position: LineCol { line: 2, col: 3 } }, Scenario(Scenario { keyword: "Scenario", name: "output", steps: [Step { keyword: "Given", ty: Given, value: "foo is 0", docstring: None, table: None, position: LineCol { line: 4, col: 7 } }, Step { keyword: "When", ty: When, value: "foo is 1", docstring: None, table: None, position: LineCol { line: 5, col: 7 } }, Step { keyword: "Then", ty: Then, value: "foo is 2", docstring: None, table: None, position: LineCol { line: 6, col: 7 } }], examples: None, tags: [], position: LineCol { line: 3, col: 5 } }, Step(Step { keyword: "Then", ty: Then, value: "foo is 2", docstring: None, table: None, position: LineCol { line: 6, col: 7 } }, Started))))
Feature(Feature { keyword: "Feature", name: "output", description: None, background: None, scenarios: [], rules: [Rule { keyword: "Rule", name: "output", background: None, scenarios: [Scenario { keyword: "Scenario", name: "output", steps: [Step { keyword: "Given", ty: Given, value: "foo is 0", docstring: None, table: None, position: LineCol { line: 4, col: 7 } }, Step { keyword: "When", ty: When, value: "foo is 1", docstring: None, table: None, position: LineCol { line: 5, col: 7 } }, Step { keyword: "Then", ty: Then, value: "foo is 2", docstring: None, table: None, position: LineCol { line: 6, col: 7 } }], examples: None, tags: [], position: LineCol { line: 3, col: 5 } }], tags: [], position: LineCol { line: 2, col: 3 } }], tags: [], position: LineCol { line: 1, col: 1 }, path: None }, Rule(Rule { keyword: "Rule", name: "output", background: None, scenarios: [Scenario { keyword: "Scenario", name: "output", steps: [Step { keyword: "Given", ty: Given, value: "foo is 0", docstring: None, table: None, position: LineCol { line: 4, col: 7 } }, Step { keyword: "When", ty: When, value: "foo is 1", docstring: None, table: None, position: LineCol { line: 5, col: 7 } }, Step { keyword: "Then", ty: Then, value: "foo is 2", docstring: None, table: None, position: LineCol { line: 6, col: 7 } }], examples: None, tags: [], position: LineCol { line: 3, col: 5 } }], tags: [], position: LineCol { line: 2, col: 3 } }, Scenario(Scenario { keyword: "Scenario", name: "output", steps: [Step { keyword: "Given", ty: Given, value: "foo is 0", docstring: None, table: None, position: LineCol { line: 4, col: 7 } }, Step { keyword: "When", ty: When, value: "foo is 1", docstring: None, table: None, position: LineCol { line: 5, col: 7 } }, Step { keyword: "Then", ty: Then, value: "foo is 2", docstring: None, table: None, position: LineCol { line: 6, col: 7 } }], examples: None, tags: [], position: LineCol { line: 3, col: 5 } }, Step(Step { keyword: "Then", ty: Then, value: "foo is 2", docstring: None, table: None, position: LineCol { line: 6, col: 7 } }, Passed(CaptureLocations(Locations([Some(0), Some(8), Some(7), Some(8)])))))))
Feature(Feature { keyword: "Feature", name: "output", description: None, background: None, scenarios: [], rules: [Rule { keyword: "Rule", name: "output", background: None, scenarios: [Scenario { keyword: "Scenario", name: "output", steps: [Step { keyword: "Given", ty: Given, value: "foo is 0", docstring: None, table: None, position: LineCol { line: 4, col: 7 } }, Step { keyword: "When", ty: When, value: "foo is 1", docstring: None, table: None, position: LineCol { line: 5, col: 7 } }, Step { keyword: "Then", ty: Then, value: "foo is 2", docstring: None, table: None, position: LineCol { line: 6, col: 7 } }], examples: None, tags: [], position: LineCol { line: 3, col: 5 } }], tags: [], position: LineCol { line: 2, col: 3 } }], tags: [], position: LineCol { line: 1, col: 1 }, path: None }, Rule(Rule { keyword: "Rule", name: "output", background: None, scenarios: [Scenario { keyword: "Scenario", name: "output", steps: [Step { keyword: "Given", ty: Given, value: "foo is 0", docstring: None, table: None, position: LineCol { line: 4, col: 7 } }, Step { keyword: "When", ty: When, value: "foo is 1", docstring: None, table: None, position: LineCol { line: 5, col: 7 } }, Step { keyword: "Then", ty: Then, value: "foo is 2", docstring: None, table: None, position: LineCol { line: 6, col: 7 } }], examples: None, tags: [], position: LineCol { line: 3, col: 5 } }], tags: [], position: LineCol { line: 2, col: 3 } }, Scenario(Scenario { keyword: "Scenario", name: "output", steps: [Step { keyword: "Given", ty: Given, value: "foo is 0", docstring: None, table: None, position: LineCol { line: 4, col: 7 } }, Step { keyword: "When", ty: When, value: "foo is 1", docstring: None, table: None, position: LineCol { line: 5, col: 7 } }, Step { keyword: "Then", ty: Then, value: "foo is 2", docstring: None, table: None, position: LineCol { line: 6, col: 7 } }], examples: None, tags: [], position: LineCol { line: 3, col: 5 } }, Finished)))
Feature(Feature { keyword: "Feature", name: "output", description: None, background: None, scenarios: [], rules: [Rule { keyword: "Rule", name: "output", background: None, scenarios: [Scenario { keyword: "Scenario", name: "output", steps: [Step { keyword: "Given", ty: Given, value: "foo is 0", docstring: None, table: None, position: LineCol { line: 4, col: 7 } }, Step { keyword: "When", ty: When, value: "foo is 1", docstring: None, table: None, position: LineCol { line: 5, col: 7 } }, Step { keyword: "Then", ty: Then, value: "foo is 2", docstring: None, table: None, position: LineCol { line: 6, col: 7 } }], examples: None, tags: [], position: LineCol { line: 3, col: 5 } }], tags: [], position: LineCol { line: 2, col: 3 } }], tags: [], position: LineCol { line: 1, col: 1 }, path: None }, Rule(Rule { keyword: "Rule", name: "output", background: None, scenarios: [Scenario { keyword: "Scenario", name: "output", steps: [Step { keyword: "Given", ty: Given, value: "foo is 0", docstring: None, table: None, position: LineCol { line: 4, col: 7 } }, Step { keyword: "When", ty: When, value: "foo is 1", docstring: None, table: None, position: LineCol { line: 5, col: 7 } }, Step { keyword: "Then", ty: Then, value: "foo is 2", docstring: None, table: None, position: LineCol { line: 6, col: 7 } }], examples: None, tags: [], position: LineCol { line: 3, col: 5 } }], tags: [], position: LineCol { line: 2, col: 3 } }, Finished))
Feature(Feature { keyword: "Feature", name: "output", description: None, background: None, scenarios: [], rules: [Rule { keyword: "Rule", name: "output", background: None, scenarios: [Scenario { keyword: "Scenario", name: "output", steps: [Step { keyword: "Given", ty: Given, value: "foo is 0", docstring: None, table: None, position: LineCol { line: 4, col: 7 } }, Step { keyword: "When", ty: When, value: "foo is 1", docstring: None, table: None, position: LineCol { line: 5, col: 7 } }, Step { keyword: "Then", ty: Then, value: "foo is 2", docstring: None, table: None, position: LineCol { line: 6, col: 7 } }], examples: None, tags: [], position: LineCol { line: 3, col: 5 } }], tags: [], position: LineCol { line: 2, col: 3 } }], tags: [], position: LineCol { line: 1, col: 1 }, path: None }, Finished)
Finished
