Started
Feature(Feature { keyword: "Feature", name: "Outline", description: None, background: None, scenarios: [], rules: [Rule { keyword: "Rule", name: "outline", description: None, background: Some(Background { keyword: "Background", name: "", description: None, steps: [Step { keyword: "Given ", ty: Given, value: "foo is 0", docstring: None, table: None, position: LineCol { line: 5 } }], position: LineCol { line: 4 } }), scenarios: [Scenario { keyword: "Scenario Outline", name: "foo", description: None, steps: [Step { keyword: "Given ", ty: Given, value: "foo is 1", docstring: None, table: None, position: LineCol { line: 8 } }, Step { keyword: "When ", ty: When, value: "foo is 2", docstring: None, table: None, position: LineCol { line: 9 } }, Step { keyword: "Then ", ty: Then, value: "foo is 3", docstring: None, table: None, position: LineCol { line: 10 } }], examples: [Examples { keyword: "Examples", name: None, description: None, table: Some(Table { rows: [["bar1", "bar2", "bar3"], ["1", "2", "3"]], position: LineCol { line: 13 } }), tags: [], position: LineCol { line: 12 } }], tags: [], position: LineCol { line: 14 } }], tags: [], position: LineCol { line: 3 } }], tags: [], position: LineCol { line: 1 }, }, Started)
Feature(Feature { keyword: "Feature", name: "Outline", description: None, background: None, scenarios: [], rules: [Rule { keyword: "Rule", name: "outline", description: None, background: Some(Background { keyword: "Background", name: "", description: None, steps: [Step { keyword: "Given ", ty: Given, value: "foo is 0", docstring: None, table: None, position: LineCol { line: 5 } }], position: LineCol { line: 4 } }), scenarios: [Scenario { keyword: "Scenario Outline", name: "foo", description: None, steps: [Step { keyword: "Given ", ty: Given, value: "foo is 1", docstring: None, table: None, position: LineCol { line: 8 } }, Step { keyword: "When ", ty: When, value: "foo is 2", docstring: None, table: None, position: LineCol { line: 9 } }, Step { keyword: "Then ", ty: Then, value: "foo is 3", docstring: None, table: None, position: LineCol { line: 10 } }], examples: [Examples { keyword: "Examples", name: None, description: None, table: Some(Table { rows: [["bar1", "bar2", "bar3"], ["1", "2", "3"]], position: LineCol { line: 13 } }), tags: [], position: LineCol { line: 12 } }], tags: [], position: LineCol { line: 14 } }], tags: [], position: LineCol { line: 3 } }], tags: [], position: LineCol { line: 1 }, }, Rule(Rule { keyword: "Rule", name: "outline", description: None, background: Some(Background { keyword: "Background", name: "", description: None, steps: [Step { keyword: "Given ", ty: Given, value: "foo is 0", docstring: None, table: None, position: LineCol { line: 5 } }], position: LineCol { line: 4 } }), scenarios: [Scenario { keyword: "Scenario Outline", name: "foo", description: None, steps: [Step { keyword: "Given ", ty: Given, value: "foo is 1", docstring: None, table: None, position: LineCol { line: 8 } }, Step { keyword: "When ", ty: When, value: "foo is 2", docstring: None, table: None, position: LineCol { line: 9 } }, Step { keyword: "Then ", ty: Then, value: "foo is 3", docstring: None, table: None, position: LineCol { line: 10 } }], examples: [Examples { keyword: "Examples", name: None, description: None, table: Some(Table { rows: [["bar1", "bar2", "bar3"], ["1", "2", "3"]], position: LineCol { line: 13 } }), tags: [], position: LineCol { line: 12 } }], tags: [], position: LineCol { line: 14 } }], tags: [], position: LineCol { line: 3 } }, Started))
Feature(Feature { keyword: "Feature", name: "Outline", description: None, background: None, scenarios: [], rules: [Rule { keyword: "Rule", name: "outline", description: None, background: Some(Background { keyword: "Background", name: "", description: None, steps: [Step { keyword: "Given ", ty: Given, value: "foo is 0", docstring: None, table: None, position: LineCol { line: 5 } }], position: LineCol { line: 4 } }), scenarios: [Scenario { keyword: "Scenario Outline", name: "foo", description: None, steps: [Step { keyword: "Given ", ty: Given, value: "foo is 1", docstring: None, table: None, position: LineCol { line: 8 } }, Step { keyword: "When ", ty: When, value: "foo is 2", docstring: None, table: None, position: LineCol { line: 9 } }, Step { keyword: "Then ", ty: Then, value: "foo is 3", docstring: None, table: None, position: LineCol { line: 10 } }], examples: [Examples { keyword: "Examples", name: None, description: None, table: Some(Table { rows: [["bar1", "bar2", "bar3"], ["1", "2", "3"]], position: LineCol { line: 13 } }), tags: [], position: LineCol { line: 12 } }], tags: [], position: LineCol { line: 14 } }], tags: [], position: LineCol { line: 3 } }], tags: [], position: LineCol { line: 1 }, }, Rule(Rule { keyword: "Rule", name: "outline", description: None, background: Some(Background { keyword: "Background", name: "", description: None, steps: [Step { keyword: "Given ", ty: Given, value: "foo is 0", docstring: None, table: None, position: LineCol { line: 5 } }], position: LineCol { line: 4 } }), scenarios: [Scenario { keyword: "Scenario Outline", name: "foo", description: None, steps: [Step { keyword: "Given ", ty: Given, value: "foo is 1", docstring: None, table: None, position: LineCol { line: 8 } }, Step { keyword: "When ", ty: When, value: "foo is 2", docstring: None, table: None, position: LineCol { line: 9 } }, Step { keyword: "Then ", ty: Then, value: "foo is 3", docstring: None, table: None, position: LineCol { line: 10 } }], examples: [Examples { keyword: "Examples", name: None, description: None, table: Some(Table { rows: [["bar1", "bar2", "bar3"], ["1", "2", "3"]], position: LineCol { line: 13 } }), tags: [], position: LineCol { line: 12 } }], tags: [], position: LineCol { line: 14 } }], tags: [], position: LineCol { line: 3 } }, Scenario(Scenario { keyword: "Scenario Outline", name: "foo", description: None, steps: [Step { keyword: "Given ", ty: Given, value: "foo is 1", docstring: None, table: None, position: LineCol { line: 8 } }, Step { keyword: "When ", ty: When, value: "foo is 2", docstring: None, table: None, position: LineCol { line: 9 } }, Step { keyword: "Then ", ty: Then, value: "foo is 3", docstring: None, table: None, position: LineCol { line: 10 } }], examples: [Examples { keyword: "Examples", name: None, description: None, table: Some(Table { rows: [["bar1", "bar2", "bar3"], ["1", "2", "3"]], position: LineCol { line: 13 } }), tags: [], position: LineCol { line: 12 } }], tags: [], position: LineCol { line: 14 } }, Started)))
Feature(Feature { keyword: "Feature", name: "Outline", description: None, background: None, scenarios: [], rules: [Rule { keyword: "Rule", name: "outline", description: None, background: Some(Background { keyword: "Background", name: "", description: None, steps: [Step { keyword: "Given ", ty: Given, value: "foo is 0", docstring: None, table: None, position: LineCol { line: 5 } }], position: LineCol { line: 4 } }), scenarios: [Scenario { keyword: "Scenario Outline", name: "foo", description: None, steps: [Step { keyword: "Given ", ty: Given, value: "foo is 1", docstring: None, table: None, position: LineCol { line: 8 } }, Step { keyword: "When ", ty: When, value: "foo is 2", docstring: None, table: None, position: LineCol { line: 9 } }, Step { keyword: "Then ", ty: Then, value: "foo is 3", docstring: None, table: None, position: LineCol { line: 10 } }], examples: [Examples { keyword: "Examples", name: None, description: None, table: Some(Table { rows: [["bar1", "bar2", "bar3"], ["1", "2", "3"]], position: LineCol { line: 13 } }), tags: [], position: LineCol { line: 12 } }], tags: [], position: LineCol { line: 14 } }], tags: [], position: LineCol { line: 3 } }], tags: [], position: LineCol { line: 1 }, }, Rule(Rule { keyword: "Rule", name: "outline", description: None, background: Some(Background { keyword: "Background", name: "", description: None, steps: [Step { keyword: "Given ", ty: Given, value: "foo is 0", docstring: None, table: None, position: LineCol { line: 5 } }], position: LineCol { line: 4 } }), scenarios: [Scenario { keyword: "Scenario Outline", name: "foo", description: None, steps: [Step { keyword: "Given ", ty: Given, value: "foo is 1", docstring: None, table: None, position: LineCol { line: 8 } }, Step { keyword: "When ", ty: When, value: "foo is 2", docstring: None, table: None, position: LineCol { line: 9 } }, Step { keyword: "Then ", ty: Then, value: "foo is 3", docstring: None, table: None, position: LineCol { line: 10 } }], examples: [Examples { keyword: "Examples", name: None, description: None, table: Some(Table { rows: [["bar1", "bar2", "bar3"], ["1", "2", "3"]], position: LineCol { line: 13 } }), tags: [], position: LineCol { line: 12 } }], tags: [], position: LineCol { line: 14 } }], tags: [], position: LineCol { line: 3 } }, Scenario(Scenario { keyword: "Scenario Outline", name: "foo", description: None, steps: [Step { keyword: "Given ", ty: Given, value: "foo is 1", docstring: None, table: None, position: LineCol { line: 8 } }, Step { keyword: "When ", ty: When, value: "foo is 2", docstring: None, table: None, position: LineCol { line: 9 } }, Step { keyword: "Then ", ty: Then, value: "foo is 3", docstring: None, table: None, position: LineCol { line: 10 } }], examples: [Examples { keyword: "Examples", name: None, description: None, table: Some(Table { rows: [["bar1", "bar2", "bar3"], ["1", "2", "3"]], position: LineCol { line: 13 } }), tags: [], position: LineCol { line: 12 } }], tags: [], position: LineCol { line: 14 } }, Background(Step { keyword: "Given ", ty: Given, value: "foo is 0", docstring: None, table: None, position: LineCol { line: 5 } }, Started))))
Feature(Feature { keyword: "Feature", name: "Outline", description: None, background: None, scenarios: [], rules: [Rule { keyword: "Rule", name: "outline", description: None, background: Some(Background { keyword: "Background", name: "", description: None, steps: [Step { keyword: "Given ", ty: Given, value: "foo is 0", docstring: None, table: None, position: LineCol { line: 5 } }], position: LineCol { line: 4 } }), scenarios: [Scenario { keyword: "Scenario Outline", name: "foo", description: None, steps: [Step { keyword: "Given ", ty: Given, value: "foo is 1", docstring: None, table: None, position: LineCol { line: 8 } }, Step { keyword: "When ", ty: When, value: "foo is 2", docstring: None, table: None, position: LineCol { line: 9 } }, Step { keyword: "Then ", ty: Then, value: "foo is 3", docstring: None, table: None, position: LineCol { line: 10 } }], examples: [Examples { keyword: "Examples", name: None, description: None, table: Some(Table { rows: [["bar1", "bar2", "bar3"], ["1", "2", "3"]], position: LineCol { line: 13 } }), tags: [], position: LineCol { line: 12 } }], tags: [], position: LineCol { line: 14 } }], tags: [], position: LineCol { line: 3 } }], tags: [], position: LineCol { line: 1 }, }, Rule(Rule { keyword: "Rule", name: "outline", description: None, background: Some(Background { keyword: "Background", name: "", description: None, steps: [Step { keyword: "Given ", ty: Given, value: "foo is 0", docstring: None, table: None, position: LineCol { line: 5 } }], position: LineCol { line: 4 } }), scenarios: [Scenario { keyword: "Scenario Outline", name: "foo", description: None, steps: [Step { keyword: "Given ", ty: Given, value: "foo is 1", docstring: None, table: None, position: LineCol { line: 8 } }, Step { keyword: "When ", ty: When, value: "foo is 2", docstring: None, table: None, position: LineCol { line: 9 } }, Step { keyword: "Then ", ty: Then, value: "foo is 3", docstring: None, table: None, position: LineCol { line: 10 } }], examples: [Examples { keyword: "Examples", name: None, description: None, table: Some(Table { rows: [["bar1", "bar2", "bar3"], ["1", "2", "3"]], position: LineCol { line: 13 } }), tags: [], position: LineCol { line: 12 } }], tags: [], position: LineCol { line: 14 } }], tags: [], position: LineCol { line: 3 } }, Scenario(Scenario { keyword: "Scenario Outline", name: "foo", description: None, steps: [Step { keyword: "Given ", ty: Given, value: "foo is 1", docstring: None, table: None, position: LineCol { line: 8 } }, Step { keyword: "When ", ty: When, value: "foo is 2", docstring: None, table: None, position: LineCol { line: 9 } }, Step { keyword: "Then ", ty: Then, value: "foo is 3", docstring: None, table: None, position: LineCol { line: 10 } }], examples: [Examples { keyword: "Examples", name: None, description: None, table: Some(Table { rows: [["bar1", "bar2", "bar3"], ["1", "2", "3"]], position: LineCol { line: 13 } }), tags: [], position: LineCol { line: 12 } }], tags: [], position: LineCol { line: 14 } }, Background(Step { keyword: "Given ", ty: Given, value: "foo is 0", docstring: None, table: None, position: LineCol { line: 5 } }, Passed(CaptureLocations(Locations([Some(0), Some(8), Some(7), Some(8)])))))))
Feature(Feature { keyword: "Feature", name: "Outline", description: None, background: None, scenarios: [], rules: [Rule { keyword: "Rule", name: "outline", description: None, background: Some(Background { keyword: "Background", name: "", description: None, steps: [Step { keyword: "Given ", ty: Given, value: "foo is 0", docstring: None, table: None, position: LineCol { line: 5 } }], position: LineCol { line: 4 } }), scenarios: [Scenario { keyword: "Scenario Outline", name: "foo", description: None, steps: [Step { keyword: "Given ", ty: Given, value: "foo is 1", docstring: None, table: None, position: LineCol { line: 8 } }, Step { keyword: "When ", ty: When, value: "foo is 2", docstring: None, table: None, position: LineCol { line: 9 } }, Step { keyword: "Then ", ty: Then, value: "foo is 3", docstring: None, table: None, position: LineCol { line: 10 } }], examples: [Examples { keyword: "Examples", name: None, description: None, table: Some(Table { rows: [["bar1", "bar2", "bar3"], ["1", "2", "3"]], position: LineCol { line: 13 } }), tags: [], position: LineCol { line: 12 } }], tags: [], position: LineCol { line: 14 } }], tags: [], position: LineCol { line: 3 } }], tags: [], position: LineCol { line: 1 }, }, Rule(Rule { keyword: "Rule", name: "outline", description: None, background: Some(Background { keyword: "Background", name: "", description: None, steps: [Step { keyword: "Given ", ty: Given, value: "foo is 0", docstring: None, table: None, position: LineCol { line: 5 } }], position: LineCol { line: 4 } }), scenarios: [Scenario { keyword: "Scenario Outline", name: "foo", description: None, steps: [Step { keyword: "Given ", ty: Given, value: "foo is 1", docstring: None, table: None, position: LineCol { line: 8 } }, Step { keyword: "When ", ty: When, value: "foo is 2", docstring: None, table: None, position: LineCol { line: 9 } }, Step { keyword: "Then ", ty: Then, value: "foo is 3", docstring: None, table: None, position: LineCol { line: 10 } }], examples: [Examples { keyword: "Examples", name: None, description: None, table: Some(Table { rows: [["bar1", "bar2", "bar3"], ["1", "2", "3"]], position: LineCol { line: 13 } }), tags: [], position: LineCol { line: 12 } }], tags: [], position: LineCol { line: 14 } }], tags: [], position: LineCol { line: 3 } }, Scenario(Scenario { keyword: "Scenario Outline", name: "foo", description: None, steps: [Step { keyword: "Given ", ty: Given, value: "foo is 1", docstring: None, table: None, position: LineCol { line: 8 } }, Step { keyword: "When ", ty: When, value: "foo is 2", docstring: None, table: None, position: LineCol { line: 9 } }, Step { keyword: "Then ", ty: Then, value: "foo is 3", docstring: None, table: None, position: LineCol { line: 10 } }], examples: [Examples { keyword: "Examples", name: None, description: None, table: Some(Table { rows: [["bar1", "bar2", "bar3"], ["1", "2", "3"]], position: LineCol { line: 13 } }), tags: [], position: LineCol { line: 12 } }], tags: [], position: LineCol { line: 14 } }, Step(Step { keyword: "Given ", ty: Given, value: "foo is 1", docstring: None, table: None, position: LineCol { line: 8 } }, Started))))
Feature(Feature { keyword: "Feature", name: "Outline", description: None, background: None, scenarios: [], rules: [Rule { keyword: "Rule", name: "outline", description: None, background: Some(Background { keyword: "Background", name: "", description: None, steps: [Step { keyword: "Given ", ty: Given, value: "foo is 0", docstring: None, table: None, position: LineCol { line: 5 } }], position: LineCol { line: 4 } }), scenarios: [Scenario { keyword: "Scenario Outline", name: "foo", description: None, steps: [Step { keyword: "Given ", ty: Given, value: "foo is 1", docstring: None, table: None, position: LineCol { line: 8 } }, Step { keyword: "When ", ty: When, value: "foo is 2", docstring: None, table: None, position: LineCol { line: 9 } }, Step { keyword: "Then ", ty: Then, value: "foo is 3", docstring: None, table: None, position: LineCol { line: 10 } }], examples: [Examples { keyword: "Examples", name: None, description: None, table: Some(Table { rows: [["bar1", "bar2", "bar3"], ["1", "2", "3"]], position: LineCol { line: 13 } }), tags: [], position: LineCol { line: 12 } }], tags: [], position: LineCol { line: 14 } }], tags: [], position: LineCol { line: 3 } }], tags: [], position: LineCol { line: 1 }, }, Rule(Rule { keyword: "Rule", name: "outline", description: None, background: Some(Background { keyword: "Background", name: "", description: None, steps: [Step { keyword: "Given ", ty: Given, value: "foo is 0", docstring: None, table: None, position: LineCol { line: 5 } }], position: LineCol { line: 4 } }), scenarios: [Scenario { keyword: "Scenario Outline", name: "foo", description: None, steps: [Step { keyword: "Given ", ty: Given, value: "foo is 1", docstring: None, table: None, position: LineCol { line: 8 } }, Step { keyword: "When ", ty: When, value: "foo is 2", docstring: None, table: None, position: LineCol { line: 9 } }, Step { keyword: "Then ", ty: Then, value: "foo is 3", docstring: None, table: None, position: LineCol { line: 10 } }], examples: [Examples { keyword: "Examples", name: None, description: None, table: Some(Table { rows: [["bar1", "bar2", "bar3"], ["1", "2", "3"]], position: LineCol { line: 13 } }), tags: [], position: LineCol { line: 12 } }], tags: [], position: LineCol { line: 14 } }], tags: [], position: LineCol { line: 3 } }, Scenario(Scenario { keyword: "Scenario Outline", name: "foo", description: None, steps: [Step { keyword: "Given ", ty: Given, value: "foo is 1", docstring: None, table: None, position: LineCol { line: 8 } }, Step { keyword: "When ", ty: When, value: "foo is 2", docstring: None, table: None, position: LineCol { line: 9 } }, Step { keyword: "Then ", ty: Then, value: "foo is 3", docstring: None, table: None, position: LineCol { line: 10 } }], examples: [Examples { keyword: "Examples", name: None, description: None, table: Some(Table { rows: [["bar1", "bar2", "bar3"], ["1", "2", "3"]], position: LineCol { line: 13 } }), tags: [], position: LineCol { line: 12 } }], tags: [], position: LineCol { line: 14 } }, Step(Step { keyword: "Given ", ty: Given, value: "foo is 1", docstring: None, table: None, position: LineCol { line: 8 } }, Passed(CaptureLocations(Locations([Some(0), Some(8), Some(7), Some(8)])))))))
Feature(Feature { keyword: "Feature", name: "Outline", description: None, background: None, scenarios: [], rules: [Rule { keyword: "Rule", name: "outline", description: None, background: Some(Background { keyword: "Background", name: "", description: None, steps: [Step { keyword: "Given ", ty: Given, value: "foo is 0", docstring: None, table: None, position: LineCol { line: 5 } }], position: LineCol { line: 4 } }), scenarios: [Scenario { keyword: "Scenario Outline", name: "foo", description: None, steps: [Step { keyword: "Given ", ty: Given, value: "foo is 1", docstring: None, table: None, position: LineCol { line: 8 } }, Step { keyword: "When ", ty: When, value: "foo is 2", docstring: None, table: None, position: LineCol { line: 9 } }, Step { keyword: "Then ", ty: Then, value: "foo is 3", docstring: None, table: None, position: LineCol { line: 10 } }], examples: [Examples { keyword: "Examples", name: None, description: None, table: Some(Table { rows: [["bar1", "bar2", "bar3"], ["1", "2", "3"]], position: LineCol { line: 13 } }), tags: [], position: LineCol { line: 12 } }], tags: [], position: LineCol { line: 14 } }], tags: [], position: LineCol { line: 3 } }], tags: [], position: LineCol { line: 1 }, }, Rule(Rule { keyword: "Rule", name: "outline", description: None, background: Some(Background { keyword: "Background", name: "", description: None, steps: [Step { keyword: "Given ", ty: Given, value: "foo is 0", docstring: None, table: None, position: LineCol { line: 5 } }], position: LineCol { line: 4 } }), scenarios: [Scenario { keyword: "Scenario Outline", name: "foo", description: None, steps: [Step { keyword: "Given ", ty: Given, value: "foo is 1", docstring: None, table: None, position: LineCol { line: 8 } }, Step { keyword: "When ", ty: When, value: "foo is 2", docstring: None, table: None, position: LineCol { line: 9 } }, Step { keyword: "Then ", ty: Then, value: "foo is 3", docstring: None, table: None, position: LineCol { line: 10 } }], examples: [Examples { keyword: "Examples", name: None, description: None, table: Some(Table { rows: [["bar1", "bar2", "bar3"], ["1", "2", "3"]], position: LineCol { line: 13 } }), tags: [], position: LineCol { line: 12 } }], tags: [], position: LineCol { line: 14 } }], tags: [], position: LineCol { line: 3 } }, Scenario(Scenario { keyword: "Scenario Outline", name: "foo", description: None, steps: [Step { keyword: "Given ", ty: Given, value: "foo is 1", docstring: None, table: None, position: LineCol { line: 8 } }, Step { keyword: "When ", ty: When, value: "foo is 2", docstring: None, table: None, position: LineCol { line: 9 } }, Step { keyword: "Then ", ty: Then, value: "foo is 3", docstring: None, table: None, position: LineCol { line: 10 } }], examples: [Examples { keyword: "Examples", name: None, description: None, table: Some(Table { rows: [["bar1", "bar2", "bar3"], ["1", "2", "3"]], position: LineCol { line: 13 } }), tags: [], position: LineCol { line: 12 } }], tags: [], position: LineCol { line: 14 } }, Step(Step { keyword: "When ", ty: When, value: "foo is 2", docstring: None, table: None, position: LineCol { line: 9 } }, Started))))
Feature(Feature { keyword: "Feature", name: "Outline", description: None, background: None, scenarios: [], rules: [Rule { keyword: "Rule", name: "outline", description: None, background: Some(Background { keyword: "Background", name: "", description: None, steps: [Step { keyword: "Given ", ty: Given, value: "foo is 0", docstring: None, table: None, position: LineCol { line: 5 } }], position: LineCol { line: 4 } }), scenarios: [Scenario { keyword: "Scenario Outline", name: "foo", description: None, steps: [Step { keyword: "Given ", ty: Given, value: "foo is 1", docstring: None, table: None, position: LineCol { line: 8 } }, Step { keyword: "When ", ty: When, value: "foo is 2", docstring: None, table: None, position: LineCol { line: 9 } }, Step { keyword: "Then ", ty: Then, value: "foo is 3", docstring: None, table: None, position: LineCol { line: 10 } }], examples: [Examples { keyword: "Examples", name: None, description: None, table: Some(Table { rows: [["bar1", "bar2", "bar3"], ["1", "2", "3"]], position: LineCol { line: 13 } }), tags: [], position: LineCol { line: 12 } }], tags: [], position: LineCol { line: 14 } }], tags: [], position: LineCol { line: 3 } }], tags: [], position: LineCol { line: 1 }, }, Rule(Rule { keyword: "Rule", name: "outline", description: None, background: Some(Background { keyword: "Background", name: "", description: None, steps: [Step { keyword: "Given ", ty: Given, value: "foo is 0", docstring: None, table: None, position: LineCol { line: 5 } }], position: LineCol { line: 4 } }), scenarios: [Scenario { keyword: "Scenario Outline", name: "foo", description: None, steps: [Step { keyword: "Given ", ty: Given, value: "foo is 1", docstring: None, table: None, position: LineCol { line: 8 } }, Step { keyword: "When ", ty: When, value: "foo is 2", docstring: None, table: None, position: LineCol { line: 9 } }, Step { keyword: "Then ", ty: Then, value: "foo is 3", docstring: None, table: None, position: LineCol { line: 10 } }], examples: [Examples { keyword: "Examples", name: None, description: None, table: Some(Table { rows: [["bar1", "bar2", "bar3"], ["1", "2", "3"]], position: LineCol { line: 13 } }), tags: [], position: LineCol { line: 12 } }], tags: [], position: LineCol { line: 14 } }], tags: [], position: LineCol { line: 3 } }, Scenario(Scenario { keyword: "Scenario Outline", name: "foo", description: None, steps: [Step { keyword: "Given ", ty: Given, value: "foo is 1", docstring: None, table: None, position: LineCol { line: 8 } }, Step { keyword: "When ", ty: When, value: "foo is 2", docstring: None, table: None, position: LineCol { line: 9 } }, Step { keyword: "Then ", ty: Then, value: "foo is 3", docstring: None, table: None, position: LineCol { line: 10 } }], examples: [Examples { keyword: "Examples", name: None, description: None, table: Some(Table { rows: [["bar1", "bar2", "bar3"], ["1", "2", "3"]], position: LineCol { line: 13 } }), tags: [], position: LineCol { line: 12 } }], tags: [], position: LineCol { line: 14 } }, Step(Step { keyword: "When ", ty: When, value: "foo is 2", docstring: None, table: None, position: LineCol { line: 9 } }, Passed(CaptureLocations(Locations([Some(0), Some(8), Some(7), Some(8)])))))))
Feature(Feature { keyword: "Feature", name: "Outline", description: None, background: None, scenarios: [], rules: [Rule { keyword: "Rule", name: "outline", description: None, background: Some(Background { keyword: "Background", name: "", description: None, steps: [Step { keyword: "Given ", ty: Given, value: "foo is 0", docstring: None, table: None, position: LineCol { line: 5 } }], position: LineCol { line: 4 } }), scenarios: [Scenario { keyword: "Scenario Outline", name: "foo", description: None, steps: [Step { keyword: "Given ", ty: Given, value: "foo is 1", docstring: None, table: None, position: LineCol { line: 8 } }, Step { keyword: "When ", ty: When, value: "foo is 2", docstring: None, table: None, position: LineCol { line: 9 } }, Step { keyword: "Then ", ty: Then, value: "foo is 3", docstring: None, table: None, position: LineCol { line: 10 } }], examples: [Examples { keyword: "Examples", name: None, description: None, table: Some(Table { rows: [["bar1", "bar2", "bar3"], ["1", "2", "3"]], position: LineCol { line: 13 } }), tags: [], position: LineCol { line: 12 } }], tags: [], position: LineCol { line: 14 } }], tags: [], position: LineCol { line: 3 } }], tags: [], position: LineCol { line: 1 }, }, Rule(Rule { keyword: "Rule", name: "outline", description: None, background: Some(Background { keyword: "Background", name: "", description: None, steps: [Step { keyword: "Given ", ty: Given, value: "foo is 0", docstring: None, table: None, position: LineCol { line: 5 } }], position: LineCol { line: 4 } }), scenarios: [Scenario { keyword: "Scenario Outline", name: "foo", description: None, steps: [Step { keyword: "Given ", ty: Given, value: "foo is 1", docstring: None, table: None, position: LineCol { line: 8 } }, Step { keyword: "When ", ty: When, value: "foo is 2", docstring: None, table: None, position: LineCol { line: 9 } }, Step { keyword: "Then ", ty: Then, value: "foo is 3", docstring: None, table: None, position: LineCol { line: 10 } }], examples: [Examples { keyword: "Examples", name: None, description: None, table: Some(Table { rows: [["bar1", "bar2", "bar3"], ["1", "2", "3"]], position: LineCol { line: 13 } }), tags: [], position: LineCol { line: 12 } }], tags: [], position: LineCol { line: 14 } }], tags: [], position: LineCol { line: 3 } }, Scenario(Scenario { keyword: "Scenario Outline", name: "foo", description: None, steps: [Step { keyword: "Given ", ty: Given, value: "foo is 1", docstring: None, table: None, position: LineCol { line: 8 } }, Step { keyword: "When ", ty: When, value: "foo is 2", docstring: None, table: None, position: LineCol { line: 9 } }, Step { keyword: "Then ", ty: Then, value: "foo is 3", docstring: None, table: None, position: LineCol { line: 10 } }], examples: [Examples { keyword: "Examples", name: None, description: None, table: Some(Table { rows: [["bar1", "bar2", "bar3"], ["1", "2", "3"]], position: LineCol { line: 13 } }), tags: [], position: LineCol { line: 12 } }], tags: [], position: LineCol { line: 14 } }, Step(Step { keyword: "Then ", ty: Then, value: "foo is 3", docstring: None, table: None, position: LineCol { line: 10 } }, Started))))
Feature(Feature { keyword: "Feature", name: "Outline", description: None, background: None, scenarios: [], rules: [Rule { keyword: "Rule", name: "outline", description: None, background: Some(Background { keyword: "Background", name: "", description: None, steps: [Step { keyword: "Given ", ty: Given, value: "foo is 0", docstring: None, table: None, position: LineCol { line: 5 } }], position: LineCol { line: 4 } }), scenarios: [Scenario { keyword: "Scenario Outline", name: "foo", description: None, steps: [Step { keyword: "Given ", ty: Given, value: "foo is 1", docstring: None, table: None, position: LineCol { line: 8 } }, Step { keyword: "When ", ty: When, value: "foo is 2", docstring: None, table: None, position: LineCol { line: 9 } }, Step { keyword: "Then ", ty: Then, value: "foo is 3", docstring: None, table: None, position: LineCol { line: 10 } }], examples: [Examples { keyword: "Examples", name: None, description: None, table: Some(Table { rows: [["bar1", "bar2", "bar3"], ["1", "2", "3"]], position: LineCol { line: 13 } }), tags: [], position: LineCol { line: 12 } }], tags: [], position: LineCol { line: 14 } }], tags: [], position: LineCol { line: 3 } }], tags: [], position: LineCol { line: 1 }, }, Rule(Rule { keyword: "Rule", name: "outline", description: None, background: Some(Background { keyword: "Background", name: "", description: None, steps: [Step { keyword: "Given ", ty: Given, value: "foo is 0", docstring: None, table: None, position: LineCol { line: 5 } }], position: LineCol { line: 4 } }), scenarios: [Scenario { keyword: "Scenario Outline", name: "foo", description: None, steps: [Step { keyword: "Given ", ty: Given, value: "foo is 1", docstring: None, table: None, position: LineCol { line: 8 } }, Step { keyword: "When ", ty: When, value: "foo is 2", docstring: None, table: None, position: LineCol { line: 9 } }, Step { keyword: "Then ", ty: Then, value: "foo is 3", docstring: None, table: None, position: LineCol { line: 10 } }], examples: [Examples { keyword: "Examples", name: None, description: None, table: Some(Table { rows: [["bar1", "bar2", "bar3"], ["1", "2", "3"]], position: LineCol { line: 13 } }), tags: [], position: LineCol { line: 12 } }], tags: [], position: LineCol { line: 14 } }], tags: [], position: LineCol { line: 3 } }, Scenario(Scenario { keyword: "Scenario Outline", name: "foo", description: None, steps: [Step { keyword: "Given ", ty: Given, value: "foo is 1", docstring: None, table: None, position: LineCol { line: 8 } }, Step { keyword: "When ", ty: When, value: "foo is 2", docstring: None, table: None, position: LineCol { line: 9 } }, Step { keyword: "Then ", ty: Then, value: "foo is 3", docstring: None, table: None, position: LineCol { line: 10 } }], examples: [Examples { keyword: "Examples", name: None, description: None, table: Some(Table { rows: [["bar1", "bar2", "bar3"], ["1", "2", "3"]], position: LineCol { line: 13 } }), tags: [], position: LineCol { line: 12 } }], tags: [], position: LineCol { line: 14 } }, Step(Step { keyword: "Then ", ty: Then, value: "foo is 3", docstring: None, table: None, position: LineCol { line: 10 } }, Passed(CaptureLocations(Locations([Some(0), Some(8), Some(7), Some(8)])))))))
Feature(Feature { keyword: "Feature", name: "Outline", description: None, background: None, scenarios: [], rules: [Rule { keyword: "Rule", name: "outline", description: None, background: Some(Background { keyword: "Background", name: "", description: None, steps: [Step { keyword: "Given ", ty: Given, value: "foo is 0", docstring: None, table: None, position: LineCol { line: 5 } }], position: LineCol { line: 4 } }), scenarios: [Scenario { keyword: "Scenario Outline", name: "foo", description: None, steps: [Step { keyword: "Given ", ty: Given, value: "foo is 1", docstring: None, table: None, position: LineCol { line: 8 } }, Step { keyword: "When ", ty: When, value: "foo is 2", docstring: None, table: None, position: LineCol { line: 9 } }, Step { keyword: "Then ", ty: Then, value: "foo is 3", docstring: None, table: None, position: LineCol { line: 10 } }], examples: [Examples { keyword: "Examples", name: None, description: None, table: Some(Table { rows: [["bar1", "bar2", "bar3"], ["1", "2", "3"]], position: LineCol { line: 13 } }), tags: [], position: LineCol { line: 12 } }], tags: [], position: LineCol { line: 14 } }], tags: [], position: LineCol { line: 3 } }], tags: [], position: LineCol { line: 1 }, }, Rule(Rule { keyword: "Rule", name: "outline", description: None, background: Some(Background { keyword: "Background", name: "", description: None, steps: [Step { keyword: "Given ", ty: Given, value: "foo is 0", docstring: None, table: None, position: LineCol { line: 5 } }], position: LineCol { line: 4 } }), scenarios: [Scenario { keyword: "Scenario Outline", name: "foo", description: None, steps: [Step { keyword: "Given ", ty: Given, value: "foo is 1", docstring: None, table: None, position: LineCol { line: 8 } }, Step { keyword: "When ", ty: When, value: "foo is 2", docstring: None, table: None, position: LineCol { line: 9 } }, Step { keyword: "Then ", ty: Then, value: "foo is 3", docstring: None, table: None, position: LineCol { line: 10 } }], examples: [Examples { keyword: "Examples", name: None, description: None, table: Some(Table { rows: [["bar1", "bar2", "bar3"], ["1", "2", "3"]], position: LineCol { line: 13 } }), tags: [], position: LineCol { line: 12 } }], tags: [], position: LineCol { line: 14 } }], tags: [], position: LineCol { line: 3 } }, Scenario(Scenario { keyword: "Scenario Outline", name: "foo", description: None, steps: [Step { keyword: "Given ", ty: Given, value: "foo is 1", docstring: None, table: None, position: LineCol { line: 8 } }, Step { keyword: "When ", ty: When, value: "foo is 2", docstring: None, table: None, position: LineCol { line: 9 } }, Step { keyword: "Then ", ty: Then, value: "foo is 3", docstring: None, table: None, position: LineCol { line: 10 } }], examples: [Examples { keyword: "Examples", name: None, description: None, table: Some(Table { rows: [["bar1", "bar2", "bar3"], ["1", "2", "3"]], position: LineCol { line: 13 } }), tags: [], position: LineCol { line: 12 } }], tags: [], position: LineCol { line: 14 } }, Finished)))
Feature(Feature { keyword: "Feature", name: "Outline", description: None, background: None, scenarios: [], rules: [Rule { keyword: "Rule", name: "outline", description: None, background: Some(Background { keyword: "Background", name: "", description: None, steps: [Step { keyword: "Given ", ty: Given, value: "foo is 0", docstring: None, table: None, position: LineCol { line: 5 } }], position: LineCol { line: 4 } }), scenarios: [Scenario { keyword: "Scenario Outline", name: "foo", description: None, steps: [Step { keyword: "Given ", ty: Given, value: "foo is 1", docstring: None, table: None, position: LineCol { line: 8 } }, Step { keyword: "When ", ty: When, value: "foo is 2", docstring: None, table: None, position: LineCol { line: 9 } }, Step { keyword: "Then ", ty: Then, value: "foo is 3", docstring: None, table: None, position: LineCol { line: 10 } }], examples: [Examples { keyword: "Examples", name: None, description: None, table: Some(Table { rows: [["bar1", "bar2", "bar3"], ["1", "2", "3"]], position: LineCol { line: 13 } }), tags: [], position: LineCol { line: 12 } }], tags: [], position: LineCol { line: 14 } }], tags: [], position: LineCol { line: 3 } }], tags: [], position: LineCol { line: 1 }, }, Rule(Rule { keyword: "Rule", name: "outline", description: None, background: Some(Background { keyword: "Background", name: "", description: None, steps: [Step { keyword: "Given ", ty: Given, value: "foo is 0", docstring: None, table: None, position: LineCol { line: 5 } }], position: LineCol { line: 4 } }), scenarios: [Scenario { keyword: "Scenario Outline", name: "foo", description: None, steps: [Step { keyword: "Given ", ty: Given, value: "foo is 1", docstring: None, table: None, position: LineCol { line: 8 } }, Step { keyword: "When ", ty: When, value: "foo is 2", docstring: None, table: None, position: LineCol { line: 9 } }, Step { keyword: "Then ", ty: Then, value: "foo is 3", docstring: None, table: None, position: LineCol { line: 10 } }], examples: [Examples { keyword: "Examples", name: None, description: None, table: Some(Table { rows: [["bar1", "bar2", "bar3"], ["1", "2", "3"]], position: LineCol { line: 13 } }), tags: [], position: LineCol { line: 12 } }], tags: [], position: LineCol { line: 14 } }], tags: [], position: LineCol { line: 3 } }, Finished))
Feature(Feature { keyword: "Feature", name: "Outline", description: None, background: None, scenarios: [], rules: [Rule { keyword: "Rule", name: "outline", description: None, background: Some(Background { keyword: "Background", name: "", description: None, steps: [Step { keyword: "Given ", ty: Given, value: "foo is 0", docstring: None, table: None, position: LineCol { line: 5 } }], position: LineCol { line: 4 } }), scenarios: [Scenario { keyword: "Scenario Outline", name: "foo", description: None, steps: [Step { keyword: "Given ", ty: Given, value: "foo is 1", docstring: None, table: None, position: LineCol { line: 8 } }, Step { keyword: "When ", ty: When, value: "foo is 2", docstring: None, table: None, position: LineCol { line: 9 } }, Step { keyword: "Then ", ty: Then, value: "foo is 3", docstring: None, table: None, position: LineCol { line: 10 } }], examples: [Examples { keyword: "Examples", name: None, description: None, table: Some(Table { rows: [["bar1", "bar2", "bar3"], ["1", "2", "3"]], position: LineCol { line: 13 } }), tags: [], position: LineCol { line: 12 } }], tags: [], position: LineCol { line: 14 } }], tags: [], position: LineCol { line: 3 } }], tags: [], position: LineCol { line: 1 }, }, Finished)
Finished
