Started
Feature(Feature { keyword: "Feature", name: "Outline", description: None, background: None, scenarios: [], rules: [Rule { keyword: "Rule", name: "them all", background: None, scenarios: [Scenario { keyword: "Scenario Outline", name: "foo", steps: [Step { keyword: "Given", ty: Given, value: "foo is 0", docstring: None, table: None, position: LineCol { line: 4, col: 7 } }, Step { keyword: "When", ty: When, value: "foo is 1", docstring: None, table: None, position: LineCol { line: 5, col: 7 } }, Step { keyword: "Then", ty: Then, value: "foo is 2", docstring: None, table: None, position: LineCol { line: 6, col: 7 } }], examples: [Examples { keyword: "Examples", table: Table { rows: [["bar1", "bar2", "bar3"], ["0", "1", "2"]], position: LineCol { line: 9, col: 9 } }, tags: [], position: LineCol { line: 8, col: 7 } }], tags: [], position: LineCol { line: 9, col: 7 } }], tags: [], position: LineCol { line: 2, col: 3 } }], tags: [], position: LineCol { line: 1, col: 1 }, }, Started)
Feature(Feature { keyword: "Feature", name: "Outline", description: None, background: None, scenarios: [], rules: [Rule { keyword: "Rule", name: "them all", background: None, scenarios: [Scenario { keyword: "Scenario Outline", name: "foo", steps: [Step { keyword: "Given", ty: Given, value: "foo is 0", docstring: None, table: None, position: LineCol { line: 4, col: 7 } }, Step { keyword: "When", ty: When, value: "foo is 1", docstring: None, table: None, position: LineCol { line: 5, col: 7 } }, Step { keyword: "Then", ty: Then, value: "foo is 2", docstring: None, table: None, position: LineCol { line: 6, col: 7 } }], examples: [Examples { keyword: "Examples", table: Table { rows: [["bar1", "bar2", "bar3"], ["0", "1", "2"]], position: LineCol { line: 9, col: 9 } }, tags: [], position: LineCol { line: 8, col: 7 } }], tags: [], position: LineCol { line: 9, col: 7 } }], tags: [], position: LineCol { line: 2, col: 3 } }], tags: [], position: LineCol { line: 1, col: 1 }, }, Rule(Rule { keyword: "Rule", name: "them all", background: None, scenarios: [Scenario { keyword: "Scenario Outline", name: "foo", steps: [Step { keyword: "Given", ty: Given, value: "foo is 0", docstring: None, table: None, position: LineCol { line: 4, col: 7 } }, Step { keyword: "When", ty: When, value: "foo is 1", docstring: None, table: None, position: LineCol { line: 5, col: 7 } }, Step { keyword: "Then", ty: Then, value: "foo is 2", docstring: None, table: None, position: LineCol { line: 6, col: 7 } }], examples: [Examples { keyword: "Examples", table: Table { rows: [["bar1", "bar2", "bar3"], ["0", "1", "2"]], position: LineCol { line: 9, col: 9 } }, tags: [], position: LineCol { line: 8, col: 7 } }], tags: [], position: LineCol { line: 9, col: 7 } }], tags: [], position: LineCol { line: 2, col: 3 } }, Started))
Feature(Feature { keyword: "Feature", name: "Outline", description: None, background: None, scenarios: [], rules: [Rule { keyword: "Rule", name: "them all", background: None, scenarios: [Scenario { keyword: "Scenario Outline", name: "foo", steps: [Step { keyword: "Given", ty: Given, value: "foo is 0", docstring: None, table: None, position: LineCol { line: 4, col: 7 } }, Step { keyword: "When", ty: When, value: "foo is 1", docstring: None, table: None, position: LineCol { line: 5, col: 7 } }, Step { keyword: "Then", ty: Then, value: "foo is 2", docstring: None, table: None, position: LineCol { line: 6, col: 7 } }], examples: [Examples { keyword: "Examples", table: Table { rows: [["bar1", "bar2", "bar3"], ["0", "1", "2"]], position: LineCol { line: 9, col: 9 } }, tags: [], position: LineCol { line: 8, col: 7 } }], tags: [], position: LineCol { line: 9, col: 7 } }], tags: [], position: LineCol { line: 2, col: 3 } }], tags: [], position: LineCol { line: 1, col: 1 }, }, Rule(Rule { keyword: "Rule", name: "them all", background: None, scenarios: [Scenario { keyword: "Scenario Outline", name: "foo", steps: [Step { keyword: "Given", ty: Given, value: "foo is 0", docstring: None, table: None, position: LineCol { line: 4, col: 7 } }, Step { keyword: "When", ty: When, value: "foo is 1", docstring: None, table: None, position: LineCol { line: 5, col: 7 } }, Step { keyword: "Then", ty: Then, value: "foo is 2", docstring: None, table: None, position: LineCol { line: 6, col: 7 } }], examples: [Examples { keyword: "Examples", table: Table { rows: [["bar1", "bar2", "bar3"], ["0", "1", "2"]], position: LineCol { line: 9, col: 9 } }, tags: [], position: LineCol { line: 8, col: 7 } }], tags: [], position: LineCol { line: 9, col: 7 } }], tags: [], position: LineCol { line: 2, col: 3 } }, Scenario(Scenario { keyword: "Scenario Outline", name: "foo", steps: [Step { keyword: "Given", ty: Given, value: "foo is 0", docstring: None, table: None, position: LineCol { line: 4, col: 7 } }, Step { keyword: "When", ty: When, value: "foo is 1", docstring: None, table: None, position: LineCol { line: 5, col: 7 } }, Step { keyword: "Then", ty: Then, value: "foo is 2", docstring: None, table: None, position: LineCol { line: 6, col: 7 } }], examples: [Examples { keyword: "Examples", table: Table { rows: [["bar1", "bar2", "bar3"], ["0", "1", "2"]], position: LineCol { line: 9, col: 9 } }, tags: [], position: LineCol { line: 8, col: 7 } }], tags: [], position: LineCol { line: 9, col: 7 } }, Started)))
Feature(Feature { keyword: "Feature", name: "Outline", description: None, background: None, scenarios: [], rules: [Rule { keyword: "Rule", name: "them all", background: None, scenarios: [Scenario { keyword: "Scenario Outline", name: "foo", steps: [Step { keyword: "Given", ty: Given, value: "foo is 0", docstring: None, table: None, position: LineCol { line: 4, col: 7 } }, Step { keyword: "When", ty: When, value: "foo is 1", docstring: None, table: None, position: LineCol { line: 5, col: 7 } }, Step { keyword: "Then", ty: Then, value: "foo is 2", docstring: None, table: None, position: LineCol { line: 6, col: 7 } }], examples: [Examples { keyword: "Examples", table: Table { rows: [["bar1", "bar2", "bar3"], ["0", "1", "2"]], position: LineCol { line: 9, col: 9 } }, tags: [], position: LineCol { line: 8, col: 7 } }], tags: [], position: LineCol { line: 9, col: 7 } }], tags: [], position: LineCol { line: 2, col: 3 } }], tags: [], position: LineCol { line: 1, col: 1 }, }, Rule(Rule { keyword: "Rule", name: "them all", background: None, scenarios: [Scenario { keyword: "Scenario Outline", name: "foo", steps: [Step { keyword: "Given", ty: Given, value: "foo is 0", docstring: None, table: None, position: LineCol { line: 4, col: 7 } }, Step { keyword: "When", ty: When, value: "foo is 1", docstring: None, table: None, position: LineCol { line: 5, col: 7 } }, Step { keyword: "Then", ty: Then, value: "foo is 2", docstring: None, table: None, position: LineCol { line: 6, col: 7 } }], examples: [Examples { keyword: "Examples", table: Table { rows: [["bar1", "bar2", "bar3"], ["0", "1", "2"]], position: LineCol { line: 9, col: 9 } }, tags: [], position: LineCol { line: 8, col: 7 } }], tags: [], position: LineCol { line: 9, col: 7 } }], tags: [], position: LineCol { line: 2, col: 3 } }, Scenario(Scenario { keyword: "Scenario Outline", name: "foo", steps: [Step { keyword: "Given", ty: Given, value: "foo is 0", docstring: None, table: None, position: LineCol { line: 4, col: 7 } }, Step { keyword: "When", ty: When, value: "foo is 1", docstring: None, table: None, position: LineCol { line: 5, col: 7 } }, Step { keyword: "Then", ty: Then, value: "foo is 2", docstring: None, table: None, position: LineCol { line: 6, col: 7 } }], examples: [Examples { keyword: "Examples", table: Table { rows: [["bar1", "bar2", "bar3"], ["0", "1", "2"]], position: LineCol { line: 9, col: 9 } }, tags: [], position: LineCol { line: 8, col: 7 } }], tags: [], position: LineCol { line: 9, col: 7 } }, Step(Step { keyword: "Given", ty: Given, value: "foo is 0", docstring: None, table: None, position: LineCol { line: 4, col: 7 } }, Started))))
Feature(Feature { keyword: "Feature", name: "Outline", description: None, background: None, scenarios: [], rules: [Rule { keyword: "Rule", name: "them all", background: None, scenarios: [Scenario { keyword: "Scenario Outline", name: "foo", steps: [Step { keyword: "Given", ty: Given, value: "foo is 0", docstring: None, table: None, position: LineCol { line: 4, col: 7 } }, Step { keyword: "When", ty: When, value: "foo is 1", docstring: None, table: None, position: LineCol { line: 5, col: 7 } }, Step { keyword: "Then", ty: Then, value: "foo is 2", docstring: None, table: None, position: LineCol { line: 6, col: 7 } }], examples: [Examples { keyword: "Examples", table: Table { rows: [["bar1", "bar2", "bar3"], ["0", "1", "2"]], position: LineCol { line: 9, col: 9 } }, tags: [], position: LineCol { line: 8, col: 7 } }], tags: [], position: LineCol { line: 9, col: 7 } }], tags: [], position: LineCol { line: 2, col: 3 } }], tags: [], position: LineCol { line: 1, col: 1 }, }, Rule(Rule { keyword: "Rule", name: "them all", background: None, scenarios: [Scenario { keyword: "Scenario Outline", name: "foo", steps: [Step { keyword: "Given", ty: Given, value: "foo is 0", docstring: None, table: None, position: LineCol { line: 4, col: 7 } }, Step { keyword: "When", ty: When, value: "foo is 1", docstring: None, table: None, position: LineCol { line: 5, col: 7 } }, Step { keyword: "Then", ty: Then, value: "foo is 2", docstring: None, table: None, position: LineCol { line: 6, col: 7 } }], examples: [Examples { keyword: "Examples", table: Table { rows: [["bar1", "bar2", "bar3"], ["0", "1", "2"]], position: LineCol { line: 9, col: 9 } }, tags: [], position: LineCol { line: 8, col: 7 } }], tags: [], position: LineCol { line: 9, col: 7 } }], tags: [], position: LineCol { line: 2, col: 3 } }, Scenario(Scenario { keyword: "Scenario Outline", name: "foo", steps: [Step { keyword: "Given", ty: Given, value: "foo is 0", docstring: None, table: None, position: LineCol { line: 4, col: 7 } }, Step { keyword: "When", ty: When, value: "foo is 1", docstring: None, table: None, position: LineCol { line: 5, col: 7 } }, Step { keyword: "Then", ty: Then, value: "foo is 2", docstring: None, table: None, position: LineCol { line: 6, col: 7 } }], examples: [Examples { keyword: "Examples", table: Table { rows: [["bar1", "bar2", "bar3"], ["0", "1", "2"]], position: LineCol { line: 9, col: 9 } }, tags: [], position: LineCol { line: 8, col: 7 } }], tags: [], position: LineCol { line: 9, col: 7 } }, Step(Step { keyword: "Given", ty: Given, value: "foo is 0", docstring: None, table: None, position: LineCol { line: 4, col: 7 } }, Passed(CaptureLocations(Locations([Some(0), Some(8), Some(7), Some(8)])))))))
Feature(Feature { keyword: "Feature", name: "Outline", description: None, background: None, scenarios: [], rules: [Rule { keyword: "Rule", name: "them all", background: None, scenarios: [Scenario { keyword: "Scenario Outline", name: "foo", steps: [Step { keyword: "Given", ty: Given, value: "foo is 0", docstring: None, table: None, position: LineCol { line: 4, col: 7 } }, Step { keyword: "When", ty: When, value: "foo is 1", docstring: None, table: None, position: LineCol { line: 5, col: 7 } }, Step { keyword: "Then", ty: Then, value: "foo is 2", docstring: None, table: None, position: LineCol { line: 6, col: 7 } }], examples: [Examples { keyword: "Examples", table: Table { rows: [["bar1", "bar2", "bar3"], ["0", "1", "2"]], position: LineCol { line: 9, col: 9 } }, tags: [], position: LineCol { line: 8, col: 7 } }], tags: [], position: LineCol { line: 9, col: 7 } }], tags: [], position: LineCol { line: 2, col: 3 } }], tags: [], position: LineCol { line: 1, col: 1 }, }, Rule(Rule { keyword: "Rule", name: "them all", background: None, scenarios: [Scenario { keyword: "Scenario Outline", name: "foo", steps: [Step { keyword: "Given", ty: Given, value: "foo is 0", docstring: None, table: None, position: LineCol { line: 4, col: 7 } }, Step { keyword: "When", ty: When, value: "foo is 1", docstring: None, table: None, position: LineCol { line: 5, col: 7 } }, Step { keyword: "Then", ty: Then, value: "foo is 2", docstring: None, table: None, position: LineCol { line: 6, col: 7 } }], examples: [Examples { keyword: "Examples", table: Table { rows: [["bar1", "bar2", "bar3"], ["0", "1", "2"]], position: LineCol { line: 9, col: 9 } }, tags: [], position: LineCol { line: 8, col: 7 } }], tags: [], position: LineCol { line: 9, col: 7 } }], tags: [], position: LineCol { line: 2, col: 3 } }, Scenario(Scenario { keyword: "Scenario Outline", name: "foo", steps: [Step { keyword: "Given", ty: Given, value: "foo is 0", docstring: None, table: None, position: LineCol { line: 4, col: 7 } }, Step { keyword: "When", ty: When, value: "foo is 1", docstring: None, table: None, position: LineCol { line: 5, col: 7 } }, Step { keyword: "Then", ty: Then, value: "foo is 2", docstring: None, table: None, position: LineCol { line: 6, col: 7 } }], examples: [Examples { keyword: "Examples", table: Table { rows: [["bar1", "bar2", "bar3"], ["0", "1", "2"]], position: LineCol { line: 9, col: 9 } }, tags: [], position: LineCol { line: 8, col: 7 } }], tags: [], position: LineCol { line: 9, col: 7 } }, Step(Step { keyword: "When", ty: When, value: "foo is 1", docstring: None, table: None, position: LineCol { line: 5, col: 7 } }, Started))))
Feature(Feature { keyword: "Feature", name: "Outline", description: None, background: None, scenarios: [], rules: [Rule { keyword: "Rule", name: "them all", background: None, scenarios: [Scenario { keyword: "Scenario Outline", name: "foo", steps: [Step { keyword: "Given", ty: Given, value: "foo is 0", docstring: None, table: None, position: LineCol { line: 4, col: 7 } }, Step { keyword: "When", ty: When, value: "foo is 1", docstring: None, table: None, position: LineCol { line: 5, col: 7 } }, Step { keyword: "Then", ty: Then, value: "foo is 2", docstring: None, table: None, position: LineCol { line: 6, col: 7 } }], examples: [Examples { keyword: "Examples", table: Table { rows: [["bar1", "bar2", "bar3"], ["0", "1", "2"]], position: LineCol { line: 9, col: 9 } }, tags: [], position: LineCol { line: 8, col: 7 } }], tags: [], position: LineCol { line: 9, col: 7 } }], tags: [], position: LineCol { line: 2, col: 3 } }], tags: [], position: LineCol { line: 1, col: 1 }, }, Rule(Rule { keyword: "Rule", name: "them all", background: None, scenarios: [Scenario { keyword: "Scenario Outline", name: "foo", steps: [Step { keyword: "Given", ty: Given, value: "foo is 0", docstring: None, table: None, position: LineCol { line: 4, col: 7 } }, Step { keyword: "When", ty: When, value: "foo is 1", docstring: None, table: None, position: LineCol { line: 5, col: 7 } }, Step { keyword: "Then", ty: Then, value: "foo is 2", docstring: None, table: None, position: LineCol { line: 6, col: 7 } }], examples: [Examples { keyword: "Examples", table: Table { rows: [["bar1", "bar2", "bar3"], ["0", "1", "2"]], position: LineCol { line: 9, col: 9 } }, tags: [], position: LineCol { line: 8, col: 7 } }], tags: [], position: LineCol { line: 9, col: 7 } }], tags: [], position: LineCol { line: 2, col: 3 } }, Scenario(Scenario { keyword: "Scenario Outline", name: "foo", steps: [Step { keyword: "Given", ty: Given, value: "foo is 0", docstring: None, table: None, position: LineCol { line: 4, col: 7 } }, Step { keyword: "When", ty: When, value: "foo is 1", docstring: None, table: None, position: LineCol { line: 5, col: 7 } }, Step { keyword: "Then", ty: Then, value: "foo is 2", docstring: None, table: None, position: LineCol { line: 6, col: 7 } }], examples: [Examples { keyword: "Examples", table: Table { rows: [["bar1", "bar2", "bar3"], ["0", "1", "2"]], position: LineCol { line: 9, col: 9 } }, tags: [], position: LineCol { line: 8, col: 7 } }], tags: [], position: LineCol { line: 9, col: 7 } }, Step(Step { keyword: "When", ty: When, value: "foo is 1", docstring: None, table: None, position: LineCol { line: 5, col: 7 } }, Passed(CaptureLocations(Locations([Some(0), Some(8), Some(7), Some(8)])))))))
Feature(Feature { keyword: "Feature", name: "Outline", description: None, background: None, scenarios: [], rules: [Rule { keyword: "Rule", name: "them all", background: None, scenarios: [Scenario { keyword: "Scenario Outline", name: "foo", steps: [Step { keyword: "Given", ty: Given, value: "foo is 0", docstring: None, table: None, position: LineCol { line: 4, col: 7 } }, Step { keyword: "When", ty: When, value: "foo is 1", docstring: None, table: None, position: LineCol { line: 5, col: 7 } }, Step { keyword: "Then", ty: Then, value: "foo is 2", docstring: None, table: None, position: LineCol { line: 6, col: 7 } }], examples: [Examples { keyword: "Examples", table: Table { rows: [["bar1", "bar2", "bar3"], ["0", "1", "2"]], position: LineCol { line: 9, col: 9 } }, tags: [], position: LineCol { line: 8, col: 7 } }], tags: [], position: LineCol { line: 9, col: 7 } }], tags: [], position: LineCol { line: 2, col: 3 } }], tags: [], position: LineCol { line: 1, col: 1 }, }, Rule(Rule { keyword: "Rule", name: "them all", background: None, scenarios: [Scenario { keyword: "Scenario Outline", name: "foo", steps: [Step { keyword: "Given", ty: Given, value: "foo is 0", docstring: None, table: None, position: LineCol { line: 4, col: 7 } }, Step { keyword: "When", ty: When, value: "foo is 1", docstring: None, table: None, position: LineCol { line: 5, col: 7 } }, Step { keyword: "Then", ty: Then, value: "foo is 2", docstring: None, table: None, position: LineCol { line: 6, col: 7 } }], examples: [Examples { keyword: "Examples", table: Table { rows: [["bar1", "bar2", "bar3"], ["0", "1", "2"]], position: LineCol { line: 9, col: 9 } }, tags: [], position: LineCol { line: 8, col: 7 } }], tags: [], position: LineCol { line: 9, col: 7 } }], tags: [], position: LineCol { line: 2, col: 3 } }, Scenario(Scenario { keyword: "Scenario Outline", name: "foo", steps: [Step { keyword: "Given", ty: Given, value: "foo is 0", docstring: None, table: None, position: LineCol { line: 4, col: 7 } }, Step { keyword: "When", ty: When, value: "foo is 1", docstring: None, table: None, position: LineCol { line: 5, col: 7 } }, Step { keyword: "Then", ty: Then, value: "foo is 2", docstring: None, table: None, position: LineCol { line: 6, col: 7 } }], examples: [Examples { keyword: "Examples", table: Table { rows: [["bar1", "bar2", "bar3"], ["0", "1", "2"]], position: LineCol { line: 9, col: 9 } }, tags: [], position: LineCol { line: 8, col: 7 } }], tags: [], position: LineCol { line: 9, col: 7 } }, Step(Step { keyword: "Then", ty: Then, value: "foo is 2", docstring: None, table: None, position: LineCol { line: 6, col: 7 } }, Started))))
Feature(Feature { keyword: "Feature", name: "Outline", description: None, background: None, scenarios: [], rules: [Rule { keyword: "Rule", name: "them all", background: None, scenarios: [Scenario { keyword: "Scenario Outline", name: "foo", steps: [Step { keyword: "Given", ty: Given, value: "foo is 0", docstring: None, table: None, position: LineCol { line: 4, col: 7 } }, Step { keyword: "When", ty: When, value: "foo is 1", docstring: None, table: None, position: LineCol { line: 5, col: 7 } }, Step { keyword: "Then", ty: Then, value: "foo is 2", docstring: None, table: None, position: LineCol { line: 6, col: 7 } }], examples: [Examples { keyword: "Examples", table: Table { rows: [["bar1", "bar2", "bar3"], ["0", "1", "2"]], position: LineCol { line: 9, col: 9 } }, tags: [], position: LineCol { line: 8, col: 7 } }], tags: [], position: LineCol { line: 9, col: 7 } }], tags: [], position: LineCol { line: 2, col: 3 } }], tags: [], position: LineCol { line: 1, col: 1 }, }, Rule(Rule { keyword: "Rule", name: "them all", background: None, scenarios: [Scenario { keyword: "Scenario Outline", name: "foo", steps: [Step { keyword: "Given", ty: Given, value: "foo is 0", docstring: None, table: None, position: LineCol { line: 4, col: 7 } }, Step { keyword: "When", ty: When, value: "foo is 1", docstring: None, table: None, position: LineCol { line: 5, col: 7 } }, Step { keyword: "Then", ty: Then, value: "foo is 2", docstring: None, table: None, position: LineCol { line: 6, col: 7 } }], examples: [Examples { keyword: "Examples", table: Table { rows: [["bar1", "bar2", "bar3"], ["0", "1", "2"]], position: LineCol { line: 9, col: 9 } }, tags: [], position: LineCol { line: 8, col: 7 } }], tags: [], position: LineCol { line: 9, col: 7 } }], tags: [], position: LineCol { line: 2, col: 3 } }, Scenario(Scenario { keyword: "Scenario Outline", name: "foo", steps: [Step { keyword: "Given", ty: Given, value: "foo is 0", docstring: None, table: None, position: LineCol { line: 4, col: 7 } }, Step { keyword: "When", ty: When, value: "foo is 1", docstring: None, table: None, position: LineCol { line: 5, col: 7 } }, Step { keyword: "Then", ty: Then, value: "foo is 2", docstring: None, table: None, position: LineCol { line: 6, col: 7 } }], examples: [Examples { keyword: "Examples", table: Table { rows: [["bar1", "bar2", "bar3"], ["0", "1", "2"]], position: LineCol { line: 9, col: 9 } }, tags: [], position: LineCol { line: 8, col: 7 } }], tags: [], position: LineCol { line: 9, col: 7 } }, Step(Step { keyword: "Then", ty: Then, value: "foo is 2", docstring: None, table: None, position: LineCol { line: 6, col: 7 } }, Passed(CaptureLocations(Locations([Some(0), Some(8), Some(7), Some(8)])))))))
Feature(Feature { keyword: "Feature", name: "Outline", description: None, background: None, scenarios: [], rules: [Rule { keyword: "Rule", name: "them all", background: None, scenarios: [Scenario { keyword: "Scenario Outline", name: "foo", steps: [Step { keyword: "Given", ty: Given, value: "foo is 0", docstring: None, table: None, position: LineCol { line: 4, col: 7 } }, Step { keyword: "When", ty: When, value: "foo is 1", docstring: None, table: None, position: LineCol { line: 5, col: 7 } }, Step { keyword: "Then", ty: Then, value: "foo is 2", docstring: None, table: None, position: LineCol { line: 6, col: 7 } }], examples: [Examples { keyword: "Examples", table: Table { rows: [["bar1", "bar2", "bar3"], ["0", "1", "2"]], position: LineCol { line: 9, col: 9 } }, tags: [], position: LineCol { line: 8, col: 7 } }], tags: [], position: LineCol { line: 9, col: 7 } }], tags: [], position: LineCol { line: 2, col: 3 } }], tags: [], position: LineCol { line: 1, col: 1 }, }, Rule(Rule { keyword: "Rule", name: "them all", background: None, scenarios: [Scenario { keyword: "Scenario Outline", name: "foo", steps: [Step { keyword: "Given", ty: Given, value: "foo is 0", docstring: None, table: None, position: LineCol { line: 4, col: 7 } }, Step { keyword: "When", ty: When, value: "foo is 1", docstring: None, table: None, position: LineCol { line: 5, col: 7 } }, Step { keyword: "Then", ty: Then, value: "foo is 2", docstring: None, table: None, position: LineCol { line: 6, col: 7 } }], examples: [Examples { keyword: "Examples", table: Table { rows: [["bar1", "bar2", "bar3"], ["0", "1", "2"]], position: LineCol { line: 9, col: 9 } }, tags: [], position: LineCol { line: 8, col: 7 } }], tags: [], position: LineCol { line: 9, col: 7 } }], tags: [], position: LineCol { line: 2, col: 3 } }, Scenario(Scenario { keyword: "Scenario Outline", name: "foo", steps: [Step { keyword: "Given", ty: Given, value: "foo is 0", docstring: None, table: None, position: LineCol { line: 4, col: 7 } }, Step { keyword: "When", ty: When, value: "foo is 1", docstring: None, table: None, position: LineCol { line: 5, col: 7 } }, Step { keyword: "Then", ty: Then, value: "foo is 2", docstring: None, table: None, position: LineCol { line: 6, col: 7 } }], examples: [Examples { keyword: "Examples", table: Table { rows: [["bar1", "bar2", "bar3"], ["0", "1", "2"]], position: LineCol { line: 9, col: 9 } }, tags: [], position: LineCol { line: 8, col: 7 } }], tags: [], position: LineCol { line: 9, col: 7 } }, Finished)))
Feature(Feature { keyword: "Feature", name: "Outline", description: None, background: None, scenarios: [], rules: [Rule { keyword: "Rule", name: "them all", background: None, scenarios: [Scenario { keyword: "Scenario Outline", name: "foo", steps: [Step { keyword: "Given", ty: Given, value: "foo is 0", docstring: None, table: None, position: LineCol { line: 4, col: 7 } }, Step { keyword: "When", ty: When, value: "foo is 1", docstring: None, table: None, position: LineCol { line: 5, col: 7 } }, Step { keyword: "Then", ty: Then, value: "foo is 2", docstring: None, table: None, position: LineCol { line: 6, col: 7 } }], examples: [Examples { keyword: "Examples", table: Table { rows: [["bar1", "bar2", "bar3"], ["0", "1", "2"]], position: LineCol { line: 9, col: 9 } }, tags: [], position: LineCol { line: 8, col: 7 } }], tags: [], position: LineCol { line: 9, col: 7 } }], tags: [], position: LineCol { line: 2, col: 3 } }], tags: [], position: LineCol { line: 1, col: 1 }, }, Rule(Rule { keyword: "Rule", name: "them all", background: None, scenarios: [Scenario { keyword: "Scenario Outline", name: "foo", steps: [Step { keyword: "Given", ty: Given, value: "foo is 0", docstring: None, table: None, position: LineCol { line: 4, col: 7 } }, Step { keyword: "When", ty: When, value: "foo is 1", docstring: None, table: None, position: LineCol { line: 5, col: 7 } }, Step { keyword: "Then", ty: Then, value: "foo is 2", docstring: None, table: None, position: LineCol { line: 6, col: 7 } }], examples: [Examples { keyword: "Examples", table: Table { rows: [["bar1", "bar2", "bar3"], ["0", "1", "2"]], position: LineCol { line: 9, col: 9 } }, tags: [], position: LineCol { line: 8, col: 7 } }], tags: [], position: LineCol { line: 9, col: 7 } }], tags: [], position: LineCol { line: 2, col: 3 } }, Finished))
Feature(Feature { keyword: "Feature", name: "Outline", description: None, background: None, scenarios: [], rules: [Rule { keyword: "Rule", name: "them all", background: None, scenarios: [Scenario { keyword: "Scenario Outline", name: "foo", steps: [Step { keyword: "Given", ty: Given, value: "foo is 0", docstring: None, table: None, position: LineCol { line: 4, col: 7 } }, Step { keyword: "When", ty: When, value: "foo is 1", docstring: None, table: None, position: LineCol { line: 5, col: 7 } }, Step { keyword: "Then", ty: Then, value: "foo is 2", docstring: None, table: None, position: LineCol { line: 6, col: 7 } }], examples: [Examples { keyword: "Examples", table: Table { rows: [["bar1", "bar2", "bar3"], ["0", "1", "2"]], position: LineCol { line: 9, col: 9 } }, tags: [], position: LineCol { line: 8, col: 7 } }], tags: [], position: LineCol { line: 9, col: 7 } }], tags: [], position: LineCol { line: 2, col: 3 } }], tags: [], position: LineCol { line: 1, col: 1 }, }, Finished)
Finished
