Started
Feature(Feature { keyword: "Feature", name: "Outline", description: None, background: None, scenarios: [Scenario { keyword: "Scenario Outline", name: "foo", steps: [Step { keyword: "Given", ty: Given, value: "foo is 0", docstring: None, table: Some(Table { rows: [["key", "value"], ["1", "0"], ["2", "1"]], position: LineCol { line: 5, col: 7 } }), position: LineCol { line: 4, col: 5 } }, Step { keyword: "When", ty: When, value: "foo is 1", docstring: None, table: None, position: LineCol { line: 8, col: 5 } }, Step { keyword: "Then", ty: Then, value: "foo is 2", docstring: None, table: None, position: LineCol { line: 9, col: 5 } }], examples: Some(Examples { keyword: "Examples", table: Table { rows: [["bar1", "bar2", "bar3"], ["0", "1", "2"], ["3", "4", "5"]], position: LineCol { line: 12, col: 7 } }, tags: [], position: LineCol { line: 11, col: 5 } }), tags: [], position: LineCol { line: 12, col: 5 } }, Scenario { keyword: "Scenario Outline", name: "foo", steps: [Step { keyword: "Given", ty: Given, value: "foo is 3", docstring: None, table: Some(Table { rows: [["key", "value"], ["1", "3"], ["2", "4"]], position: LineCol { line: 5, col: 7 } }), position: LineCol { line: 4, col: 5 } }, Step { keyword: "When", ty: When, value: "foo is 4", docstring: None, table: None, position: LineCol { line: 8, col: 5 } }, Step { keyword: "Then", ty: Then, value: "foo is 5", docstring: None, table: None, position: LineCol { line: 9, col: 5 } }], examples: Some(Examples { keyword: "Examples", table: Table { rows: [["bar1", "bar2", "bar3"], ["0", "1", "2"], ["3", "4", "5"]], position: LineCol { line: 12, col: 7 } }, tags: [], position: LineCol { line: 11, col: 5 } }), tags: [], position: LineCol { line: 13, col: 5 } }], rules: [], tags: [], position: LineCol { line: 1, col: 1 }, path: None }, Started)
Feature(Feature { keyword: "Feature", name: "Outline", description: None, background: None, scenarios: [Scenario { keyword: "Scenario Outline", name: "foo", steps: [Step { keyword: "Given", ty: Given, value: "foo is 0", docstring: None, table: Some(Table { rows: [["key", "value"], ["1", "0"], ["2", "1"]], position: LineCol { line: 5, col: 7 } }), position: LineCol { line: 4, col: 5 } }, Step { keyword: "When", ty: When, value: "foo is 1", docstring: None, table: None, position: LineCol { line: 8, col: 5 } }, Step { keyword: "Then", ty: Then, value: "foo is 2", docstring: None, table: None, position: LineCol { line: 9, col: 5 } }], examples: Some(Examples { keyword: "Examples", table: Table { rows: [["bar1", "bar2", "bar3"], ["0", "1", "2"], ["3", "4", "5"]], position: LineCol { line: 12, col: 7 } }, tags: [], position: LineCol { line: 11, col: 5 } }), tags: [], position: LineCol { line: 12, col: 5 } }, Scenario { keyword: "Scenario Outline", name: "foo", steps: [Step { keyword: "Given", ty: Given, value: "foo is 3", docstring: None, table: Some(Table { rows: [["key", "value"], ["1", "3"], ["2", "4"]], position: LineCol { line: 5, col: 7 } }), position: LineCol { line: 4, col: 5 } }, Step { keyword: "When", ty: When, value: "foo is 4", docstring: None, table: None, position: LineCol { line: 8, col: 5 } }, Step { keyword: "Then", ty: Then, value: "foo is 5", docstring: None, table: None, position: LineCol { line: 9, col: 5 } }], examples: Some(Examples { keyword: "Examples", table: Table { rows: [["bar1", "bar2", "bar3"], ["0", "1", "2"], ["3", "4", "5"]], position: LineCol { line: 12, col: 7 } }, tags: [], position: LineCol { line: 11, col: 5 } }), tags: [], position: LineCol { line: 13, col: 5 } }], rules: [], tags: [], position: LineCol { line: 1, col: 1 }, path: None }, Scenario(Scenario { keyword: "Scenario Outline", name: "foo", steps: [Step { keyword: "Given", ty: Given, value: "foo is 0", docstring: None, table: Some(Table { rows: [["key", "value"], ["1", "0"], ["2", "1"]], position: LineCol { line: 5, col: 7 } }), position: LineCol { line: 4, col: 5 } }, Step { keyword: "When", ty: When, value: "foo is 1", docstring: None, table: None, position: LineCol { line: 8, col: 5 } }, Step { keyword: "Then", ty: Then, value: "foo is 2", docstring: None, table: None, position: LineCol { line: 9, col: 5 } }], examples: Some(Examples { keyword: "Examples", table: Table { rows: [["bar1", "bar2", "bar3"], ["0", "1", "2"], ["3", "4", "5"]], position: LineCol { line: 12, col: 7 } }, tags: [], position: LineCol { line: 11, col: 5 } }), tags: [], position: LineCol { line: 12, col: 5 } }, Started))
Feature(Feature { keyword: "Feature", name: "Outline", description: None, background: None, scenarios: [Scenario { keyword: "Scenario Outline", name: "foo", steps: [Step { keyword: "Given", ty: Given, value: "foo is 0", docstring: None, table: Some(Table { rows: [["key", "value"], ["1", "0"], ["2", "1"]], position: LineCol { line: 5, col: 7 } }), position: LineCol { line: 4, col: 5 } }, Step { keyword: "When", ty: When, value: "foo is 1", docstring: None, table: None, position: LineCol { line: 8, col: 5 } }, Step { keyword: "Then", ty: Then, value: "foo is 2", docstring: None, table: None, position: LineCol { line: 9, col: 5 } }], examples: Some(Examples { keyword: "Examples", table: Table { rows: [["bar1", "bar2", "bar3"], ["0", "1", "2"], ["3", "4", "5"]], position: LineCol { line: 12, col: 7 } }, tags: [], position: LineCol { line: 11, col: 5 } }), tags: [], position: LineCol { line: 12, col: 5 } }, Scenario { keyword: "Scenario Outline", name: "foo", steps: [Step { keyword: "Given", ty: Given, value: "foo is 3", docstring: None, table: Some(Table { rows: [["key", "value"], ["1", "3"], ["2", "4"]], position: LineCol { line: 5, col: 7 } }), position: LineCol { line: 4, col: 5 } }, Step { keyword: "When", ty: When, value: "foo is 4", docstring: None, table: None, position: LineCol { line: 8, col: 5 } }, Step { keyword: "Then", ty: Then, value: "foo is 5", docstring: None, table: None, position: LineCol { line: 9, col: 5 } }], examples: Some(Examples { keyword: "Examples", table: Table { rows: [["bar1", "bar2", "bar3"], ["0", "1", "2"], ["3", "4", "5"]], position: LineCol { line: 12, col: 7 } }, tags: [], position: LineCol { line: 11, col: 5 } }), tags: [], position: LineCol { line: 13, col: 5 } }], rules: [], tags: [], position: LineCol { line: 1, col: 1 }, path: None }, Scenario(Scenario { keyword: "Scenario Outline", name: "foo", steps: [Step { keyword: "Given", ty: Given, value: "foo is 0", docstring: None, table: Some(Table { rows: [["key", "value"], ["1", "0"], ["2", "1"]], position: LineCol { line: 5, col: 7 } }), position: LineCol { line: 4, col: 5 } }, Step { keyword: "When", ty: When, value: "foo is 1", docstring: None, table: None, position: LineCol { line: 8, col: 5 } }, Step { keyword: "Then", ty: Then, value: "foo is 2", docstring: None, table: None, position: LineCol { line: 9, col: 5 } }], examples: Some(Examples { keyword: "Examples", table: Table { rows: [["bar1", "bar2", "bar3"], ["0", "1", "2"], ["3", "4", "5"]], position: LineCol { line: 12, col: 7 } }, tags: [], position: LineCol { line: 11, col: 5 } }), tags: [], position: LineCol { line: 12, col: 5 } }, Step(Step { keyword: "Given", ty: Given, value: "foo is 0", docstring: None, table: Some(Table { rows: [["key", "value"], ["1", "0"], ["2", "1"]], position: LineCol { line: 5, col: 7 } }), position: LineCol { line: 4, col: 5 } }, Started)))
Feature(Feature { keyword: "Feature", name: "Outline", description: None, background: None, scenarios: [Scenario { keyword: "Scenario Outline", name: "foo", steps: [Step { keyword: "Given", ty: Given, value: "foo is 0", docstring: None, table: Some(Table { rows: [["key", "value"], ["1", "0"], ["2", "1"]], position: LineCol { line: 5, col: 7 } }), position: LineCol { line: 4, col: 5 } }, Step { keyword: "When", ty: When, value: "foo is 1", docstring: None, table: None, position: LineCol { line: 8, col: 5 } }, Step { keyword: "Then", ty: Then, value: "foo is 2", docstring: None, table: None, position: LineCol { line: 9, col: 5 } }], examples: Some(Examples { keyword: "Examples", table: Table { rows: [["bar1", "bar2", "bar3"], ["0", "1", "2"], ["3", "4", "5"]], position: LineCol { line: 12, col: 7 } }, tags: [], position: LineCol { line: 11, col: 5 } }), tags: [], position: LineCol { line: 12, col: 5 } }, Scenario { keyword: "Scenario Outline", name: "foo", steps: [Step { keyword: "Given", ty: Given, value: "foo is 3", docstring: None, table: Some(Table { rows: [["key", "value"], ["1", "3"], ["2", "4"]], position: LineCol { line: 5, col: 7 } }), position: LineCol { line: 4, col: 5 } }, Step { keyword: "When", ty: When, value: "foo is 4", docstring: None, table: None, position: LineCol { line: 8, col: 5 } }, Step { keyword: "Then", ty: Then, value: "foo is 5", docstring: None, table: None, position: LineCol { line: 9, col: 5 } }], examples: Some(Examples { keyword: "Examples", table: Table { rows: [["bar1", "bar2", "bar3"], ["0", "1", "2"], ["3", "4", "5"]], position: LineCol { line: 12, col: 7 } }, tags: [], position: LineCol { line: 11, col: 5 } }), tags: [], position: LineCol { line: 13, col: 5 } }], rules: [], tags: [], position: LineCol { line: 1, col: 1 }, path: None }, Scenario(Scenario { keyword: "Scenario Outline", name: "foo", steps: [Step { keyword: "Given", ty: Given, value: "foo is 0", docstring: None, table: Some(Table { rows: [["key", "value"], ["1", "0"], ["2", "1"]], position: LineCol { line: 5, col: 7 } }), position: LineCol { line: 4, col: 5 } }, Step { keyword: "When", ty: When, value: "foo is 1", docstring: None, table: None, position: LineCol { line: 8, col: 5 } }, Step { keyword: "Then", ty: Then, value: "foo is 2", docstring: None, table: None, position: LineCol { line: 9, col: 5 } }], examples: Some(Examples { keyword: "Examples", table: Table { rows: [["bar1", "bar2", "bar3"], ["0", "1", "2"], ["3", "4", "5"]], position: LineCol { line: 12, col: 7 } }, tags: [], position: LineCol { line: 11, col: 5 } }), tags: [], position: LineCol { line: 12, col: 5 } }, Step(Step { keyword: "Given", ty: Given, value: "foo is 0", docstring: None, table: Some(Table { rows: [["key", "value"], ["1", "0"], ["2", "1"]], position: LineCol { line: 5, col: 7 } }), position: LineCol { line: 4, col: 5 } }, Passed)))
Feature(Feature { keyword: "Feature", name: "Outline", description: None, background: None, scenarios: [Scenario { keyword: "Scenario Outline", name: "foo", steps: [Step { keyword: "Given", ty: Given, value: "foo is 0", docstring: None, table: Some(Table { rows: [["key", "value"], ["1", "0"], ["2", "1"]], position: LineCol { line: 5, col: 7 } }), position: LineCol { line: 4, col: 5 } }, Step { keyword: "When", ty: When, value: "foo is 1", docstring: None, table: None, position: LineCol { line: 8, col: 5 } }, Step { keyword: "Then", ty: Then, value: "foo is 2", docstring: None, table: None, position: LineCol { line: 9, col: 5 } }], examples: Some(Examples { keyword: "Examples", table: Table { rows: [["bar1", "bar2", "bar3"], ["0", "1", "2"], ["3", "4", "5"]], position: LineCol { line: 12, col: 7 } }, tags: [], position: LineCol { line: 11, col: 5 } }), tags: [], position: LineCol { line: 12, col: 5 } }, Scenario { keyword: "Scenario Outline", name: "foo", steps: [Step { keyword: "Given", ty: Given, value: "foo is 3", docstring: None, table: Some(Table { rows: [["key", "value"], ["1", "3"], ["2", "4"]], position: LineCol { line: 5, col: 7 } }), position: LineCol { line: 4, col: 5 } }, Step { keyword: "When", ty: When, value: "foo is 4", docstring: None, table: None, position: LineCol { line: 8, col: 5 } }, Step { keyword: "Then", ty: Then, value: "foo is 5", docstring: None, table: None, position: LineCol { line: 9, col: 5 } }], examples: Some(Examples { keyword: "Examples", table: Table { rows: [["bar1", "bar2", "bar3"], ["0", "1", "2"], ["3", "4", "5"]], position: LineCol { line: 12, col: 7 } }, tags: [], position: LineCol { line: 11, col: 5 } }), tags: [], position: LineCol { line: 13, col: 5 } }], rules: [], tags: [], position: LineCol { line: 1, col: 1 }, path: None }, Scenario(Scenario { keyword: "Scenario Outline", name: "foo", steps: [Step { keyword: "Given", ty: Given, value: "foo is 0", docstring: None, table: Some(Table { rows: [["key", "value"], ["1", "0"], ["2", "1"]], position: LineCol { line: 5, col: 7 } }), position: LineCol { line: 4, col: 5 } }, Step { keyword: "When", ty: When, value: "foo is 1", docstring: None, table: None, position: LineCol { line: 8, col: 5 } }, Step { keyword: "Then", ty: Then, value: "foo is 2", docstring: None, table: None, position: LineCol { line: 9, col: 5 } }], examples: Some(Examples { keyword: "Examples", table: Table { rows: [["bar1", "bar2", "bar3"], ["0", "1", "2"], ["3", "4", "5"]], position: LineCol { line: 12, col: 7 } }, tags: [], position: LineCol { line: 11, col: 5 } }), tags: [], position: LineCol { line: 12, col: 5 } }, Step(Step { keyword: "When", ty: When, value: "foo is 1", docstring: None, table: None, position: LineCol { line: 8, col: 5 } }, Started)))
Feature(Feature { keyword: "Feature", name: "Outline", description: None, background: None, scenarios: [Scenario { keyword: "Scenario Outline", name: "foo", steps: [Step { keyword: "Given", ty: Given, value: "foo is 0", docstring: None, table: Some(Table { rows: [["key", "value"], ["1", "0"], ["2", "1"]], position: LineCol { line: 5, col: 7 } }), position: LineCol { line: 4, col: 5 } }, Step { keyword: "When", ty: When, value: "foo is 1", docstring: None, table: None, position: LineCol { line: 8, col: 5 } }, Step { keyword: "Then", ty: Then, value: "foo is 2", docstring: None, table: None, position: LineCol { line: 9, col: 5 } }], examples: Some(Examples { keyword: "Examples", table: Table { rows: [["bar1", "bar2", "bar3"], ["0", "1", "2"], ["3", "4", "5"]], position: LineCol { line: 12, col: 7 } }, tags: [], position: LineCol { line: 11, col: 5 } }), tags: [], position: LineCol { line: 12, col: 5 } }, Scenario { keyword: "Scenario Outline", name: "foo", steps: [Step { keyword: "Given", ty: Given, value: "foo is 3", docstring: None, table: Some(Table { rows: [["key", "value"], ["1", "3"], ["2", "4"]], position: LineCol { line: 5, col: 7 } }), position: LineCol { line: 4, col: 5 } }, Step { keyword: "When", ty: When, value: "foo is 4", docstring: None, table: None, position: LineCol { line: 8, col: 5 } }, Step { keyword: "Then", ty: Then, value: "foo is 5", docstring: None, table: None, position: LineCol { line: 9, col: 5 } }], examples: Some(Examples { keyword: "Examples", table: Table { rows: [["bar1", "bar2", "bar3"], ["0", "1", "2"], ["3", "4", "5"]], position: LineCol { line: 12, col: 7 } }, tags: [], position: LineCol { line: 11, col: 5 } }), tags: [], position: LineCol { line: 13, col: 5 } }], rules: [], tags: [], position: LineCol { line: 1, col: 1 }, path: None }, Scenario(Scenario { keyword: "Scenario Outline", name: "foo", steps: [Step { keyword: "Given", ty: Given, value: "foo is 0", docstring: None, table: Some(Table { rows: [["key", "value"], ["1", "0"], ["2", "1"]], position: LineCol { line: 5, col: 7 } }), position: LineCol { line: 4, col: 5 } }, Step { keyword: "When", ty: When, value: "foo is 1", docstring: None, table: None, position: LineCol { line: 8, col: 5 } }, Step { keyword: "Then", ty: Then, value: "foo is 2", docstring: None, table: None, position: LineCol { line: 9, col: 5 } }], examples: Some(Examples { keyword: "Examples", table: Table { rows: [["bar1", "bar2", "bar3"], ["0", "1", "2"], ["3", "4", "5"]], position: LineCol { line: 12, col: 7 } }, tags: [], position: LineCol { line: 11, col: 5 } }), tags: [], position: LineCol { line: 12, col: 5 } }, Step(Step { keyword: "When", ty: When, value: "foo is 1", docstring: None, table: None, position: LineCol { line: 8, col: 5 } }, Passed)))
Feature(Feature { keyword: "Feature", name: "Outline", description: None, background: None, scenarios: [Scenario { keyword: "Scenario Outline", name: "foo", steps: [Step { keyword: "Given", ty: Given, value: "foo is 0", docstring: None, table: Some(Table { rows: [["key", "value"], ["1", "0"], ["2", "1"]], position: LineCol { line: 5, col: 7 } }), position: LineCol { line: 4, col: 5 } }, Step { keyword: "When", ty: When, value: "foo is 1", docstring: None, table: None, position: LineCol { line: 8, col: 5 } }, Step { keyword: "Then", ty: Then, value: "foo is 2", docstring: None, table: None, position: LineCol { line: 9, col: 5 } }], examples: Some(Examples { keyword: "Examples", table: Table { rows: [["bar1", "bar2", "bar3"], ["0", "1", "2"], ["3", "4", "5"]], position: LineCol { line: 12, col: 7 } }, tags: [], position: LineCol { line: 11, col: 5 } }), tags: [], position: LineCol { line: 12, col: 5 } }, Scenario { keyword: "Scenario Outline", name: "foo", steps: [Step { keyword: "Given", ty: Given, value: "foo is 3", docstring: None, table: Some(Table { rows: [["key", "value"], ["1", "3"], ["2", "4"]], position: LineCol { line: 5, col: 7 } }), position: LineCol { line: 4, col: 5 } }, Step { keyword: "When", ty: When, value: "foo is 4", docstring: None, table: None, position: LineCol { line: 8, col: 5 } }, Step { keyword: "Then", ty: Then, value: "foo is 5", docstring: None, table: None, position: LineCol { line: 9, col: 5 } }], examples: Some(Examples { keyword: "Examples", table: Table { rows: [["bar1", "bar2", "bar3"], ["0", "1", "2"], ["3", "4", "5"]], position: LineCol { line: 12, col: 7 } }, tags: [], position: LineCol { line: 11, col: 5 } }), tags: [], position: LineCol { line: 13, col: 5 } }], rules: [], tags: [], position: LineCol { line: 1, col: 1 }, path: None }, Scenario(Scenario { keyword: "Scenario Outline", name: "foo", steps: [Step { keyword: "Given", ty: Given, value: "foo is 0", docstring: None, table: Some(Table { rows: [["key", "value"], ["1", "0"], ["2", "1"]], position: LineCol { line: 5, col: 7 } }), position: LineCol { line: 4, col: 5 } }, Step { keyword: "When", ty: When, value: "foo is 1", docstring: None, table: None, position: LineCol { line: 8, col: 5 } }, Step { keyword: "Then", ty: Then, value: "foo is 2", docstring: None, table: None, position: LineCol { line: 9, col: 5 } }], examples: Some(Examples { keyword: "Examples", table: Table { rows: [["bar1", "bar2", "bar3"], ["0", "1", "2"], ["3", "4", "5"]], position: LineCol { line: 12, col: 7 } }, tags: [], position: LineCol { line: 11, col: 5 } }), tags: [], position: LineCol { line: 12, col: 5 } }, Step(Step { keyword: "Then", ty: Then, value: "foo is 2", docstring: None, table: None, position: LineCol { line: 9, col: 5 } }, Started)))
Feature(Feature { keyword: "Feature", name: "Outline", description: None, background: None, scenarios: [Scenario { keyword: "Scenario Outline", name: "foo", steps: [Step { keyword: "Given", ty: Given, value: "foo is 0", docstring: None, table: Some(Table { rows: [["key", "value"], ["1", "0"], ["2", "1"]], position: LineCol { line: 5, col: 7 } }), position: LineCol { line: 4, col: 5 } }, Step { keyword: "When", ty: When, value: "foo is 1", docstring: None, table: None, position: LineCol { line: 8, col: 5 } }, Step { keyword: "Then", ty: Then, value: "foo is 2", docstring: None, table: None, position: LineCol { line: 9, col: 5 } }], examples: Some(Examples { keyword: "Examples", table: Table { rows: [["bar1", "bar2", "bar3"], ["0", "1", "2"], ["3", "4", "5"]], position: LineCol { line: 12, col: 7 } }, tags: [], position: LineCol { line: 11, col: 5 } }), tags: [], position: LineCol { line: 12, col: 5 } }, Scenario { keyword: "Scenario Outline", name: "foo", steps: [Step { keyword: "Given", ty: Given, value: "foo is 3", docstring: None, table: Some(Table { rows: [["key", "value"], ["1", "3"], ["2", "4"]], position: LineCol { line: 5, col: 7 } }), position: LineCol { line: 4, col: 5 } }, Step { keyword: "When", ty: When, value: "foo is 4", docstring: None, table: None, position: LineCol { line: 8, col: 5 } }, Step { keyword: "Then", ty: Then, value: "foo is 5", docstring: None, table: None, position: LineCol { line: 9, col: 5 } }], examples: Some(Examples { keyword: "Examples", table: Table { rows: [["bar1", "bar2", "bar3"], ["0", "1", "2"], ["3", "4", "5"]], position: LineCol { line: 12, col: 7 } }, tags: [], position: LineCol { line: 11, col: 5 } }), tags: [], position: LineCol { line: 13, col: 5 } }], rules: [], tags: [], position: LineCol { line: 1, col: 1 }, path: None }, Scenario(Scenario { keyword: "Scenario Outline", name: "foo", steps: [Step { keyword: "Given", ty: Given, value: "foo is 0", docstring: None, table: Some(Table { rows: [["key", "value"], ["1", "0"], ["2", "1"]], position: LineCol { line: 5, col: 7 } }), position: LineCol { line: 4, col: 5 } }, Step { keyword: "When", ty: When, value: "foo is 1", docstring: None, table: None, position: LineCol { line: 8, col: 5 } }, Step { keyword: "Then", ty: Then, value: "foo is 2", docstring: None, table: None, position: LineCol { line: 9, col: 5 } }], examples: Some(Examples { keyword: "Examples", table: Table { rows: [["bar1", "bar2", "bar3"], ["0", "1", "2"], ["3", "4", "5"]], position: LineCol { line: 12, col: 7 } }, tags: [], position: LineCol { line: 11, col: 5 } }), tags: [], position: LineCol { line: 12, col: 5 } }, Step(Step { keyword: "Then", ty: Then, value: "foo is 2", docstring: None, table: None, position: LineCol { line: 9, col: 5 } }, Passed)))
Feature(Feature { keyword: "Feature", name: "Outline", description: None, background: None, scenarios: [Scenario { keyword: "Scenario Outline", name: "foo", steps: [Step { keyword: "Given", ty: Given, value: "foo is 0", docstring: None, table: Some(Table { rows: [["key", "value"], ["1", "0"], ["2", "1"]], position: LineCol { line: 5, col: 7 } }), position: LineCol { line: 4, col: 5 } }, Step { keyword: "When", ty: When, value: "foo is 1", docstring: None, table: None, position: LineCol { line: 8, col: 5 } }, Step { keyword: "Then", ty: Then, value: "foo is 2", docstring: None, table: None, position: LineCol { line: 9, col: 5 } }], examples: Some(Examples { keyword: "Examples", table: Table { rows: [["bar1", "bar2", "bar3"], ["0", "1", "2"], ["3", "4", "5"]], position: LineCol { line: 12, col: 7 } }, tags: [], position: LineCol { line: 11, col: 5 } }), tags: [], position: LineCol { line: 12, col: 5 } }, Scenario { keyword: "Scenario Outline", name: "foo", steps: [Step { keyword: "Given", ty: Given, value: "foo is 3", docstring: None, table: Some(Table { rows: [["key", "value"], ["1", "3"], ["2", "4"]], position: LineCol { line: 5, col: 7 } }), position: LineCol { line: 4, col: 5 } }, Step { keyword: "When", ty: When, value: "foo is 4", docstring: None, table: None, position: LineCol { line: 8, col: 5 } }, Step { keyword: "Then", ty: Then, value: "foo is 5", docstring: None, table: None, position: LineCol { line: 9, col: 5 } }], examples: Some(Examples { keyword: "Examples", table: Table { rows: [["bar1", "bar2", "bar3"], ["0", "1", "2"], ["3", "4", "5"]], position: LineCol { line: 12, col: 7 } }, tags: [], position: LineCol { line: 11, col: 5 } }), tags: [], position: LineCol { line: 13, col: 5 } }], rules: [], tags: [], position: LineCol { line: 1, col: 1 }, path: None }, Scenario(Scenario { keyword: "Scenario Outline", name: "foo", steps: [Step { keyword: "Given", ty: Given, value: "foo is 0", docstring: None, table: Some(Table { rows: [["key", "value"], ["1", "0"], ["2", "1"]], position: LineCol { line: 5, col: 7 } }), position: LineCol { line: 4, col: 5 } }, Step { keyword: "When", ty: When, value: "foo is 1", docstring: None, table: None, position: LineCol { line: 8, col: 5 } }, Step { keyword: "Then", ty: Then, value: "foo is 2", docstring: None, table: None, position: LineCol { line: 9, col: 5 } }], examples: Some(Examples { keyword: "Examples", table: Table { rows: [["bar1", "bar2", "bar3"], ["0", "1", "2"], ["3", "4", "5"]], position: LineCol { line: 12, col: 7 } }, tags: [], position: LineCol { line: 11, col: 5 } }), tags: [], position: LineCol { line: 12, col: 5 } }, Finished))
Feature(Feature { keyword: "Feature", name: "Outline", description: None, background: None, scenarios: [Scenario { keyword: "Scenario Outline", name: "foo", steps: [Step { keyword: "Given", ty: Given, value: "foo is 0", docstring: None, table: Some(Table { rows: [["key", "value"], ["1", "0"], ["2", "1"]], position: LineCol { line: 5, col: 7 } }), position: LineCol { line: 4, col: 5 } }, Step { keyword: "When", ty: When, value: "foo is 1", docstring: None, table: None, position: LineCol { line: 8, col: 5 } }, Step { keyword: "Then", ty: Then, value: "foo is 2", docstring: None, table: None, position: LineCol { line: 9, col: 5 } }], examples: Some(Examples { keyword: "Examples", table: Table { rows: [["bar1", "bar2", "bar3"], ["0", "1", "2"], ["3", "4", "5"]], position: LineCol { line: 12, col: 7 } }, tags: [], position: LineCol { line: 11, col: 5 } }), tags: [], position: LineCol { line: 12, col: 5 } }, Scenario { keyword: "Scenario Outline", name: "foo", steps: [Step { keyword: "Given", ty: Given, value: "foo is 3", docstring: None, table: Some(Table { rows: [["key", "value"], ["1", "3"], ["2", "4"]], position: LineCol { line: 5, col: 7 } }), position: LineCol { line: 4, col: 5 } }, Step { keyword: "When", ty: When, value: "foo is 4", docstring: None, table: None, position: LineCol { line: 8, col: 5 } }, Step { keyword: "Then", ty: Then, value: "foo is 5", docstring: None, table: None, position: LineCol { line: 9, col: 5 } }], examples: Some(Examples { keyword: "Examples", table: Table { rows: [["bar1", "bar2", "bar3"], ["0", "1", "2"], ["3", "4", "5"]], position: LineCol { line: 12, col: 7 } }, tags: [], position: LineCol { line: 11, col: 5 } }), tags: [], position: LineCol { line: 13, col: 5 } }], rules: [], tags: [], position: LineCol { line: 1, col: 1 }, path: None }, Scenario(Scenario { keyword: "Scenario Outline", name: "foo", steps: [Step { keyword: "Given", ty: Given, value: "foo is 3", docstring: None, table: Some(Table { rows: [["key", "value"], ["1", "3"], ["2", "4"]], position: LineCol { line: 5, col: 7 } }), position: LineCol { line: 4, col: 5 } }, Step { keyword: "When", ty: When, value: "foo is 4", docstring: None, table: None, position: LineCol { line: 8, col: 5 } }, Step { keyword: "Then", ty: Then, value: "foo is 5", docstring: None, table: None, position: LineCol { line: 9, col: 5 } }], examples: Some(Examples { keyword: "Examples", table: Table { rows: [["bar1", "bar2", "bar3"], ["0", "1", "2"], ["3", "4", "5"]], position: LineCol { line: 12, col: 7 } }, tags: [], position: LineCol { line: 11, col: 5 } }), tags: [], position: LineCol { line: 13, col: 5 } }, Started))
Feature(Feature { keyword: "Feature", name: "Outline", description: None, background: None, scenarios: [Scenario { keyword: "Scenario Outline", name: "foo", steps: [Step { keyword: "Given", ty: Given, value: "foo is 0", docstring: None, table: Some(Table { rows: [["key", "value"], ["1", "0"], ["2", "1"]], position: LineCol { line: 5, col: 7 } }), position: LineCol { line: 4, col: 5 } }, Step { keyword: "When", ty: When, value: "foo is 1", docstring: None, table: None, position: LineCol { line: 8, col: 5 } }, Step { keyword: "Then", ty: Then, value: "foo is 2", docstring: None, table: None, position: LineCol { line: 9, col: 5 } }], examples: Some(Examples { keyword: "Examples", table: Table { rows: [["bar1", "bar2", "bar3"], ["0", "1", "2"], ["3", "4", "5"]], position: LineCol { line: 12, col: 7 } }, tags: [], position: LineCol { line: 11, col: 5 } }), tags: [], position: LineCol { line: 12, col: 5 } }, Scenario { keyword: "Scenario Outline", name: "foo", steps: [Step { keyword: "Given", ty: Given, value: "foo is 3", docstring: None, table: Some(Table { rows: [["key", "value"], ["1", "3"], ["2", "4"]], position: LineCol { line: 5, col: 7 } }), position: LineCol { line: 4, col: 5 } }, Step { keyword: "When", ty: When, value: "foo is 4", docstring: None, table: None, position: LineCol { line: 8, col: 5 } }, Step { keyword: "Then", ty: Then, value: "foo is 5", docstring: None, table: None, position: LineCol { line: 9, col: 5 } }], examples: Some(Examples { keyword: "Examples", table: Table { rows: [["bar1", "bar2", "bar3"], ["0", "1", "2"], ["3", "4", "5"]], position: LineCol { line: 12, col: 7 } }, tags: [], position: LineCol { line: 11, col: 5 } }), tags: [], position: LineCol { line: 13, col: 5 } }], rules: [], tags: [], position: LineCol { line: 1, col: 1 }, path: None }, Scenario(Scenario { keyword: "Scenario Outline", name: "foo", steps: [Step { keyword: "Given", ty: Given, value: "foo is 3", docstring: None, table: Some(Table { rows: [["key", "value"], ["1", "3"], ["2", "4"]], position: LineCol { line: 5, col: 7 } }), position: LineCol { line: 4, col: 5 } }, Step { keyword: "When", ty: When, value: "foo is 4", docstring: None, table: None, position: LineCol { line: 8, col: 5 } }, Step { keyword: "Then", ty: Then, value: "foo is 5", docstring: None, table: None, position: LineCol { line: 9, col: 5 } }], examples: Some(Examples { keyword: "Examples", table: Table { rows: [["bar1", "bar2", "bar3"], ["0", "1", "2"], ["3", "4", "5"]], position: LineCol { line: 12, col: 7 } }, tags: [], position: LineCol { line: 11, col: 5 } }), tags: [], position: LineCol { line: 13, col: 5 } }, Step(Step { keyword: "Given", ty: Given, value: "foo is 3", docstring: None, table: Some(Table { rows: [["key", "value"], ["1", "3"], ["2", "4"]], position: LineCol { line: 5, col: 7 } }), position: LineCol { line: 4, col: 5 } }, Started)))
Feature(Feature { keyword: "Feature", name: "Outline", description: None, background: None, scenarios: [Scenario { keyword: "Scenario Outline", name: "foo", steps: [Step { keyword: "Given", ty: Given, value: "foo is 0", docstring: None, table: Some(Table { rows: [["key", "value"], ["1", "0"], ["2", "1"]], position: LineCol { line: 5, col: 7 } }), position: LineCol { line: 4, col: 5 } }, Step { keyword: "When", ty: When, value: "foo is 1", docstring: None, table: None, position: LineCol { line: 8, col: 5 } }, Step { keyword: "Then", ty: Then, value: "foo is 2", docstring: None, table: None, position: LineCol { line: 9, col: 5 } }], examples: Some(Examples { keyword: "Examples", table: Table { rows: [["bar1", "bar2", "bar3"], ["0", "1", "2"], ["3", "4", "5"]], position: LineCol { line: 12, col: 7 } }, tags: [], position: LineCol { line: 11, col: 5 } }), tags: [], position: LineCol { line: 12, col: 5 } }, Scenario { keyword: "Scenario Outline", name: "foo", steps: [Step { keyword: "Given", ty: Given, value: "foo is 3", docstring: None, table: Some(Table { rows: [["key", "value"], ["1", "3"], ["2", "4"]], position: LineCol { line: 5, col: 7 } }), position: LineCol { line: 4, col: 5 } }, Step { keyword: "When", ty: When, value: "foo is 4", docstring: None, table: None, position: LineCol { line: 8, col: 5 } }, Step { keyword: "Then", ty: Then, value: "foo is 5", docstring: None, table: None, position: LineCol { line: 9, col: 5 } }], examples: Some(Examples { keyword: "Examples", table: Table { rows: [["bar1", "bar2", "bar3"], ["0", "1", "2"], ["3", "4", "5"]], position: LineCol { line: 12, col: 7 } }, tags: [], position: LineCol { line: 11, col: 5 } }), tags: [], position: LineCol { line: 13, col: 5 } }], rules: [], tags: [], position: LineCol { line: 1, col: 1 }, path: None }, Scenario(Scenario { keyword: "Scenario Outline", name: "foo", steps: [Step { keyword: "Given", ty: Given, value: "foo is 3", docstring: None, table: Some(Table { rows: [["key", "value"], ["1", "3"], ["2", "4"]], position: LineCol { line: 5, col: 7 } }), position: LineCol { line: 4, col: 5 } }, Step { keyword: "When", ty: When, value: "foo is 4", docstring: None, table: None, position: LineCol { line: 8, col: 5 } }, Step { keyword: "Then", ty: Then, value: "foo is 5", docstring: None, table: None, position: LineCol { line: 9, col: 5 } }], examples: Some(Examples { keyword: "Examples", table: Table { rows: [["bar1", "bar2", "bar3"], ["0", "1", "2"], ["3", "4", "5"]], position: LineCol { line: 12, col: 7 } }, tags: [], position: LineCol { line: 11, col: 5 } }), tags: [], position: LineCol { line: 13, col: 5 } }, Step(Step { keyword: "Given", ty: Given, value: "foo is 3", docstring: None, table: Some(Table { rows: [["key", "value"], ["1", "3"], ["2", "4"]], position: LineCol { line: 5, col: 7 } }), position: LineCol { line: 4, col: 5 } }, Failed(Some(World(0)), Any { .. }))))
Feature(Feature { keyword: "Feature", name: "Outline", description: None, background: None, scenarios: [Scenario { keyword: "Scenario Outline", name: "foo", steps: [Step { keyword: "Given", ty: Given, value: "foo is 0", docstring: None, table: Some(Table { rows: [["key", "value"], ["1", "0"], ["2", "1"]], position: LineCol { line: 5, col: 7 } }), position: LineCol { line: 4, col: 5 } }, Step { keyword: "When", ty: When, value: "foo is 1", docstring: None, table: None, position: LineCol { line: 8, col: 5 } }, Step { keyword: "Then", ty: Then, value: "foo is 2", docstring: None, table: None, position: LineCol { line: 9, col: 5 } }], examples: Some(Examples { keyword: "Examples", table: Table { rows: [["bar1", "bar2", "bar3"], ["0", "1", "2"], ["3", "4", "5"]], position: LineCol { line: 12, col: 7 } }, tags: [], position: LineCol { line: 11, col: 5 } }), tags: [], position: LineCol { line: 12, col: 5 } }, Scenario { keyword: "Scenario Outline", name: "foo", steps: [Step { keyword: "Given", ty: Given, value: "foo is 3", docstring: None, table: Some(Table { rows: [["key", "value"], ["1", "3"], ["2", "4"]], position: LineCol { line: 5, col: 7 } }), position: LineCol { line: 4, col: 5 } }, Step { keyword: "When", ty: When, value: "foo is 4", docstring: None, table: None, position: LineCol { line: 8, col: 5 } }, Step { keyword: "Then", ty: Then, value: "foo is 5", docstring: None, table: None, position: LineCol { line: 9, col: 5 } }], examples: Some(Examples { keyword: "Examples", table: Table { rows: [["bar1", "bar2", "bar3"], ["0", "1", "2"], ["3", "4", "5"]], position: LineCol { line: 12, col: 7 } }, tags: [], position: LineCol { line: 11, col: 5 } }), tags: [], position: LineCol { line: 13, col: 5 } }], rules: [], tags: [], position: LineCol { line: 1, col: 1 }, path: None }, Scenario(Scenario { keyword: "Scenario Outline", name: "foo", steps: [Step { keyword: "Given", ty: Given, value: "foo is 3", docstring: None, table: Some(Table { rows: [["key", "value"], ["1", "3"], ["2", "4"]], position: LineCol { line: 5, col: 7 } }), position: LineCol { line: 4, col: 5 } }, Step { keyword: "When", ty: When, value: "foo is 4", docstring: None, table: None, position: LineCol { line: 8, col: 5 } }, Step { keyword: "Then", ty: Then, value: "foo is 5", docstring: None, table: None, position: LineCol { line: 9, col: 5 } }], examples: Some(Examples { keyword: "Examples", table: Table { rows: [["bar1", "bar2", "bar3"], ["0", "1", "2"], ["3", "4", "5"]], position: LineCol { line: 12, col: 7 } }, tags: [], position: LineCol { line: 11, col: 5 } }), tags: [], position: LineCol { line: 13, col: 5 } }, Finished))
Feature(Feature { keyword: "Feature", name: "Outline", description: None, background: None, scenarios: [Scenario { keyword: "Scenario Outline", name: "foo", steps: [Step { keyword: "Given", ty: Given, value: "foo is 0", docstring: None, table: Some(Table { rows: [["key", "value"], ["1", "0"], ["2", "1"]], position: LineCol { line: 5, col: 7 } }), position: LineCol { line: 4, col: 5 } }, Step { keyword: "When", ty: When, value: "foo is 1", docstring: None, table: None, position: LineCol { line: 8, col: 5 } }, Step { keyword: "Then", ty: Then, value: "foo is 2", docstring: None, table: None, position: LineCol { line: 9, col: 5 } }], examples: Some(Examples { keyword: "Examples", table: Table { rows: [["bar1", "bar2", "bar3"], ["0", "1", "2"], ["3", "4", "5"]], position: LineCol { line: 12, col: 7 } }, tags: [], position: LineCol { line: 11, col: 5 } }), tags: [], position: LineCol { line: 12, col: 5 } }, Scenario { keyword: "Scenario Outline", name: "foo", steps: [Step { keyword: "Given", ty: Given, value: "foo is 3", docstring: None, table: Some(Table { rows: [["key", "value"], ["1", "3"], ["2", "4"]], position: LineCol { line: 5, col: 7 } }), position: LineCol { line: 4, col: 5 } }, Step { keyword: "When", ty: When, value: "foo is 4", docstring: None, table: None, position: LineCol { line: 8, col: 5 } }, Step { keyword: "Then", ty: Then, value: "foo is 5", docstring: None, table: None, position: LineCol { line: 9, col: 5 } }], examples: Some(Examples { keyword: "Examples", table: Table { rows: [["bar1", "bar2", "bar3"], ["0", "1", "2"], ["3", "4", "5"]], position: LineCol { line: 12, col: 7 } }, tags: [], position: LineCol { line: 11, col: 5 } }), tags: [], position: LineCol { line: 13, col: 5 } }], rules: [], tags: [], position: LineCol { line: 1, col: 1 }, path: None }, Finished)
Finished
