[32mFeature: Outline[0m
[32m  Scenario Outline: foo[0m
      Given foo is 00
[1A[2K[32m   [32mâœ”  Given [0m[32mfoo is [0m[32m[1m00[0m[0m[32m[0m[32m[0m[32m[0m[0m
      When foo is 101
[1A[2K[31m   âœ˜  When [0m[31mfoo is [0m[31m[1m101[0m[0m[31m[0m[31m
      Step failed:
      Defined: tests/features/output/scenario_outline_adjacent_templates.feature:5:5
      Matched: tests/output.rs:12:1
      Step panicked. Captured output: assertion failed: `(left == right)`
        left: `1`,
       right: `101`[0m
