ParsingFinished { features: 1, rules: 0, scenarios: 1, steps: 3, parser_errors: 0 }
Started
Feature(Feature { keyword: "Feature", name: "Outline", description: None, background: None, scenarios: [Scenario { keyword: "Scenario Outline", name: "foo", description: None, steps: [Step { keyword: "Given ", ty: Given, value: "foo is 0", docstring: None, table: None, position: LineCol { line: 4 } }, Step { keyword: "When ", ty: When, value: "foo is 1", docstring: Some("\nfoo is 2\n"), table: None, position: LineCol { line: 5 } }, Step { keyword: "Then ", ty: Then, value: "foo is 2", docstring: None, table: None, position: LineCol { line: 9 } }], examples: [Examples { keyword: "Examples", name: None, description: None, table: Some(Table { rows: [["bar1", "bar2", "bar3"], ["0", "1", "2"]], position: LineCol { line: 12 } }), tags: [], position: LineCol { line: 11 } }], tags: [], position: LineCol { line: 13 } }], rules: [], tags: [], position: LineCol { line: 1 }, }, Started)
Feature(Feature { keyword: "Feature", name: "Outline", description: None, background: None, scenarios: [Scenario { keyword: "Scenario Outline", name: "foo", description: None, steps: [Step { keyword: "Given ", ty: Given, value: "foo is 0", docstring: None, table: None, position: LineCol { line: 4 } }, Step { keyword: "When ", ty: When, value: "foo is 1", docstring: Some("\nfoo is 2\n"), table: None, position: LineCol { line: 5 } }, Step { keyword: "Then ", ty: Then, value: "foo is 2", docstring: None, table: None, position: LineCol { line: 9 } }], examples: [Examples { keyword: "Examples", name: None, description: None, table: Some(Table { rows: [["bar1", "bar2", "bar3"], ["0", "1", "2"]], position: LineCol { line: 12 } }), tags: [], position: LineCol { line: 11 } }], tags: [], position: LineCol { line: 13 } }], rules: [], tags: [], position: LineCol { line: 1 }, }, Scenario(Scenario { keyword: "Scenario Outline", name: "foo", description: None, steps: [Step { keyword: "Given ", ty: Given, value: "foo is 0", docstring: None, table: None, position: LineCol { line: 4 } }, Step { keyword: "When ", ty: When, value: "foo is 1", docstring: Some("\nfoo is 2\n"), table: None, position: LineCol { line: 5 } }, Step { keyword: "Then ", ty: Then, value: "foo is 2", docstring: None, table: None, position: LineCol { line: 9 } }], examples: [Examples { keyword: "Examples", name: None, description: None, table: Some(Table { rows: [["bar1", "bar2", "bar3"], ["0", "1", "2"]], position: LineCol { line: 12 } }), tags: [], position: LineCol { line: 11 } }], tags: [], position: LineCol { line: 13 } }, Started))
Feature(Feature { keyword: "Feature", name: "Outline", description: None, background: None, scenarios: [Scenario { keyword: "Scenario Outline", name: "foo", description: None, steps: [Step { keyword: "Given ", ty: Given, value: "foo is 0", docstring: None, table: None, position: LineCol { line: 4 } }, Step { keyword: "When ", ty: When, value: "foo is 1", docstring: Some("\nfoo is 2\n"), table: None, position: LineCol { line: 5 } }, Step { keyword: "Then ", ty: Then, value: "foo is 2", docstring: None, table: None, position: LineCol { line: 9 } }], examples: [Examples { keyword: "Examples", name: None, description: None, table: Some(Table { rows: [["bar1", "bar2", "bar3"], ["0", "1", "2"]], position: LineCol { line: 12 } }), tags: [], position: LineCol { line: 11 } }], tags: [], position: LineCol { line: 13 } }], rules: [], tags: [], position: LineCol { line: 1 }, }, Scenario(Scenario { keyword: "Scenario Outline", name: "foo", description: None, steps: [Step { keyword: "Given ", ty: Given, value: "foo is 0", docstring: None, table: None, position: LineCol { line: 4 } }, Step { keyword: "When ", ty: When, value: "foo is 1", docstring: Some("\nfoo is 2\n"), table: None, position: LineCol { line: 5 } }, Step { keyword: "Then ", ty: Then, value: "foo is 2", docstring: None, table: None, position: LineCol { line: 9 } }], examples: [Examples { keyword: "Examples", name: None, description: None, table: Some(Table { rows: [["bar1", "bar2", "bar3"], ["0", "1", "2"]], position: LineCol { line: 12 } }), tags: [], position: LineCol { line: 11 } }], tags: [], position: LineCol { line: 13 } }, Step(Step { keyword: "Given ", ty: Given, value: "foo is 0", docstring: None, table: None, position: LineCol { line: 4 } }, Started)))
Feature(Feature { keyword: "Feature", name: "Outline", description: None, background: None, scenarios: [Scenario { keyword: "Scenario Outline", name: "foo", description: None, steps: [Step { keyword: "Given ", ty: Given, value: "foo is 0", docstring: None, table: None, position: LineCol { line: 4 } }, Step { keyword: "When ", ty: When, value: "foo is 1", docstring: Some("\nfoo is 2\n"), table: None, position: LineCol { line: 5 } }, Step { keyword: "Then ", ty: Then, value: "foo is 2", docstring: None, table: None, position: LineCol { line: 9 } }], examples: [Examples { keyword: "Examples", name: None, description: None, table: Some(Table { rows: [["bar1", "bar2", "bar3"], ["0", "1", "2"]], position: LineCol { line: 12 } }), tags: [], position: LineCol { line: 11 } }], tags: [], position: LineCol { line: 13 } }], rules: [], tags: [], position: LineCol { line: 1 }, }, Scenario(Scenario { keyword: "Scenario Outline", name: "foo", description: None, steps: [Step { keyword: "Given ", ty: Given, value: "foo is 0", docstring: None, table: None, position: LineCol { line: 4 } }, Step { keyword: "When ", ty: When, value: "foo is 1", docstring: Some("\nfoo is 2\n"), table: None, position: LineCol { line: 5 } }, Step { keyword: "Then ", ty: Then, value: "foo is 2", docstring: None, table: None, position: LineCol { line: 9 } }], examples: [Examples { keyword: "Examples", name: None, description: None, table: Some(Table { rows: [["bar1", "bar2", "bar3"], ["0", "1", "2"]], position: LineCol { line: 12 } }), tags: [], position: LineCol { line: 11 } }], tags: [], position: LineCol { line: 13 } }, Step(Step { keyword: "Given ", ty: Given, value: "foo is 0", docstring: None, table: None, position: LineCol { line: 4 } }, Passed(CaptureLocations(Locations([Some(0), Some(8), Some(7), Some(8)])), Some(Location { line: 12, column: 1 })))))
Feature(Feature { keyword: "Feature", name: "Outline", description: None, background: None, scenarios: [Scenario { keyword: "Scenario Outline", name: "foo", description: None, steps: [Step { keyword: "Given ", ty: Given, value: "foo is 0", docstring: None, table: None, position: LineCol { line: 4 } }, Step { keyword: "When ", ty: When, value: "foo is 1", docstring: Some("\nfoo is 2\n"), table: None, position: LineCol { line: 5 } }, Step { keyword: "Then ", ty: Then, value: "foo is 2", docstring: None, table: None, position: LineCol { line: 9 } }], examples: [Examples { keyword: "Examples", name: None, description: None, table: Some(Table { rows: [["bar1", "bar2", "bar3"], ["0", "1", "2"]], position: LineCol { line: 12 } }), tags: [], position: LineCol { line: 11 } }], tags: [], position: LineCol { line: 13 } }], rules: [], tags: [], position: LineCol { line: 1 }, }, Scenario(Scenario { keyword: "Scenario Outline", name: "foo", description: None, steps: [Step { keyword: "Given ", ty: Given, value: "foo is 0", docstring: None, table: None, position: LineCol { line: 4 } }, Step { keyword: "When ", ty: When, value: "foo is 1", docstring: Some("\nfoo is 2\n"), table: None, position: LineCol { line: 5 } }, Step { keyword: "Then ", ty: Then, value: "foo is 2", docstring: None, table: None, position: LineCol { line: 9 } }], examples: [Examples { keyword: "Examples", name: None, description: None, table: Some(Table { rows: [["bar1", "bar2", "bar3"], ["0", "1", "2"]], position: LineCol { line: 12 } }), tags: [], position: LineCol { line: 11 } }], tags: [], position: LineCol { line: 13 } }, Step(Step { keyword: "When ", ty: When, value: "foo is 1", docstring: Some("\nfoo is 2\n"), table: None, position: LineCol { line: 5 } }, Started)))
Feature(Feature { keyword: "Feature", name: "Outline", description: None, background: None, scenarios: [Scenario { keyword: "Scenario Outline", name: "foo", description: None, steps: [Step { keyword: "Given ", ty: Given, value: "foo is 0", docstring: None, table: None, position: LineCol { line: 4 } }, Step { keyword: "When ", ty: When, value: "foo is 1", docstring: Some("\nfoo is 2\n"), table: None, position: LineCol { line: 5 } }, Step { keyword: "Then ", ty: Then, value: "foo is 2", docstring: None, table: None, position: LineCol { line: 9 } }], examples: [Examples { keyword: "Examples", name: None, description: None, table: Some(Table { rows: [["bar1", "bar2", "bar3"], ["0", "1", "2"]], position: LineCol { line: 12 } }), tags: [], position: LineCol { line: 11 } }], tags: [], position: LineCol { line: 13 } }], rules: [], tags: [], position: LineCol { line: 1 }, }, Scenario(Scenario { keyword: "Scenario Outline", name: "foo", description: None, steps: [Step { keyword: "Given ", ty: Given, value: "foo is 0", docstring: None, table: None, position: LineCol { line: 4 } }, Step { keyword: "When ", ty: When, value: "foo is 1", docstring: Some("\nfoo is 2\n"), table: None, position: LineCol { line: 5 } }, Step { keyword: "Then ", ty: Then, value: "foo is 2", docstring: None, table: None, position: LineCol { line: 9 } }], examples: [Examples { keyword: "Examples", name: None, description: None, table: Some(Table { rows: [["bar1", "bar2", "bar3"], ["0", "1", "2"]], position: LineCol { line: 12 } }), tags: [], position: LineCol { line: 11 } }], tags: [], position: LineCol { line: 13 } }, Step(Step { keyword: "When ", ty: When, value: "foo is 1", docstring: Some("\nfoo is 2\n"), table: None, position: LineCol { line: 5 } }, Passed(CaptureLocations(Locations([Some(0), Some(8), Some(7), Some(8)])), Some(Location { line: 13, column: 1 })))))
Feature(Feature { keyword: "Feature", name: "Outline", description: None, background: None, scenarios: [Scenario { keyword: "Scenario Outline", name: "foo", description: None, steps: [Step { keyword: "Given ", ty: Given, value: "foo is 0", docstring: None, table: None, position: LineCol { line: 4 } }, Step { keyword: "When ", ty: When, value: "foo is 1", docstring: Some("\nfoo is 2\n"), table: None, position: LineCol { line: 5 } }, Step { keyword: "Then ", ty: Then, value: "foo is 2", docstring: None, table: None, position: LineCol { line: 9 } }], examples: [Examples { keyword: "Examples", name: None, description: None, table: Some(Table { rows: [["bar1", "bar2", "bar3"], ["0", "1", "2"]], position: LineCol { line: 12 } }), tags: [], position: LineCol { line: 11 } }], tags: [], position: LineCol { line: 13 } }], rules: [], tags: [], position: LineCol { line: 1 }, }, Scenario(Scenario { keyword: "Scenario Outline", name: "foo", description: None, steps: [Step { keyword: "Given ", ty: Given, value: "foo is 0", docstring: None, table: None, position: LineCol { line: 4 } }, Step { keyword: "When ", ty: When, value: "foo is 1", docstring: Some("\nfoo is 2\n"), table: None, position: LineCol { line: 5 } }, Step { keyword: "Then ", ty: Then, value: "foo is 2", docstring: None, table: None, position: LineCol { line: 9 } }], examples: [Examples { keyword: "Examples", name: None, description: None, table: Some(Table { rows: [["bar1", "bar2", "bar3"], ["0", "1", "2"]], position: LineCol { line: 12 } }), tags: [], position: LineCol { line: 11 } }], tags: [], position: LineCol { line: 13 } }, Step(Step { keyword: "Then ", ty: Then, value: "foo is 2", docstring: None, table: None, position: LineCol { line: 9 } }, Started)))
Feature(Feature { keyword: "Feature", name: "Outline", description: None, background: None, scenarios: [Scenario { keyword: "Scenario Outline", name: "foo", description: None, steps: [Step { keyword: "Given ", ty: Given, value: "foo is 0", docstring: None, table: None, position: LineCol { line: 4 } }, Step { keyword: "When ", ty: When, value: "foo is 1", docstring: Some("\nfoo is 2\n"), table: None, position: LineCol { line: 5 } }, Step { keyword: "Then ", ty: Then, value: "foo is 2", docstring: None, table: None, position: LineCol { line: 9 } }], examples: [Examples { keyword: "Examples", name: None, description: None, table: Some(Table { rows: [["bar1", "bar2", "bar3"], ["0", "1", "2"]], position: LineCol { line: 12 } }), tags: [], position: LineCol { line: 11 } }], tags: [], position: LineCol { line: 13 } }], rules: [], tags: [], position: LineCol { line: 1 }, }, Scenario(Scenario { keyword: "Scenario Outline", name: "foo", description: None, steps: [Step { keyword: "Given ", ty: Given, value: "foo is 0", docstring: None, table: None, position: LineCol { line: 4 } }, Step { keyword: "When ", ty: When, value: "foo is 1", docstring: Some("\nfoo is 2\n"), table: None, position: LineCol { line: 5 } }, Step { keyword: "Then ", ty: Then, value: "foo is 2", docstring: None, table: None, position: LineCol { line: 9 } }], examples: [Examples { keyword: "Examples", name: None, description: None, table: Some(Table { rows: [["bar1", "bar2", "bar3"], ["0", "1", "2"]], position: LineCol { line: 12 } }), tags: [], position: LineCol { line: 11 } }], tags: [], position: LineCol { line: 13 } }, Step(Step { keyword: "Then ", ty: Then, value: "foo is 2", docstring: None, table: None, position: LineCol { line: 9 } }, Passed(CaptureLocations(Locations([Some(0), Some(8), Some(7), Some(8)])), Some(Location { line: 14, column: 1 })))))
Feature(Feature { keyword: "Feature", name: "Outline", description: None, background: None, scenarios: [Scenario { keyword: "Scenario Outline", name: "foo", description: None, steps: [Step { keyword: "Given ", ty: Given, value: "foo is 0", docstring: None, table: None, position: LineCol { line: 4 } }, Step { keyword: "When ", ty: When, value: "foo is 1", docstring: Some("\nfoo is 2\n"), table: None, position: LineCol { line: 5 } }, Step { keyword: "Then ", ty: Then, value: "foo is 2", docstring: None, table: None, position: LineCol { line: 9 } }], examples: [Examples { keyword: "Examples", name: None, description: None, table: Some(Table { rows: [["bar1", "bar2", "bar3"], ["0", "1", "2"]], position: LineCol { line: 12 } }), tags: [], position: LineCol { line: 11 } }], tags: [], position: LineCol { line: 13 } }], rules: [], tags: [], position: LineCol { line: 1 }, }, Scenario(Scenario { keyword: "Scenario Outline", name: "foo", description: None, steps: [Step { keyword: "Given ", ty: Given, value: "foo is 0", docstring: None, table: None, position: LineCol { line: 4 } }, Step { keyword: "When ", ty: When, value: "foo is 1", docstring: Some("\nfoo is 2\n"), table: None, position: LineCol { line: 5 } }, Step { keyword: "Then ", ty: Then, value: "foo is 2", docstring: None, table: None, position: LineCol { line: 9 } }], examples: [Examples { keyword: "Examples", name: None, description: None, table: Some(Table { rows: [["bar1", "bar2", "bar3"], ["0", "1", "2"]], position: LineCol { line: 12 } }), tags: [], position: LineCol { line: 11 } }], tags: [], position: LineCol { line: 13 } }, Finished))
Feature(Feature { keyword: "Feature", name: "Outline", description: None, background: None, scenarios: [Scenario { keyword: "Scenario Outline", name: "foo", description: None, steps: [Step { keyword: "Given ", ty: Given, value: "foo is 0", docstring: None, table: None, position: LineCol { line: 4 } }, Step { keyword: "When ", ty: When, value: "foo is 1", docstring: Some("\nfoo is 2\n"), table: None, position: LineCol { line: 5 } }, Step { keyword: "Then ", ty: Then, value: "foo is 2", docstring: None, table: None, position: LineCol { line: 9 } }], examples: [Examples { keyword: "Examples", name: None, description: None, table: Some(Table { rows: [["bar1", "bar2", "bar3"], ["0", "1", "2"]], position: LineCol { line: 12 } }), tags: [], position: LineCol { line: 11 } }], tags: [], position: LineCol { line: 13 } }], rules: [], tags: [], position: LineCol { line: 1 }, }, Finished)
Finished
