Feature: Outline
  Scenario Outline: foo
   ✔  Given foo is 00
   ✘  When foo is 101
      Step failed:
      Defined: tests/features/output/scenario_outline_adjacent_templates.feature:5:5
      Matched: tests/output.rs:12:1
      Step panicked. Captured output: assertion failed: `(left == right)`
        left: `1`,
       right: `101`
