ParsingFinished { features: 1, rules: 0, scenarios: 2, steps: 6, parser_errors: 0 }
Started
Feature(Feature { keyword: "Feature", name: "Outline", description: None, background: None, scenarios: [Scenario { keyword: "Scenario Outline", name: "foo", description: None, steps: [Step { keyword: "Given ", ty: Given, value: "foo is 0", docstring: None, table: Some(Table { rows: [["key", "value"], ["1", "0"], ["2", "1"]], position: LineCol { line: 5 } }), position: LineCol { line: 4 } }, Step { keyword: "When ", ty: When, value: "foo is 1", docstring: None, table: None, position: LineCol { line: 8 } }, Step { keyword: "Then ", ty: Then, value: "foo is 2", docstring: None, table: None, position: LineCol { line: 9 } }], examples: [Examples { keyword: "Examples", name: None, description: None, table: Some(Table { rows: [["bar1", "bar2", "bar3"], ["0", "1", "2"], ["3", "4", "5"]], position: LineCol { line: 12 } }), tags: [], position: LineCol { line: 11 } }], tags: [], position: LineCol { line: 13 } }, Scenario { keyword: "Scenario Outline", name: "foo", description: None, steps: [Step { keyword: "Given ", ty: Given, value: "foo is 3", docstring: None, table: Some(Table { rows: [["key", "value"], ["1", "3"], ["2", "4"]], position: LineCol { line: 5 } }), position: LineCol { line: 4 } }, Step { keyword: "When ", ty: When, value: "foo is 4", docstring: None, table: None, position: LineCol { line: 8 } }, Step { keyword: "Then ", ty: Then, value: "foo is 5", docstring: None, table: None, position: LineCol { line: 9 } }], examples: [Examples { keyword: "Examples", name: None, description: None, table: Some(Table { rows: [["bar1", "bar2", "bar3"], ["0", "1", "2"], ["3", "4", "5"]], position: LineCol { line: 12 } }), tags: [], position: LineCol { line: 11 } }], tags: [], position: LineCol { line: 14 } }], rules: [], tags: [], position: LineCol { line: 1 }, }, Started)
Feature(Feature { keyword: "Feature", name: "Outline", description: None, background: None, scenarios: [Scenario { keyword: "Scenario Outline", name: "foo", description: None, steps: [Step { keyword: "Given ", ty: Given, value: "foo is 0", docstring: None, table: Some(Table { rows: [["key", "value"], ["1", "0"], ["2", "1"]], position: LineCol { line: 5 } }), position: LineCol { line: 4 } }, Step { keyword: "When ", ty: When, value: "foo is 1", docstring: None, table: None, position: LineCol { line: 8 } }, Step { keyword: "Then ", ty: Then, value: "foo is 2", docstring: None, table: None, position: LineCol { line: 9 } }], examples: [Examples { keyword: "Examples", name: None, description: None, table: Some(Table { rows: [["bar1", "bar2", "bar3"], ["0", "1", "2"], ["3", "4", "5"]], position: LineCol { line: 12 } }), tags: [], position: LineCol { line: 11 } }], tags: [], position: LineCol { line: 13 } }, Scenario { keyword: "Scenario Outline", name: "foo", description: None, steps: [Step { keyword: "Given ", ty: Given, value: "foo is 3", docstring: None, table: Some(Table { rows: [["key", "value"], ["1", "3"], ["2", "4"]], position: LineCol { line: 5 } }), position: LineCol { line: 4 } }, Step { keyword: "When ", ty: When, value: "foo is 4", docstring: None, table: None, position: LineCol { line: 8 } }, Step { keyword: "Then ", ty: Then, value: "foo is 5", docstring: None, table: None, position: LineCol { line: 9 } }], examples: [Examples { keyword: "Examples", name: None, description: None, table: Some(Table { rows: [["bar1", "bar2", "bar3"], ["0", "1", "2"], ["3", "4", "5"]], position: LineCol { line: 12 } }), tags: [], position: LineCol { line: 11 } }], tags: [], position: LineCol { line: 14 } }], rules: [], tags: [], position: LineCol { line: 1 }, }, Scenario(Scenario { keyword: "Scenario Outline", name: "foo", description: None, steps: [Step { keyword: "Given ", ty: Given, value: "foo is 0", docstring: None, table: Some(Table { rows: [["key", "value"], ["1", "0"], ["2", "1"]], position: LineCol { line: 5 } }), position: LineCol { line: 4 } }, Step { keyword: "When ", ty: When, value: "foo is 1", docstring: None, table: None, position: LineCol { line: 8 } }, Step { keyword: "Then ", ty: Then, value: "foo is 2", docstring: None, table: None, position: LineCol { line: 9 } }], examples: [Examples { keyword: "Examples", name: None, description: None, table: Some(Table { rows: [["bar1", "bar2", "bar3"], ["0", "1", "2"], ["3", "4", "5"]], position: LineCol { line: 12 } }), tags: [], position: LineCol { line: 11 } }], tags: [], position: LineCol { line: 13 } }, RetryableScenario { event: Started, retries: None }))
Feature(Feature { keyword: "Feature", name: "Outline", description: None, background: None, scenarios: [Scenario { keyword: "Scenario Outline", name: "foo", description: None, steps: [Step { keyword: "Given ", ty: Given, value: "foo is 0", docstring: None, table: Some(Table { rows: [["key", "value"], ["1", "0"], ["2", "1"]], position: LineCol { line: 5 } }), position: LineCol { line: 4 } }, Step { keyword: "When ", ty: When, value: "foo is 1", docstring: None, table: None, position: LineCol { line: 8 } }, Step { keyword: "Then ", ty: Then, value: "foo is 2", docstring: None, table: None, position: LineCol { line: 9 } }], examples: [Examples { keyword: "Examples", name: None, description: None, table: Some(Table { rows: [["bar1", "bar2", "bar3"], ["0", "1", "2"], ["3", "4", "5"]], position: LineCol { line: 12 } }), tags: [], position: LineCol { line: 11 } }], tags: [], position: LineCol { line: 13 } }, Scenario { keyword: "Scenario Outline", name: "foo", description: None, steps: [Step { keyword: "Given ", ty: Given, value: "foo is 3", docstring: None, table: Some(Table { rows: [["key", "value"], ["1", "3"], ["2", "4"]], position: LineCol { line: 5 } }), position: LineCol { line: 4 } }, Step { keyword: "When ", ty: When, value: "foo is 4", docstring: None, table: None, position: LineCol { line: 8 } }, Step { keyword: "Then ", ty: Then, value: "foo is 5", docstring: None, table: None, position: LineCol { line: 9 } }], examples: [Examples { keyword: "Examples", name: None, description: None, table: Some(Table { rows: [["bar1", "bar2", "bar3"], ["0", "1", "2"], ["3", "4", "5"]], position: LineCol { line: 12 } }), tags: [], position: LineCol { line: 11 } }], tags: [], position: LineCol { line: 14 } }], rules: [], tags: [], position: LineCol { line: 1 }, }, Scenario(Scenario { keyword: "Scenario Outline", name: "foo", description: None, steps: [Step { keyword: "Given ", ty: Given, value: "foo is 0", docstring: None, table: Some(Table { rows: [["key", "value"], ["1", "0"], ["2", "1"]], position: LineCol { line: 5 } }), position: LineCol { line: 4 } }, Step { keyword: "When ", ty: When, value: "foo is 1", docstring: None, table: None, position: LineCol { line: 8 } }, Step { keyword: "Then ", ty: Then, value: "foo is 2", docstring: None, table: None, position: LineCol { line: 9 } }], examples: [Examples { keyword: "Examples", name: None, description: None, table: Some(Table { rows: [["bar1", "bar2", "bar3"], ["0", "1", "2"], ["3", "4", "5"]], position: LineCol { line: 12 } }), tags: [], position: LineCol { line: 11 } }], tags: [], position: LineCol { line: 13 } }, RetryableScenario { event: Step(Step { keyword: "Given ", ty: Given, value: "foo is 0", docstring: None, table: Some(Table { rows: [["key", "value"], ["1", "0"], ["2", "1"]], position: LineCol { line: 5 } }), position: LineCol { line: 4 } }, Started), retries: None }))
Feature(Feature { keyword: "Feature", name: "Outline", description: None, background: None, scenarios: [Scenario { keyword: "Scenario Outline", name: "foo", description: None, steps: [Step { keyword: "Given ", ty: Given, value: "foo is 0", docstring: None, table: Some(Table { rows: [["key", "value"], ["1", "0"], ["2", "1"]], position: LineCol { line: 5 } }), position: LineCol { line: 4 } }, Step { keyword: "When ", ty: When, value: "foo is 1", docstring: None, table: None, position: LineCol { line: 8 } }, Step { keyword: "Then ", ty: Then, value: "foo is 2", docstring: None, table: None, position: LineCol { line: 9 } }], examples: [Examples { keyword: "Examples", name: None, description: None, table: Some(Table { rows: [["bar1", "bar2", "bar3"], ["0", "1", "2"], ["3", "4", "5"]], position: LineCol { line: 12 } }), tags: [], position: LineCol { line: 11 } }], tags: [], position: LineCol { line: 13 } }, Scenario { keyword: "Scenario Outline", name: "foo", description: None, steps: [Step { keyword: "Given ", ty: Given, value: "foo is 3", docstring: None, table: Some(Table { rows: [["key", "value"], ["1", "3"], ["2", "4"]], position: LineCol { line: 5 } }), position: LineCol { line: 4 } }, Step { keyword: "When ", ty: When, value: "foo is 4", docstring: None, table: None, position: LineCol { line: 8 } }, Step { keyword: "Then ", ty: Then, value: "foo is 5", docstring: None, table: None, position: LineCol { line: 9 } }], examples: [Examples { keyword: "Examples", name: None, description: None, table: Some(Table { rows: [["bar1", "bar2", "bar3"], ["0", "1", "2"], ["3", "4", "5"]], position: LineCol { line: 12 } }), tags: [], position: LineCol { line: 11 } }], tags: [], position: LineCol { line: 14 } }], rules: [], tags: [], position: LineCol { line: 1 }, }, Scenario(Scenario { keyword: "Scenario Outline", name: "foo", description: None, steps: [Step { keyword: "Given ", ty: Given, value: "foo is 0", docstring: None, table: Some(Table { rows: [["key", "value"], ["1", "0"], ["2", "1"]], position: LineCol { line: 5 } }), position: LineCol { line: 4 } }, Step { keyword: "When ", ty: When, value: "foo is 1", docstring: None, table: None, position: LineCol { line: 8 } }, Step { keyword: "Then ", ty: Then, value: "foo is 2", docstring: None, table: None, position: LineCol { line: 9 } }], examples: [Examples { keyword: "Examples", name: None, description: None, table: Some(Table { rows: [["bar1", "bar2", "bar3"], ["0", "1", "2"], ["3", "4", "5"]], position: LineCol { line: 12 } }), tags: [], position: LineCol { line: 11 } }], tags: [], position: LineCol { line: 13 } }, RetryableScenario { event: Step(Step { keyword: "Given ", ty: Given, value: "foo is 0", docstring: None, table: Some(Table { rows: [["key", "value"], ["1", "0"], ["2", "1"]], position: LineCol { line: 5 } }), position: LineCol { line: 4 } }, Passed(CaptureLocations(Captures { pid: Some(PatternID(0)), spans: {0: 0..8, 1: 7..8} }), Some(Location { line: 11, column: 1 }))), retries: None }))
Feature(Feature { keyword: "Feature", name: "Outline", description: None, background: None, scenarios: [Scenario { keyword: "Scenario Outline", name: "foo", description: None, steps: [Step { keyword: "Given ", ty: Given, value: "foo is 0", docstring: None, table: Some(Table { rows: [["key", "value"], ["1", "0"], ["2", "1"]], position: LineCol { line: 5 } }), position: LineCol { line: 4 } }, Step { keyword: "When ", ty: When, value: "foo is 1", docstring: None, table: None, position: LineCol { line: 8 } }, Step { keyword: "Then ", ty: Then, value: "foo is 2", docstring: None, table: None, position: LineCol { line: 9 } }], examples: [Examples { keyword: "Examples", name: None, description: None, table: Some(Table { rows: [["bar1", "bar2", "bar3"], ["0", "1", "2"], ["3", "4", "5"]], position: LineCol { line: 12 } }), tags: [], position: LineCol { line: 11 } }], tags: [], position: LineCol { line: 13 } }, Scenario { keyword: "Scenario Outline", name: "foo", description: None, steps: [Step { keyword: "Given ", ty: Given, value: "foo is 3", docstring: None, table: Some(Table { rows: [["key", "value"], ["1", "3"], ["2", "4"]], position: LineCol { line: 5 } }), position: LineCol { line: 4 } }, Step { keyword: "When ", ty: When, value: "foo is 4", docstring: None, table: None, position: LineCol { line: 8 } }, Step { keyword: "Then ", ty: Then, value: "foo is 5", docstring: None, table: None, position: LineCol { line: 9 } }], examples: [Examples { keyword: "Examples", name: None, description: None, table: Some(Table { rows: [["bar1", "bar2", "bar3"], ["0", "1", "2"], ["3", "4", "5"]], position: LineCol { line: 12 } }), tags: [], position: LineCol { line: 11 } }], tags: [], position: LineCol { line: 14 } }], rules: [], tags: [], position: LineCol { line: 1 }, }, Scenario(Scenario { keyword: "Scenario Outline", name: "foo", description: None, steps: [Step { keyword: "Given ", ty: Given, value: "foo is 0", docstring: None, table: Some(Table { rows: [["key", "value"], ["1", "0"], ["2", "1"]], position: LineCol { line: 5 } }), position: LineCol { line: 4 } }, Step { keyword: "When ", ty: When, value: "foo is 1", docstring: None, table: None, position: LineCol { line: 8 } }, Step { keyword: "Then ", ty: Then, value: "foo is 2", docstring: None, table: None, position: LineCol { line: 9 } }], examples: [Examples { keyword: "Examples", name: None, description: None, table: Some(Table { rows: [["bar1", "bar2", "bar3"], ["0", "1", "2"], ["3", "4", "5"]], position: LineCol { line: 12 } }), tags: [], position: LineCol { line: 11 } }], tags: [], position: LineCol { line: 13 } }, RetryableScenario { event: Step(Step { keyword: "When ", ty: When, value: "foo is 1", docstring: None, table: None, position: LineCol { line: 8 } }, Started), retries: None }))
Feature(Feature { keyword: "Feature", name: "Outline", description: None, background: None, scenarios: [Scenario { keyword: "Scenario Outline", name: "foo", description: None, steps: [Step { keyword: "Given ", ty: Given, value: "foo is 0", docstring: None, table: Some(Table { rows: [["key", "value"], ["1", "0"], ["2", "1"]], position: LineCol { line: 5 } }), position: LineCol { line: 4 } }, Step { keyword: "When ", ty: When, value: "foo is 1", docstring: None, table: None, position: LineCol { line: 8 } }, Step { keyword: "Then ", ty: Then, value: "foo is 2", docstring: None, table: None, position: LineCol { line: 9 } }], examples: [Examples { keyword: "Examples", name: None, description: None, table: Some(Table { rows: [["bar1", "bar2", "bar3"], ["0", "1", "2"], ["3", "4", "5"]], position: LineCol { line: 12 } }), tags: [], position: LineCol { line: 11 } }], tags: [], position: LineCol { line: 13 } }, Scenario { keyword: "Scenario Outline", name: "foo", description: None, steps: [Step { keyword: "Given ", ty: Given, value: "foo is 3", docstring: None, table: Some(Table { rows: [["key", "value"], ["1", "3"], ["2", "4"]], position: LineCol { line: 5 } }), position: LineCol { line: 4 } }, Step { keyword: "When ", ty: When, value: "foo is 4", docstring: None, table: None, position: LineCol { line: 8 } }, Step { keyword: "Then ", ty: Then, value: "foo is 5", docstring: None, table: None, position: LineCol { line: 9 } }], examples: [Examples { keyword: "Examples", name: None, description: None, table: Some(Table { rows: [["bar1", "bar2", "bar3"], ["0", "1", "2"], ["3", "4", "5"]], position: LineCol { line: 12 } }), tags: [], position: LineCol { line: 11 } }], tags: [], position: LineCol { line: 14 } }], rules: [], tags: [], position: LineCol { line: 1 }, }, Scenario(Scenario { keyword: "Scenario Outline", name: "foo", description: None, steps: [Step { keyword: "Given ", ty: Given, value: "foo is 0", docstring: None, table: Some(Table { rows: [["key", "value"], ["1", "0"], ["2", "1"]], position: LineCol { line: 5 } }), position: LineCol { line: 4 } }, Step { keyword: "When ", ty: When, value: "foo is 1", docstring: None, table: None, position: LineCol { line: 8 } }, Step { keyword: "Then ", ty: Then, value: "foo is 2", docstring: None, table: None, position: LineCol { line: 9 } }], examples: [Examples { keyword: "Examples", name: None, description: None, table: Some(Table { rows: [["bar1", "bar2", "bar3"], ["0", "1", "2"], ["3", "4", "5"]], position: LineCol { line: 12 } }), tags: [], position: LineCol { line: 11 } }], tags: [], position: LineCol { line: 13 } }, RetryableScenario { event: Step(Step { keyword: "When ", ty: When, value: "foo is 1", docstring: None, table: None, position: LineCol { line: 8 } }, Passed(CaptureLocations(Captures { pid: Some(PatternID(0)), spans: {0: 0..8, 1: 7..8} }), Some(Location { line: 12, column: 1 }))), retries: None }))
Feature(Feature { keyword: "Feature", name: "Outline", description: None, background: None, scenarios: [Scenario { keyword: "Scenario Outline", name: "foo", description: None, steps: [Step { keyword: "Given ", ty: Given, value: "foo is 0", docstring: None, table: Some(Table { rows: [["key", "value"], ["1", "0"], ["2", "1"]], position: LineCol { line: 5 } }), position: LineCol { line: 4 } }, Step { keyword: "When ", ty: When, value: "foo is 1", docstring: None, table: None, position: LineCol { line: 8 } }, Step { keyword: "Then ", ty: Then, value: "foo is 2", docstring: None, table: None, position: LineCol { line: 9 } }], examples: [Examples { keyword: "Examples", name: None, description: None, table: Some(Table { rows: [["bar1", "bar2", "bar3"], ["0", "1", "2"], ["3", "4", "5"]], position: LineCol { line: 12 } }), tags: [], position: LineCol { line: 11 } }], tags: [], position: LineCol { line: 13 } }, Scenario { keyword: "Scenario Outline", name: "foo", description: None, steps: [Step { keyword: "Given ", ty: Given, value: "foo is 3", docstring: None, table: Some(Table { rows: [["key", "value"], ["1", "3"], ["2", "4"]], position: LineCol { line: 5 } }), position: LineCol { line: 4 } }, Step { keyword: "When ", ty: When, value: "foo is 4", docstring: None, table: None, position: LineCol { line: 8 } }, Step { keyword: "Then ", ty: Then, value: "foo is 5", docstring: None, table: None, position: LineCol { line: 9 } }], examples: [Examples { keyword: "Examples", name: None, description: None, table: Some(Table { rows: [["bar1", "bar2", "bar3"], ["0", "1", "2"], ["3", "4", "5"]], position: LineCol { line: 12 } }), tags: [], position: LineCol { line: 11 } }], tags: [], position: LineCol { line: 14 } }], rules: [], tags: [], position: LineCol { line: 1 }, }, Scenario(Scenario { keyword: "Scenario Outline", name: "foo", description: None, steps: [Step { keyword: "Given ", ty: Given, value: "foo is 0", docstring: None, table: Some(Table { rows: [["key", "value"], ["1", "0"], ["2", "1"]], position: LineCol { line: 5 } }), position: LineCol { line: 4 } }, Step { keyword: "When ", ty: When, value: "foo is 1", docstring: None, table: None, position: LineCol { line: 8 } }, Step { keyword: "Then ", ty: Then, value: "foo is 2", docstring: None, table: None, position: LineCol { line: 9 } }], examples: [Examples { keyword: "Examples", name: None, description: None, table: Some(Table { rows: [["bar1", "bar2", "bar3"], ["0", "1", "2"], ["3", "4", "5"]], position: LineCol { line: 12 } }), tags: [], position: LineCol { line: 11 } }], tags: [], position: LineCol { line: 13 } }, RetryableScenario { event: Step(Step { keyword: "Then ", ty: Then, value: "foo is 2", docstring: None, table: None, position: LineCol { line: 9 } }, Started), retries: None }))
Feature(Feature { keyword: "Feature", name: "Outline", description: None, background: None, scenarios: [Scenario { keyword: "Scenario Outline", name: "foo", description: None, steps: [Step { keyword: "Given ", ty: Given, value: "foo is 0", docstring: None, table: Some(Table { rows: [["key", "value"], ["1", "0"], ["2", "1"]], position: LineCol { line: 5 } }), position: LineCol { line: 4 } }, Step { keyword: "When ", ty: When, value: "foo is 1", docstring: None, table: None, position: LineCol { line: 8 } }, Step { keyword: "Then ", ty: Then, value: "foo is 2", docstring: None, table: None, position: LineCol { line: 9 } }], examples: [Examples { keyword: "Examples", name: None, description: None, table: Some(Table { rows: [["bar1", "bar2", "bar3"], ["0", "1", "2"], ["3", "4", "5"]], position: LineCol { line: 12 } }), tags: [], position: LineCol { line: 11 } }], tags: [], position: LineCol { line: 13 } }, Scenario { keyword: "Scenario Outline", name: "foo", description: None, steps: [Step { keyword: "Given ", ty: Given, value: "foo is 3", docstring: None, table: Some(Table { rows: [["key", "value"], ["1", "3"], ["2", "4"]], position: LineCol { line: 5 } }), position: LineCol { line: 4 } }, Step { keyword: "When ", ty: When, value: "foo is 4", docstring: None, table: None, position: LineCol { line: 8 } }, Step { keyword: "Then ", ty: Then, value: "foo is 5", docstring: None, table: None, position: LineCol { line: 9 } }], examples: [Examples { keyword: "Examples", name: None, description: None, table: Some(Table { rows: [["bar1", "bar2", "bar3"], ["0", "1", "2"], ["3", "4", "5"]], position: LineCol { line: 12 } }), tags: [], position: LineCol { line: 11 } }], tags: [], position: LineCol { line: 14 } }], rules: [], tags: [], position: LineCol { line: 1 }, }, Scenario(Scenario { keyword: "Scenario Outline", name: "foo", description: None, steps: [Step { keyword: "Given ", ty: Given, value: "foo is 0", docstring: None, table: Some(Table { rows: [["key", "value"], ["1", "0"], ["2", "1"]], position: LineCol { line: 5 } }), position: LineCol { line: 4 } }, Step { keyword: "When ", ty: When, value: "foo is 1", docstring: None, table: None, position: LineCol { line: 8 } }, Step { keyword: "Then ", ty: Then, value: "foo is 2", docstring: None, table: None, position: LineCol { line: 9 } }], examples: [Examples { keyword: "Examples", name: None, description: None, table: Some(Table { rows: [["bar1", "bar2", "bar3"], ["0", "1", "2"], ["3", "4", "5"]], position: LineCol { line: 12 } }), tags: [], position: LineCol { line: 11 } }], tags: [], position: LineCol { line: 13 } }, RetryableScenario { event: Step(Step { keyword: "Then ", ty: Then, value: "foo is 2", docstring: None, table: None, position: LineCol { line: 9 } }, Passed(CaptureLocations(Captures { pid: Some(PatternID(0)), spans: {0: 0..8, 1: 7..8} }), Some(Location { line: 13, column: 1 }))), retries: None }))
Feature(Feature { keyword: "Feature", name: "Outline", description: None, background: None, scenarios: [Scenario { keyword: "Scenario Outline", name: "foo", description: None, steps: [Step { keyword: "Given ", ty: Given, value: "foo is 0", docstring: None, table: Some(Table { rows: [["key", "value"], ["1", "0"], ["2", "1"]], position: LineCol { line: 5 } }), position: LineCol { line: 4 } }, Step { keyword: "When ", ty: When, value: "foo is 1", docstring: None, table: None, position: LineCol { line: 8 } }, Step { keyword: "Then ", ty: Then, value: "foo is 2", docstring: None, table: None, position: LineCol { line: 9 } }], examples: [Examples { keyword: "Examples", name: None, description: None, table: Some(Table { rows: [["bar1", "bar2", "bar3"], ["0", "1", "2"], ["3", "4", "5"]], position: LineCol { line: 12 } }), tags: [], position: LineCol { line: 11 } }], tags: [], position: LineCol { line: 13 } }, Scenario { keyword: "Scenario Outline", name: "foo", description: None, steps: [Step { keyword: "Given ", ty: Given, value: "foo is 3", docstring: None, table: Some(Table { rows: [["key", "value"], ["1", "3"], ["2", "4"]], position: LineCol { line: 5 } }), position: LineCol { line: 4 } }, Step { keyword: "When ", ty: When, value: "foo is 4", docstring: None, table: None, position: LineCol { line: 8 } }, Step { keyword: "Then ", ty: Then, value: "foo is 5", docstring: None, table: None, position: LineCol { line: 9 } }], examples: [Examples { keyword: "Examples", name: None, description: None, table: Some(Table { rows: [["bar1", "bar2", "bar3"], ["0", "1", "2"], ["3", "4", "5"]], position: LineCol { line: 12 } }), tags: [], position: LineCol { line: 11 } }], tags: [], position: LineCol { line: 14 } }], rules: [], tags: [], position: LineCol { line: 1 }, }, Scenario(Scenario { keyword: "Scenario Outline", name: "foo", description: None, steps: [Step { keyword: "Given ", ty: Given, value: "foo is 0", docstring: None, table: Some(Table { rows: [["key", "value"], ["1", "0"], ["2", "1"]], position: LineCol { line: 5 } }), position: LineCol { line: 4 } }, Step { keyword: "When ", ty: When, value: "foo is 1", docstring: None, table: None, position: LineCol { line: 8 } }, Step { keyword: "Then ", ty: Then, value: "foo is 2", docstring: None, table: None, position: LineCol { line: 9 } }], examples: [Examples { keyword: "Examples", name: None, description: None, table: Some(Table { rows: [["bar1", "bar2", "bar3"], ["0", "1", "2"], ["3", "4", "5"]], position: LineCol { line: 12 } }), tags: [], position: LineCol { line: 11 } }], tags: [], position: LineCol { line: 13 } }, RetryableScenario { event: Finished, retries: None }))
Feature(Feature { keyword: "Feature", name: "Outline", description: None, background: None, scenarios: [Scenario { keyword: "Scenario Outline", name: "foo", description: None, steps: [Step { keyword: "Given ", ty: Given, value: "foo is 0", docstring: None, table: Some(Table { rows: [["key", "value"], ["1", "0"], ["2", "1"]], position: LineCol { line: 5 } }), position: LineCol { line: 4 } }, Step { keyword: "When ", ty: When, value: "foo is 1", docstring: None, table: None, position: LineCol { line: 8 } }, Step { keyword: "Then ", ty: Then, value: "foo is 2", docstring: None, table: None, position: LineCol { line: 9 } }], examples: [Examples { keyword: "Examples", name: None, description: None, table: Some(Table { rows: [["bar1", "bar2", "bar3"], ["0", "1", "2"], ["3", "4", "5"]], position: LineCol { line: 12 } }), tags: [], position: LineCol { line: 11 } }], tags: [], position: LineCol { line: 13 } }, Scenario { keyword: "Scenario Outline", name: "foo", description: None, steps: [Step { keyword: "Given ", ty: Given, value: "foo is 3", docstring: None, table: Some(Table { rows: [["key", "value"], ["1", "3"], ["2", "4"]], position: LineCol { line: 5 } }), position: LineCol { line: 4 } }, Step { keyword: "When ", ty: When, value: "foo is 4", docstring: None, table: None, position: LineCol { line: 8 } }, Step { keyword: "Then ", ty: Then, value: "foo is 5", docstring: None, table: None, position: LineCol { line: 9 } }], examples: [Examples { keyword: "Examples", name: None, description: None, table: Some(Table { rows: [["bar1", "bar2", "bar3"], ["0", "1", "2"], ["3", "4", "5"]], position: LineCol { line: 12 } }), tags: [], position: LineCol { line: 11 } }], tags: [], position: LineCol { line: 14 } }], rules: [], tags: [], position: LineCol { line: 1 }, }, Scenario(Scenario { keyword: "Scenario Outline", name: "foo", description: None, steps: [Step { keyword: "Given ", ty: Given, value: "foo is 3", docstring: None, table: Some(Table { rows: [["key", "value"], ["1", "3"], ["2", "4"]], position: LineCol { line: 5 } }), position: LineCol { line: 4 } }, Step { keyword: "When ", ty: When, value: "foo is 4", docstring: None, table: None, position: LineCol { line: 8 } }, Step { keyword: "Then ", ty: Then, value: "foo is 5", docstring: None, table: None, position: LineCol { line: 9 } }], examples: [Examples { keyword: "Examples", name: None, description: None, table: Some(Table { rows: [["bar1", "bar2", "bar3"], ["0", "1", "2"], ["3", "4", "5"]], position: LineCol { line: 12 } }), tags: [], position: LineCol { line: 11 } }], tags: [], position: LineCol { line: 14 } }, RetryableScenario { event: Started, retries: None }))
Feature(Feature { keyword: "Feature", name: "Outline", description: None, background: None, scenarios: [Scenario { keyword: "Scenario Outline", name: "foo", description: None, steps: [Step { keyword: "Given ", ty: Given, value: "foo is 0", docstring: None, table: Some(Table { rows: [["key", "value"], ["1", "0"], ["2", "1"]], position: LineCol { line: 5 } }), position: LineCol { line: 4 } }, Step { keyword: "When ", ty: When, value: "foo is 1", docstring: None, table: None, position: LineCol { line: 8 } }, Step { keyword: "Then ", ty: Then, value: "foo is 2", docstring: None, table: None, position: LineCol { line: 9 } }], examples: [Examples { keyword: "Examples", name: None, description: None, table: Some(Table { rows: [["bar1", "bar2", "bar3"], ["0", "1", "2"], ["3", "4", "5"]], position: LineCol { line: 12 } }), tags: [], position: LineCol { line: 11 } }], tags: [], position: LineCol { line: 13 } }, Scenario { keyword: "Scenario Outline", name: "foo", description: None, steps: [Step { keyword: "Given ", ty: Given, value: "foo is 3", docstring: None, table: Some(Table { rows: [["key", "value"], ["1", "3"], ["2", "4"]], position: LineCol { line: 5 } }), position: LineCol { line: 4 } }, Step { keyword: "When ", ty: When, value: "foo is 4", docstring: None, table: None, position: LineCol { line: 8 } }, Step { keyword: "Then ", ty: Then, value: "foo is 5", docstring: None, table: None, position: LineCol { line: 9 } }], examples: [Examples { keyword: "Examples", name: None, description: None, table: Some(Table { rows: [["bar1", "bar2", "bar3"], ["0", "1", "2"], ["3", "4", "5"]], position: LineCol { line: 12 } }), tags: [], position: LineCol { line: 11 } }], tags: [], position: LineCol { line: 14 } }], rules: [], tags: [], position: LineCol { line: 1 }, }, Scenario(Scenario { keyword: "Scenario Outline", name: "foo", description: None, steps: [Step { keyword: "Given ", ty: Given, value: "foo is 3", docstring: None, table: Some(Table { rows: [["key", "value"], ["1", "3"], ["2", "4"]], position: LineCol { line: 5 } }), position: LineCol { line: 4 } }, Step { keyword: "When ", ty: When, value: "foo is 4", docstring: None, table: None, position: LineCol { line: 8 } }, Step { keyword: "Then ", ty: Then, value: "foo is 5", docstring: None, table: None, position: LineCol { line: 9 } }], examples: [Examples { keyword: "Examples", name: None, description: None, table: Some(Table { rows: [["bar1", "bar2", "bar3"], ["0", "1", "2"], ["3", "4", "5"]], position: LineCol { line: 12 } }), tags: [], position: LineCol { line: 11 } }], tags: [], position: LineCol { line: 14 } }, RetryableScenario { event: Step(Step { keyword: "Given ", ty: Given, value: "foo is 3", docstring: None, table: Some(Table { rows: [["key", "value"], ["1", "3"], ["2", "4"]], position: LineCol { line: 5 } }), position: LineCol { line: 4 } }, Started), retries: None }))
Feature(Feature { keyword: "Feature", name: "Outline", description: None, background: None, scenarios: [Scenario { keyword: "Scenario Outline", name: "foo", description: None, steps: [Step { keyword: "Given ", ty: Given, value: "foo is 0", docstring: None, table: Some(Table { rows: [["key", "value"], ["1", "0"], ["2", "1"]], position: LineCol { line: 5 } }), position: LineCol { line: 4 } }, Step { keyword: "When ", ty: When, value: "foo is 1", docstring: None, table: None, position: LineCol { line: 8 } }, Step { keyword: "Then ", ty: Then, value: "foo is 2", docstring: None, table: None, position: LineCol { line: 9 } }], examples: [Examples { keyword: "Examples", name: None, description: None, table: Some(Table { rows: [["bar1", "bar2", "bar3"], ["0", "1", "2"], ["3", "4", "5"]], position: LineCol { line: 12 } }), tags: [], position: LineCol { line: 11 } }], tags: [], position: LineCol { line: 13 } }, Scenario { keyword: "Scenario Outline", name: "foo", description: None, steps: [Step { keyword: "Given ", ty: Given, value: "foo is 3", docstring: None, table: Some(Table { rows: [["key", "value"], ["1", "3"], ["2", "4"]], position: LineCol { line: 5 } }), position: LineCol { line: 4 } }, Step { keyword: "When ", ty: When, value: "foo is 4", docstring: None, table: None, position: LineCol { line: 8 } }, Step { keyword: "Then ", ty: Then, value: "foo is 5", docstring: None, table: None, position: LineCol { line: 9 } }], examples: [Examples { keyword: "Examples", name: None, description: None, table: Some(Table { rows: [["bar1", "bar2", "bar3"], ["0", "1", "2"], ["3", "4", "5"]], position: LineCol { line: 12 } }), tags: [], position: LineCol { line: 11 } }], tags: [], position: LineCol { line: 14 } }], rules: [], tags: [], position: LineCol { line: 1 }, }, Scenario(Scenario { keyword: "Scenario Outline", name: "foo", description: None, steps: [Step { keyword: "Given ", ty: Given, value: "foo is 3", docstring: None, table: Some(Table { rows: [["key", "value"], ["1", "3"], ["2", "4"]], position: LineCol { line: 5 } }), position: LineCol { line: 4 } }, Step { keyword: "When ", ty: When, value: "foo is 4", docstring: None, table: None, position: LineCol { line: 8 } }, Step { keyword: "Then ", ty: Then, value: "foo is 5", docstring: None, table: None, position: LineCol { line: 9 } }], examples: [Examples { keyword: "Examples", name: None, description: None, table: Some(Table { rows: [["bar1", "bar2", "bar3"], ["0", "1", "2"], ["3", "4", "5"]], position: LineCol { line: 12 } }), tags: [], position: LineCol { line: 11 } }], tags: [], position: LineCol { line: 14 } }, RetryableScenario { event: Step(Step { keyword: "Given ", ty: Given, value: "foo is 3", docstring: None, table: Some(Table { rows: [["key", "value"], ["1", "3"], ["2", "4"]], position: LineCol { line: 5 } }), position: LineCol { line: 4 } }, Failed(Some(CaptureLocations(Captures { pid: Some(PatternID(0)), spans: {0: 0..8, 1: 7..8} })), Some(Location { line: 11, column: 1 }), Some(World(0)), Panic(Any { .. }))), retries: None }))
Feature(Feature { keyword: "Feature", name: "Outline", description: None, background: None, scenarios: [Scenario { keyword: "Scenario Outline", name: "foo", description: None, steps: [Step { keyword: "Given ", ty: Given, value: "foo is 0", docstring: None, table: Some(Table { rows: [["key", "value"], ["1", "0"], ["2", "1"]], position: LineCol { line: 5 } }), position: LineCol { line: 4 } }, Step { keyword: "When ", ty: When, value: "foo is 1", docstring: None, table: None, position: LineCol { line: 8 } }, Step { keyword: "Then ", ty: Then, value: "foo is 2", docstring: None, table: None, position: LineCol { line: 9 } }], examples: [Examples { keyword: "Examples", name: None, description: None, table: Some(Table { rows: [["bar1", "bar2", "bar3"], ["0", "1", "2"], ["3", "4", "5"]], position: LineCol { line: 12 } }), tags: [], position: LineCol { line: 11 } }], tags: [], position: LineCol { line: 13 } }, Scenario { keyword: "Scenario Outline", name: "foo", description: None, steps: [Step { keyword: "Given ", ty: Given, value: "foo is 3", docstring: None, table: Some(Table { rows: [["key", "value"], ["1", "3"], ["2", "4"]], position: LineCol { line: 5 } }), position: LineCol { line: 4 } }, Step { keyword: "When ", ty: When, value: "foo is 4", docstring: None, table: None, position: LineCol { line: 8 } }, Step { keyword: "Then ", ty: Then, value: "foo is 5", docstring: None, table: None, position: LineCol { line: 9 } }], examples: [Examples { keyword: "Examples", name: None, description: None, table: Some(Table { rows: [["bar1", "bar2", "bar3"], ["0", "1", "2"], ["3", "4", "5"]], position: LineCol { line: 12 } }), tags: [], position: LineCol { line: 11 } }], tags: [], position: LineCol { line: 14 } }], rules: [], tags: [], position: LineCol { line: 1 }, }, Scenario(Scenario { keyword: "Scenario Outline", name: "foo", description: None, steps: [Step { keyword: "Given ", ty: Given, value: "foo is 3", docstring: None, table: Some(Table { rows: [["key", "value"], ["1", "3"], ["2", "4"]], position: LineCol { line: 5 } }), position: LineCol { line: 4 } }, Step { keyword: "When ", ty: When, value: "foo is 4", docstring: None, table: None, position: LineCol { line: 8 } }, Step { keyword: "Then ", ty: Then, value: "foo is 5", docstring: None, table: None, position: LineCol { line: 9 } }], examples: [Examples { keyword: "Examples", name: None, description: None, table: Some(Table { rows: [["bar1", "bar2", "bar3"], ["0", "1", "2"], ["3", "4", "5"]], position: LineCol { line: 12 } }), tags: [], position: LineCol { line: 11 } }], tags: [], position: LineCol { line: 14 } }, RetryableScenario { event: Finished, retries: None }))
Feature(Feature { keyword: "Feature", name: "Outline", description: None, background: None, scenarios: [Scenario { keyword: "Scenario Outline", name: "foo", description: None, steps: [Step { keyword: "Given ", ty: Given, value: "foo is 0", docstring: None, table: Some(Table { rows: [["key", "value"], ["1", "0"], ["2", "1"]], position: LineCol { line: 5 } }), position: LineCol { line: 4 } }, Step { keyword: "When ", ty: When, value: "foo is 1", docstring: None, table: None, position: LineCol { line: 8 } }, Step { keyword: "Then ", ty: Then, value: "foo is 2", docstring: None, table: None, position: LineCol { line: 9 } }], examples: [Examples { keyword: "Examples", name: None, description: None, table: Some(Table { rows: [["bar1", "bar2", "bar3"], ["0", "1", "2"], ["3", "4", "5"]], position: LineCol { line: 12 } }), tags: [], position: LineCol { line: 11 } }], tags: [], position: LineCol { line: 13 } }, Scenario { keyword: "Scenario Outline", name: "foo", description: None, steps: [Step { keyword: "Given ", ty: Given, value: "foo is 3", docstring: None, table: Some(Table { rows: [["key", "value"], ["1", "3"], ["2", "4"]], position: LineCol { line: 5 } }), position: LineCol { line: 4 } }, Step { keyword: "When ", ty: When, value: "foo is 4", docstring: None, table: None, position: LineCol { line: 8 } }, Step { keyword: "Then ", ty: Then, value: "foo is 5", docstring: None, table: None, position: LineCol { line: 9 } }], examples: [Examples { keyword: "Examples", name: None, description: None, table: Some(Table { rows: [["bar1", "bar2", "bar3"], ["0", "1", "2"], ["3", "4", "5"]], position: LineCol { line: 12 } }), tags: [], position: LineCol { line: 11 } }], tags: [], position: LineCol { line: 14 } }], rules: [], tags: [], position: LineCol { line: 1 }, }, Finished)
Finished
