Started
Feature(Feature { keyword: "Feature", name: "Outline", description: None, background: None, scenarios: [Scenario { keyword: "Scenario Outline", name: "foo", description: None, steps: [Step { keyword: "Given ", ty: Given, value: "foo is 0", docstring: None, table: None, position: LineCol { line: 5 } }, Step { keyword: "When ", ty: When, value: "foo is 1", docstring: None, table: None, position: LineCol { line: 6 } }, Step { keyword: "Then ", ty: Then, value: "foo is 2", docstring: None, table: None, position: LineCol { line: 7 } }], examples: [Examples { keyword: "Examples", name: None, description: None, table: Some(Table { rows: [["bar1", "bar2", "bar3"], ["0", "1", "2"]], position: LineCol { line: 13 } }), tags: ["#examples()"], position: LineCol { line: 9 } }], tags: ["original", "merged.tag", "#examples()"], position: LineCol { line: 11 } }], rules: [], tags: [], position: LineCol { line: 1 }, }, Started)
Feature(Feature { keyword: "Feature", name: "Outline", description: None, background: None, scenarios: [Scenario { keyword: "Scenario Outline", name: "foo", description: None, steps: [Step { keyword: "Given ", ty: Given, value: "foo is 0", docstring: None, table: None, position: LineCol { line: 5 } }, Step { keyword: "When ", ty: When, value: "foo is 1", docstring: None, table: None, position: LineCol { line: 6 } }, Step { keyword: "Then ", ty: Then, value: "foo is 2", docstring: None, table: None, position: LineCol { line: 7 } }], examples: [Examples { keyword: "Examples", name: None, description: None, table: Some(Table { rows: [["bar1", "bar2", "bar3"], ["0", "1", "2"]], position: LineCol { line: 13 } }), tags: ["#examples()"], position: LineCol { line: 9 } }], tags: ["original", "merged.tag", "#examples()"], position: LineCol { line: 11 } }], rules: [], tags: [], position: LineCol { line: 1 }, }, Scenario(Scenario { keyword: "Scenario Outline", name: "foo", description: None, steps: [Step { keyword: "Given ", ty: Given, value: "foo is 0", docstring: None, table: None, position: LineCol { line: 5 } }, Step { keyword: "When ", ty: When, value: "foo is 1", docstring: None, table: None, position: LineCol { line: 6 } }, Step { keyword: "Then ", ty: Then, value: "foo is 2", docstring: None, table: None, position: LineCol { line: 7 } }], examples: [Examples { keyword: "Examples", name: None, description: None, table: Some(Table { rows: [["bar1", "bar2", "bar3"], ["0", "1", "2"]], position: LineCol { line: 13 } }), tags: ["#examples()"], position: LineCol { line: 9 } }], tags: ["original", "merged.tag", "#examples()"], position: LineCol { line: 11 } }, Started))
Feature(Feature { keyword: "Feature", name: "Outline", description: None, background: None, scenarios: [Scenario { keyword: "Scenario Outline", name: "foo", description: None, steps: [Step { keyword: "Given ", ty: Given, value: "foo is 0", docstring: None, table: None, position: LineCol { line: 5 } }, Step { keyword: "When ", ty: When, value: "foo is 1", docstring: None, table: None, position: LineCol { line: 6 } }, Step { keyword: "Then ", ty: Then, value: "foo is 2", docstring: None, table: None, position: LineCol { line: 7 } }], examples: [Examples { keyword: "Examples", name: None, description: None, table: Some(Table { rows: [["bar1", "bar2", "bar3"], ["0", "1", "2"]], position: LineCol { line: 13 } }), tags: ["#examples()"], position: LineCol { line: 9 } }], tags: ["original", "merged.tag", "#examples()"], position: LineCol { line: 11 } }], rules: [], tags: [], position: LineCol { line: 1 }, }, Scenario(Scenario { keyword: "Scenario Outline", name: "foo", description: None, steps: [Step { keyword: "Given ", ty: Given, value: "foo is 0", docstring: None, table: None, position: LineCol { line: 5 } }, Step { keyword: "When ", ty: When, value: "foo is 1", docstring: None, table: None, position: LineCol { line: 6 } }, Step { keyword: "Then ", ty: Then, value: "foo is 2", docstring: None, table: None, position: LineCol { line: 7 } }], examples: [Examples { keyword: "Examples", name: None, description: None, table: Some(Table { rows: [["bar1", "bar2", "bar3"], ["0", "1", "2"]], position: LineCol { line: 13 } }), tags: ["#examples()"], position: LineCol { line: 9 } }], tags: ["original", "merged.tag", "#examples()"], position: LineCol { line: 11 } }, Step(Step { keyword: "Given ", ty: Given, value: "foo is 0", docstring: None, table: None, position: LineCol { line: 5 } }, Started)))
Feature(Feature { keyword: "Feature", name: "Outline", description: None, background: None, scenarios: [Scenario { keyword: "Scenario Outline", name: "foo", description: None, steps: [Step { keyword: "Given ", ty: Given, value: "foo is 0", docstring: None, table: None, position: LineCol { line: 5 } }, Step { keyword: "When ", ty: When, value: "foo is 1", docstring: None, table: None, position: LineCol { line: 6 } }, Step { keyword: "Then ", ty: Then, value: "foo is 2", docstring: None, table: None, position: LineCol { line: 7 } }], examples: [Examples { keyword: "Examples", name: None, description: None, table: Some(Table { rows: [["bar1", "bar2", "bar3"], ["0", "1", "2"]], position: LineCol { line: 13 } }), tags: ["#examples()"], position: LineCol { line: 9 } }], tags: ["original", "merged.tag", "#examples()"], position: LineCol { line: 11 } }], rules: [], tags: [], position: LineCol { line: 1 }, }, Scenario(Scenario { keyword: "Scenario Outline", name: "foo", description: None, steps: [Step { keyword: "Given ", ty: Given, value: "foo is 0", docstring: None, table: None, position: LineCol { line: 5 } }, Step { keyword: "When ", ty: When, value: "foo is 1", docstring: None, table: None, position: LineCol { line: 6 } }, Step { keyword: "Then ", ty: Then, value: "foo is 2", docstring: None, table: None, position: LineCol { line: 7 } }], examples: [Examples { keyword: "Examples", name: None, description: None, table: Some(Table { rows: [["bar1", "bar2", "bar3"], ["0", "1", "2"]], position: LineCol { line: 13 } }), tags: ["#examples()"], position: LineCol { line: 9 } }], tags: ["original", "merged.tag", "#examples()"], position: LineCol { line: 11 } }, Step(Step { keyword: "Given ", ty: Given, value: "foo is 0", docstring: None, table: None, position: LineCol { line: 5 } }, Passed(CaptureLocations(Locations([Some(0), Some(8), Some(7), Some(8)]))))))
Feature(Feature { keyword: "Feature", name: "Outline", description: None, background: None, scenarios: [Scenario { keyword: "Scenario Outline", name: "foo", description: None, steps: [Step { keyword: "Given ", ty: Given, value: "foo is 0", docstring: None, table: None, position: LineCol { line: 5 } }, Step { keyword: "When ", ty: When, value: "foo is 1", docstring: None, table: None, position: LineCol { line: 6 } }, Step { keyword: "Then ", ty: Then, value: "foo is 2", docstring: None, table: None, position: LineCol { line: 7 } }], examples: [Examples { keyword: "Examples", name: None, description: None, table: Some(Table { rows: [["bar1", "bar2", "bar3"], ["0", "1", "2"]], position: LineCol { line: 13 } }), tags: ["#examples()"], position: LineCol { line: 9 } }], tags: ["original", "merged.tag", "#examples()"], position: LineCol { line: 11 } }], rules: [], tags: [], position: LineCol { line: 1 }, }, Scenario(Scenario { keyword: "Scenario Outline", name: "foo", description: None, steps: [Step { keyword: "Given ", ty: Given, value: "foo is 0", docstring: None, table: None, position: LineCol { line: 5 } }, Step { keyword: "When ", ty: When, value: "foo is 1", docstring: None, table: None, position: LineCol { line: 6 } }, Step { keyword: "Then ", ty: Then, value: "foo is 2", docstring: None, table: None, position: LineCol { line: 7 } }], examples: [Examples { keyword: "Examples", name: None, description: None, table: Some(Table { rows: [["bar1", "bar2", "bar3"], ["0", "1", "2"]], position: LineCol { line: 13 } }), tags: ["#examples()"], position: LineCol { line: 9 } }], tags: ["original", "merged.tag", "#examples()"], position: LineCol { line: 11 } }, Step(Step { keyword: "When ", ty: When, value: "foo is 1", docstring: None, table: None, position: LineCol { line: 6 } }, Started)))
Feature(Feature { keyword: "Feature", name: "Outline", description: None, background: None, scenarios: [Scenario { keyword: "Scenario Outline", name: "foo", description: None, steps: [Step { keyword: "Given ", ty: Given, value: "foo is 0", docstring: None, table: None, position: LineCol { line: 5 } }, Step { keyword: "When ", ty: When, value: "foo is 1", docstring: None, table: None, position: LineCol { line: 6 } }, Step { keyword: "Then ", ty: Then, value: "foo is 2", docstring: None, table: None, position: LineCol { line: 7 } }], examples: [Examples { keyword: "Examples", name: None, description: None, table: Some(Table { rows: [["bar1", "bar2", "bar3"], ["0", "1", "2"]], position: LineCol { line: 13 } }), tags: ["#examples()"], position: LineCol { line: 9 } }], tags: ["original", "merged.tag", "#examples()"], position: LineCol { line: 11 } }], rules: [], tags: [], position: LineCol { line: 1 }, }, Scenario(Scenario { keyword: "Scenario Outline", name: "foo", description: None, steps: [Step { keyword: "Given ", ty: Given, value: "foo is 0", docstring: None, table: None, position: LineCol { line: 5 } }, Step { keyword: "When ", ty: When, value: "foo is 1", docstring: None, table: None, position: LineCol { line: 6 } }, Step { keyword: "Then ", ty: Then, value: "foo is 2", docstring: None, table: None, position: LineCol { line: 7 } }], examples: [Examples { keyword: "Examples", name: None, description: None, table: Some(Table { rows: [["bar1", "bar2", "bar3"], ["0", "1", "2"]], position: LineCol { line: 13 } }), tags: ["#examples()"], position: LineCol { line: 9 } }], tags: ["original", "merged.tag", "#examples()"], position: LineCol { line: 11 } }, Step(Step { keyword: "When ", ty: When, value: "foo is 1", docstring: None, table: None, position: LineCol { line: 6 } }, Passed(CaptureLocations(Locations([Some(0), Some(8), Some(7), Some(8)]))))))
Feature(Feature { keyword: "Feature", name: "Outline", description: None, background: None, scenarios: [Scenario { keyword: "Scenario Outline", name: "foo", description: None, steps: [Step { keyword: "Given ", ty: Given, value: "foo is 0", docstring: None, table: None, position: LineCol { line: 5 } }, Step { keyword: "When ", ty: When, value: "foo is 1", docstring: None, table: None, position: LineCol { line: 6 } }, Step { keyword: "Then ", ty: Then, value: "foo is 2", docstring: None, table: None, position: LineCol { line: 7 } }], examples: [Examples { keyword: "Examples", name: None, description: None, table: Some(Table { rows: [["bar1", "bar2", "bar3"], ["0", "1", "2"]], position: LineCol { line: 13 } }), tags: ["#examples()"], position: LineCol { line: 9 } }], tags: ["original", "merged.tag", "#examples()"], position: LineCol { line: 11 } }], rules: [], tags: [], position: LineCol { line: 1 }, }, Scenario(Scenario { keyword: "Scenario Outline", name: "foo", description: None, steps: [Step { keyword: "Given ", ty: Given, value: "foo is 0", docstring: None, table: None, position: LineCol { line: 5 } }, Step { keyword: "When ", ty: When, value: "foo is 1", docstring: None, table: None, position: LineCol { line: 6 } }, Step { keyword: "Then ", ty: Then, value: "foo is 2", docstring: None, table: None, position: LineCol { line: 7 } }], examples: [Examples { keyword: "Examples", name: None, description: None, table: Some(Table { rows: [["bar1", "bar2", "bar3"], ["0", "1", "2"]], position: LineCol { line: 13 } }), tags: ["#examples()"], position: LineCol { line: 9 } }], tags: ["original", "merged.tag", "#examples()"], position: LineCol { line: 11 } }, Step(Step { keyword: "Then ", ty: Then, value: "foo is 2", docstring: None, table: None, position: LineCol { line: 7 } }, Started)))
Feature(Feature { keyword: "Feature", name: "Outline", description: None, background: None, scenarios: [Scenario { keyword: "Scenario Outline", name: "foo", description: None, steps: [Step { keyword: "Given ", ty: Given, value: "foo is 0", docstring: None, table: None, position: LineCol { line: 5 } }, Step { keyword: "When ", ty: When, value: "foo is 1", docstring: None, table: None, position: LineCol { line: 6 } }, Step { keyword: "Then ", ty: Then, value: "foo is 2", docstring: None, table: None, position: LineCol { line: 7 } }], examples: [Examples { keyword: "Examples", name: None, description: None, table: Some(Table { rows: [["bar1", "bar2", "bar3"], ["0", "1", "2"]], position: LineCol { line: 13 } }), tags: ["#examples()"], position: LineCol { line: 9 } }], tags: ["original", "merged.tag", "#examples()"], position: LineCol { line: 11 } }], rules: [], tags: [], position: LineCol { line: 1 }, }, Scenario(Scenario { keyword: "Scenario Outline", name: "foo", description: None, steps: [Step { keyword: "Given ", ty: Given, value: "foo is 0", docstring: None, table: None, position: LineCol { line: 5 } }, Step { keyword: "When ", ty: When, value: "foo is 1", docstring: None, table: None, position: LineCol { line: 6 } }, Step { keyword: "Then ", ty: Then, value: "foo is 2", docstring: None, table: None, position: LineCol { line: 7 } }], examples: [Examples { keyword: "Examples", name: None, description: None, table: Some(Table { rows: [["bar1", "bar2", "bar3"], ["0", "1", "2"]], position: LineCol { line: 13 } }), tags: ["#examples()"], position: LineCol { line: 9 } }], tags: ["original", "merged.tag", "#examples()"], position: LineCol { line: 11 } }, Step(Step { keyword: "Then ", ty: Then, value: "foo is 2", docstring: None, table: None, position: LineCol { line: 7 } }, Passed(CaptureLocations(Locations([Some(0), Some(8), Some(7), Some(8)]))))))
Feature(Feature { keyword: "Feature", name: "Outline", description: None, background: None, scenarios: [Scenario { keyword: "Scenario Outline", name: "foo", description: None, steps: [Step { keyword: "Given ", ty: Given, value: "foo is 0", docstring: None, table: None, position: LineCol { line: 5 } }, Step { keyword: "When ", ty: When, value: "foo is 1", docstring: None, table: None, position: LineCol { line: 6 } }, Step { keyword: "Then ", ty: Then, value: "foo is 2", docstring: None, table: None, position: LineCol { line: 7 } }], examples: [Examples { keyword: "Examples", name: None, description: None, table: Some(Table { rows: [["bar1", "bar2", "bar3"], ["0", "1", "2"]], position: LineCol { line: 13 } }), tags: ["#examples()"], position: LineCol { line: 9 } }], tags: ["original", "merged.tag", "#examples()"], position: LineCol { line: 11 } }], rules: [], tags: [], position: LineCol { line: 1 }, }, Scenario(Scenario { keyword: "Scenario Outline", name: "foo", description: None, steps: [Step { keyword: "Given ", ty: Given, value: "foo is 0", docstring: None, table: None, position: LineCol { line: 5 } }, Step { keyword: "When ", ty: When, value: "foo is 1", docstring: None, table: None, position: LineCol { line: 6 } }, Step { keyword: "Then ", ty: Then, value: "foo is 2", docstring: None, table: None, position: LineCol { line: 7 } }], examples: [Examples { keyword: "Examples", name: None, description: None, table: Some(Table { rows: [["bar1", "bar2", "bar3"], ["0", "1", "2"]], position: LineCol { line: 13 } }), tags: ["#examples()"], position: LineCol { line: 9 } }], tags: ["original", "merged.tag", "#examples()"], position: LineCol { line: 11 } }, Finished))
Feature(Feature { keyword: "Feature", name: "Outline", description: None, background: None, scenarios: [Scenario { keyword: "Scenario Outline", name: "foo", description: None, steps: [Step { keyword: "Given ", ty: Given, value: "foo is 0", docstring: None, table: None, position: LineCol { line: 5 } }, Step { keyword: "When ", ty: When, value: "foo is 1", docstring: None, table: None, position: LineCol { line: 6 } }, Step { keyword: "Then ", ty: Then, value: "foo is 2", docstring: None, table: None, position: LineCol { line: 7 } }], examples: [Examples { keyword: "Examples", name: None, description: None, table: Some(Table { rows: [["bar1", "bar2", "bar3"], ["0", "1", "2"]], position: LineCol { line: 13 } }), tags: ["#examples()"], position: LineCol { line: 9 } }], tags: ["original", "merged.tag", "#examples()"], position: LineCol { line: 11 } }], rules: [], tags: [], position: LineCol { line: 1 }, }, Finished)
Finished
