ParsingFinished { features: 1, rules: 0, scenarios: 1, steps: 3, parser_errors: 0 }
Started
Feature(Feature { keyword: "Feature", name: "Outline", description: None, background: None, scenarios: [Scenario { keyword: "Scenario Outline", name: "foo", description: None, steps: [Step { keyword: "Given ", ty: Given, value: "foo is 0", docstring: None, table: None, position: LineCol { line: 5 } }, Step { keyword: "When ", ty: When, value: "foo is 1", docstring: None, table: None, position: LineCol { line: 6 } }, Step { keyword: "Then ", ty: Then, value: "foo is 2", docstring: None, table: None, position: LineCol { line: 7 } }], examples: [Examples { keyword: "Examples", name: None, description: None, table: Some(Table { rows: [["bar1", "bar2", "bar3"], ["0", "1", "2"]], position: LineCol { line: 13 } }), tags: ["#examples()"], position: LineCol { line: 12 } }], tags: ["original", "merged.tag", "#examples()"], position: LineCol { line: 14 } }], rules: [], tags: [], position: LineCol { line: 1 }, }, Started)
Feature(Feature { keyword: "Feature", name: "Outline", description: None, background: None, scenarios: [Scenario { keyword: "Scenario Outline", name: "foo", description: None, steps: [Step { keyword: "Given ", ty: Given, value: "foo is 0", docstring: None, table: None, position: LineCol { line: 5 } }, Step { keyword: "When ", ty: When, value: "foo is 1", docstring: None, table: None, position: LineCol { line: 6 } }, Step { keyword: "Then ", ty: Then, value: "foo is 2", docstring: None, table: None, position: LineCol { line: 7 } }], examples: [Examples { keyword: "Examples", name: None, description: None, table: Some(Table { rows: [["bar1", "bar2", "bar3"], ["0", "1", "2"]], position: LineCol { line: 13 } }), tags: ["#examples()"], position: LineCol { line: 12 } }], tags: ["original", "merged.tag", "#examples()"], position: LineCol { line: 14 } }], rules: [], tags: [], position: LineCol { line: 1 }, }, Scenario(Scenario { keyword: "Scenario Outline", name: "foo", description: None, steps: [Step { keyword: "Given ", ty: Given, value: "foo is 0", docstring: None, table: None, position: LineCol { line: 5 } }, Step { keyword: "When ", ty: When, value: "foo is 1", docstring: None, table: None, position: LineCol { line: 6 } }, Step { keyword: "Then ", ty: Then, value: "foo is 2", docstring: None, table: None, position: LineCol { line: 7 } }], examples: [Examples { keyword: "Examples", name: None, description: None, table: Some(Table { rows: [["bar1", "bar2", "bar3"], ["0", "1", "2"]], position: LineCol { line: 13 } }), tags: ["#examples()"], position: LineCol { line: 12 } }], tags: ["original", "merged.tag", "#examples()"], position: LineCol { line: 14 } }, RetryableScenario { event: Started, retries: None }))
Feature(Feature { keyword: "Feature", name: "Outline", description: None, background: None, scenarios: [Scenario { keyword: "Scenario Outline", name: "foo", description: None, steps: [Step { keyword: "Given ", ty: Given, value: "foo is 0", docstring: None, table: None, position: LineCol { line: 5 } }, Step { keyword: "When ", ty: When, value: "foo is 1", docstring: None, table: None, position: LineCol { line: 6 } }, Step { keyword: "Then ", ty: Then, value: "foo is 2", docstring: None, table: None, position: LineCol { line: 7 } }], examples: [Examples { keyword: "Examples", name: None, description: None, table: Some(Table { rows: [["bar1", "bar2", "bar3"], ["0", "1", "2"]], position: LineCol { line: 13 } }), tags: ["#examples()"], position: LineCol { line: 12 } }], tags: ["original", "merged.tag", "#examples()"], position: LineCol { line: 14 } }], rules: [], tags: [], position: LineCol { line: 1 }, }, Scenario(Scenario { keyword: "Scenario Outline", name: "foo", description: None, steps: [Step { keyword: "Given ", ty: Given, value: "foo is 0", docstring: None, table: None, position: LineCol { line: 5 } }, Step { keyword: "When ", ty: When, value: "foo is 1", docstring: None, table: None, position: LineCol { line: 6 } }, Step { keyword: "Then ", ty: Then, value: "foo is 2", docstring: None, table: None, position: LineCol { line: 7 } }], examples: [Examples { keyword: "Examples", name: None, description: None, table: Some(Table { rows: [["bar1", "bar2", "bar3"], ["0", "1", "2"]], position: LineCol { line: 13 } }), tags: ["#examples()"], position: LineCol { line: 12 } }], tags: ["original", "merged.tag", "#examples()"], position: LineCol { line: 14 } }, RetryableScenario { event: Step(Step { keyword: "Given ", ty: Given, value: "foo is 0", docstring: None, table: None, position: LineCol { line: 5 } }, Started), retries: None }))
Feature(Feature { keyword: "Feature", name: "Outline", description: None, background: None, scenarios: [Scenario { keyword: "Scenario Outline", name: "foo", description: None, steps: [Step { keyword: "Given ", ty: Given, value: "foo is 0", docstring: None, table: None, position: LineCol { line: 5 } }, Step { keyword: "When ", ty: When, value: "foo is 1", docstring: None, table: None, position: LineCol { line: 6 } }, Step { keyword: "Then ", ty: Then, value: "foo is 2", docstring: None, table: None, position: LineCol { line: 7 } }], examples: [Examples { keyword: "Examples", name: None, description: None, table: Some(Table { rows: [["bar1", "bar2", "bar3"], ["0", "1", "2"]], position: LineCol { line: 13 } }), tags: ["#examples()"], position: LineCol { line: 12 } }], tags: ["original", "merged.tag", "#examples()"], position: LineCol { line: 14 } }], rules: [], tags: [], position: LineCol { line: 1 }, }, Scenario(Scenario { keyword: "Scenario Outline", name: "foo", description: None, steps: [Step { keyword: "Given ", ty: Given, value: "foo is 0", docstring: None, table: None, position: LineCol { line: 5 } }, Step { keyword: "When ", ty: When, value: "foo is 1", docstring: None, table: None, position: LineCol { line: 6 } }, Step { keyword: "Then ", ty: Then, value: "foo is 2", docstring: None, table: None, position: LineCol { line: 7 } }], examples: [Examples { keyword: "Examples", name: None, description: None, table: Some(Table { rows: [["bar1", "bar2", "bar3"], ["0", "1", "2"]], position: LineCol { line: 13 } }), tags: ["#examples()"], position: LineCol { line: 12 } }], tags: ["original", "merged.tag", "#examples()"], position: LineCol { line: 14 } }, RetryableScenario { event: Step(Step { keyword: "Given ", ty: Given, value: "foo is 0", docstring: None, table: None, position: LineCol { line: 5 } }, Passed(CaptureLocations(Captures { pid: Some(PatternID(0)), spans: {0: 0..8, 1: 7..8} }), Some(Location { line: 11, column: 1 }))), retries: None }))
Feature(Feature { keyword: "Feature", name: "Outline", description: None, background: None, scenarios: [Scenario { keyword: "Scenario Outline", name: "foo", description: None, steps: [Step { keyword: "Given ", ty: Given, value: "foo is 0", docstring: None, table: None, position: LineCol { line: 5 } }, Step { keyword: "When ", ty: When, value: "foo is 1", docstring: None, table: None, position: LineCol { line: 6 } }, Step { keyword: "Then ", ty: Then, value: "foo is 2", docstring: None, table: None, position: LineCol { line: 7 } }], examples: [Examples { keyword: "Examples", name: None, description: None, table: Some(Table { rows: [["bar1", "bar2", "bar3"], ["0", "1", "2"]], position: LineCol { line: 13 } }), tags: ["#examples()"], position: LineCol { line: 12 } }], tags: ["original", "merged.tag", "#examples()"], position: LineCol { line: 14 } }], rules: [], tags: [], position: LineCol { line: 1 }, }, Scenario(Scenario { keyword: "Scenario Outline", name: "foo", description: None, steps: [Step { keyword: "Given ", ty: Given, value: "foo is 0", docstring: None, table: None, position: LineCol { line: 5 } }, Step { keyword: "When ", ty: When, value: "foo is 1", docstring: None, table: None, position: LineCol { line: 6 } }, Step { keyword: "Then ", ty: Then, value: "foo is 2", docstring: None, table: None, position: LineCol { line: 7 } }], examples: [Examples { keyword: "Examples", name: None, description: None, table: Some(Table { rows: [["bar1", "bar2", "bar3"], ["0", "1", "2"]], position: LineCol { line: 13 } }), tags: ["#examples()"], position: LineCol { line: 12 } }], tags: ["original", "merged.tag", "#examples()"], position: LineCol { line: 14 } }, RetryableScenario { event: Step(Step { keyword: "When ", ty: When, value: "foo is 1", docstring: None, table: None, position: LineCol { line: 6 } }, Started), retries: None }))
Feature(Feature { keyword: "Feature", name: "Outline", description: None, background: None, scenarios: [Scenario { keyword: "Scenario Outline", name: "foo", description: None, steps: [Step { keyword: "Given ", ty: Given, value: "foo is 0", docstring: None, table: None, position: LineCol { line: 5 } }, Step { keyword: "When ", ty: When, value: "foo is 1", docstring: None, table: None, position: LineCol { line: 6 } }, Step { keyword: "Then ", ty: Then, value: "foo is 2", docstring: None, table: None, position: LineCol { line: 7 } }], examples: [Examples { keyword: "Examples", name: None, description: None, table: Some(Table { rows: [["bar1", "bar2", "bar3"], ["0", "1", "2"]], position: LineCol { line: 13 } }), tags: ["#examples()"], position: LineCol { line: 12 } }], tags: ["original", "merged.tag", "#examples()"], position: LineCol { line: 14 } }], rules: [], tags: [], position: LineCol { line: 1 }, }, Scenario(Scenario { keyword: "Scenario Outline", name: "foo", description: None, steps: [Step { keyword: "Given ", ty: Given, value: "foo is 0", docstring: None, table: None, position: LineCol { line: 5 } }, Step { keyword: "When ", ty: When, value: "foo is 1", docstring: None, table: None, position: LineCol { line: 6 } }, Step { keyword: "Then ", ty: Then, value: "foo is 2", docstring: None, table: None, position: LineCol { line: 7 } }], examples: [Examples { keyword: "Examples", name: None, description: None, table: Some(Table { rows: [["bar1", "bar2", "bar3"], ["0", "1", "2"]], position: LineCol { line: 13 } }), tags: ["#examples()"], position: LineCol { line: 12 } }], tags: ["original", "merged.tag", "#examples()"], position: LineCol { line: 14 } }, RetryableScenario { event: Step(Step { keyword: "When ", ty: When, value: "foo is 1", docstring: None, table: None, position: LineCol { line: 6 } }, Passed(CaptureLocations(Captures { pid: Some(PatternID(0)), spans: {0: 0..8, 1: 7..8} }), Some(Location { line: 12, column: 1 }))), retries: None }))
Feature(Feature { keyword: "Feature", name: "Outline", description: None, background: None, scenarios: [Scenario { keyword: "Scenario Outline", name: "foo", description: None, steps: [Step { keyword: "Given ", ty: Given, value: "foo is 0", docstring: None, table: None, position: LineCol { line: 5 } }, Step { keyword: "When ", ty: When, value: "foo is 1", docstring: None, table: None, position: LineCol { line: 6 } }, Step { keyword: "Then ", ty: Then, value: "foo is 2", docstring: None, table: None, position: LineCol { line: 7 } }], examples: [Examples { keyword: "Examples", name: None, description: None, table: Some(Table { rows: [["bar1", "bar2", "bar3"], ["0", "1", "2"]], position: LineCol { line: 13 } }), tags: ["#examples()"], position: LineCol { line: 12 } }], tags: ["original", "merged.tag", "#examples()"], position: LineCol { line: 14 } }], rules: [], tags: [], position: LineCol { line: 1 }, }, Scenario(Scenario { keyword: "Scenario Outline", name: "foo", description: None, steps: [Step { keyword: "Given ", ty: Given, value: "foo is 0", docstring: None, table: None, position: LineCol { line: 5 } }, Step { keyword: "When ", ty: When, value: "foo is 1", docstring: None, table: None, position: LineCol { line: 6 } }, Step { keyword: "Then ", ty: Then, value: "foo is 2", docstring: None, table: None, position: LineCol { line: 7 } }], examples: [Examples { keyword: "Examples", name: None, description: None, table: Some(Table { rows: [["bar1", "bar2", "bar3"], ["0", "1", "2"]], position: LineCol { line: 13 } }), tags: ["#examples()"], position: LineCol { line: 12 } }], tags: ["original", "merged.tag", "#examples()"], position: LineCol { line: 14 } }, RetryableScenario { event: Step(Step { keyword: "Then ", ty: Then, value: "foo is 2", docstring: None, table: None, position: LineCol { line: 7 } }, Started), retries: None }))
Feature(Feature { keyword: "Feature", name: "Outline", description: None, background: None, scenarios: [Scenario { keyword: "Scenario Outline", name: "foo", description: None, steps: [Step { keyword: "Given ", ty: Given, value: "foo is 0", docstring: None, table: None, position: LineCol { line: 5 } }, Step { keyword: "When ", ty: When, value: "foo is 1", docstring: None, table: None, position: LineCol { line: 6 } }, Step { keyword: "Then ", ty: Then, value: "foo is 2", docstring: None, table: None, position: LineCol { line: 7 } }], examples: [Examples { keyword: "Examples", name: None, description: None, table: Some(Table { rows: [["bar1", "bar2", "bar3"], ["0", "1", "2"]], position: LineCol { line: 13 } }), tags: ["#examples()"], position: LineCol { line: 12 } }], tags: ["original", "merged.tag", "#examples()"], position: LineCol { line: 14 } }], rules: [], tags: [], position: LineCol { line: 1 }, }, Scenario(Scenario { keyword: "Scenario Outline", name: "foo", description: None, steps: [Step { keyword: "Given ", ty: Given, value: "foo is 0", docstring: None, table: None, position: LineCol { line: 5 } }, Step { keyword: "When ", ty: When, value: "foo is 1", docstring: None, table: None, position: LineCol { line: 6 } }, Step { keyword: "Then ", ty: Then, value: "foo is 2", docstring: None, table: None, position: LineCol { line: 7 } }], examples: [Examples { keyword: "Examples", name: None, description: None, table: Some(Table { rows: [["bar1", "bar2", "bar3"], ["0", "1", "2"]], position: LineCol { line: 13 } }), tags: ["#examples()"], position: LineCol { line: 12 } }], tags: ["original", "merged.tag", "#examples()"], position: LineCol { line: 14 } }, RetryableScenario { event: Step(Step { keyword: "Then ", ty: Then, value: "foo is 2", docstring: None, table: None, position: LineCol { line: 7 } }, Passed(CaptureLocations(Captures { pid: Some(PatternID(0)), spans: {0: 0..8, 1: 7..8} }), Some(Location { line: 13, column: 1 }))), retries: None }))
Feature(Feature { keyword: "Feature", name: "Outline", description: None, background: None, scenarios: [Scenario { keyword: "Scenario Outline", name: "foo", description: None, steps: [Step { keyword: "Given ", ty: Given, value: "foo is 0", docstring: None, table: None, position: LineCol { line: 5 } }, Step { keyword: "When ", ty: When, value: "foo is 1", docstring: None, table: None, position: LineCol { line: 6 } }, Step { keyword: "Then ", ty: Then, value: "foo is 2", docstring: None, table: None, position: LineCol { line: 7 } }], examples: [Examples { keyword: "Examples", name: None, description: None, table: Some(Table { rows: [["bar1", "bar2", "bar3"], ["0", "1", "2"]], position: LineCol { line: 13 } }), tags: ["#examples()"], position: LineCol { line: 12 } }], tags: ["original", "merged.tag", "#examples()"], position: LineCol { line: 14 } }], rules: [], tags: [], position: LineCol { line: 1 }, }, Scenario(Scenario { keyword: "Scenario Outline", name: "foo", description: None, steps: [Step { keyword: "Given ", ty: Given, value: "foo is 0", docstring: None, table: None, position: LineCol { line: 5 } }, Step { keyword: "When ", ty: When, value: "foo is 1", docstring: None, table: None, position: LineCol { line: 6 } }, Step { keyword: "Then ", ty: Then, value: "foo is 2", docstring: None, table: None, position: LineCol { line: 7 } }], examples: [Examples { keyword: "Examples", name: None, description: None, table: Some(Table { rows: [["bar1", "bar2", "bar3"], ["0", "1", "2"]], position: LineCol { line: 13 } }), tags: ["#examples()"], position: LineCol { line: 12 } }], tags: ["original", "merged.tag", "#examples()"], position: LineCol { line: 14 } }, RetryableScenario { event: Finished, retries: None }))
Feature(Feature { keyword: "Feature", name: "Outline", description: None, background: None, scenarios: [Scenario { keyword: "Scenario Outline", name: "foo", description: None, steps: [Step { keyword: "Given ", ty: Given, value: "foo is 0", docstring: None, table: None, position: LineCol { line: 5 } }, Step { keyword: "When ", ty: When, value: "foo is 1", docstring: None, table: None, position: LineCol { line: 6 } }, Step { keyword: "Then ", ty: Then, value: "foo is 2", docstring: None, table: None, position: LineCol { line: 7 } }], examples: [Examples { keyword: "Examples", name: None, description: None, table: Some(Table { rows: [["bar1", "bar2", "bar3"], ["0", "1", "2"]], position: LineCol { line: 13 } }), tags: ["#examples()"], position: LineCol { line: 12 } }], tags: ["original", "merged.tag", "#examples()"], position: LineCol { line: 14 } }], rules: [], tags: [], position: LineCol { line: 1 }, }, Finished)
Finished
